Archive member included to satisfy reference by file (symbol)

./mbed/TARGET_LPC1768/TOOLCHAIN_GCC_ARM/libmbed.a(pwmout_api.o)
                              Servo/Servo.o (pwmout_init)
./mbed/TARGET_LPC1768/TOOLCHAIN_GCC_ARM/libmbed.a(serial_api.o)
                              mbed/TARGET_LPC1768/TOOLCHAIN_GCC_ARM/retarget.o (serial_getc)
./mbed/TARGET_LPC1768/TOOLCHAIN_GCC_ARM/libmbed.a(I2C.o)
                              MMA8452/MMA8452.o (mbed::I2C::I2C(PinName, PinName))
./mbed/TARGET_LPC1768/TOOLCHAIN_GCC_ARM/libmbed.a(FileSystemLike.o)
                              mbed/TARGET_LPC1768/TOOLCHAIN_GCC_ARM/retarget.o (mbed::FileSystemLike::opendir())
./mbed/TARGET_LPC1768/TOOLCHAIN_GCC_ARM/libmbed.a(FilePath.o)
                              mbed/TARGET_LPC1768/TOOLCHAIN_GCC_ARM/retarget.o (mbed::FilePath::FilePath(char const*))
./mbed/TARGET_LPC1768/TOOLCHAIN_GCC_ARM/libmbed.a(FileBase.o)
                              ./mbed/TARGET_LPC1768/TOOLCHAIN_GCC_ARM/libmbed.a(FileSystemLike.o) (mbed::FileBase::~FileBase())
./mbed/TARGET_LPC1768/TOOLCHAIN_GCC_ARM/libmbed.a(Timer.o)
                              main.o (mbed::Timer::Timer())
./mbed/TARGET_LPC1768/TOOLCHAIN_GCC_ARM/libmbed.a(Serial.o)
                              main.o (mbed::Serial::Serial(PinName, PinName, char const*))
./mbed/TARGET_LPC1768/TOOLCHAIN_GCC_ARM/libmbed.a(Stream.o)
                              4DGL-uLCD-SE/uLCD_4DGL_main.o (mbed::Stream::close())
./mbed/TARGET_LPC1768/TOOLCHAIN_GCC_ARM/libmbed.a(SerialBase.o)
                              ./mbed/TARGET_LPC1768/TOOLCHAIN_GCC_ARM/libmbed.a(Serial.o) (mbed::SerialBase::SerialBase(PinName, PinName))
./mbed/TARGET_LPC1768/TOOLCHAIN_GCC_ARM/libmbed.a(assert.o)
                              mbed/TARGET_LPC1768/TOOLCHAIN_GCC_ARM/board.o (mbed_assert_internal)
./mbed/TARGET_LPC1768/TOOLCHAIN_GCC_ARM/libmbed.a(error.o)
                              mbed/TARGET_LPC1768/TOOLCHAIN_GCC_ARM/retarget.o (error)
./mbed/TARGET_LPC1768/TOOLCHAIN_GCC_ARM/libmbed.a(gpio.o)
                              ./mbed/TARGET_LPC1768/TOOLCHAIN_GCC_ARM/libmbed.a(serial_api.o) (gpio_init_in)
./mbed/TARGET_LPC1768/TOOLCHAIN_GCC_ARM/libmbed.a(mbed_interface.o)
                              mbed/TARGET_LPC1768/TOOLCHAIN_GCC_ARM/retarget.o (mbed_interface_connected)
./mbed/TARGET_LPC1768/TOOLCHAIN_GCC_ARM/libmbed.a(pinmap_common.o)
                              ./mbed/TARGET_LPC1768/TOOLCHAIN_GCC_ARM/libmbed.a(pwmout_api.o) (pinmap_pinout)
./mbed/TARGET_LPC1768/TOOLCHAIN_GCC_ARM/libmbed.a(semihost_api.o)
                              mbed/TARGET_LPC1768/TOOLCHAIN_GCC_ARM/retarget.o (semihost_exit)
./mbed/TARGET_LPC1768/TOOLCHAIN_GCC_ARM/libmbed.a(ticker_api.o)
                              ./mbed/TARGET_LPC1768/TOOLCHAIN_GCC_ARM/libmbed.a(Timer.o) (ticker_read)
./mbed/TARGET_LPC1768/TOOLCHAIN_GCC_ARM/libmbed.a(us_ticker_api.o)
                              ./mbed/TARGET_LPC1768/TOOLCHAIN_GCC_ARM/libmbed.a(Timer.o) (get_us_ticker_data)
./mbed/TARGET_LPC1768/TOOLCHAIN_GCC_ARM/libmbed.a(wait_api.o)
                              4DGL-uLCD-SE/uLCD_4DGL_main.o (wait_us)
./mbed/TARGET_LPC1768/TOOLCHAIN_GCC_ARM/libmbed.a(gpio_api.o)
                              ./mbed/TARGET_LPC1768/TOOLCHAIN_GCC_ARM/libmbed.a(gpio.o) (gpio_init)
./mbed/TARGET_LPC1768/TOOLCHAIN_GCC_ARM/libmbed.a(i2c_api.o)
                              ./mbed/TARGET_LPC1768/TOOLCHAIN_GCC_ARM/libmbed.a(I2C.o) (i2c_init)
./mbed/TARGET_LPC1768/TOOLCHAIN_GCC_ARM/libmbed.a(pinmap.o)
                              ./mbed/TARGET_LPC1768/TOOLCHAIN_GCC_ARM/libmbed.a(pinmap_common.o) (pin_function)
./mbed/TARGET_LPC1768/TOOLCHAIN_GCC_ARM/libmbed.a(us_ticker.o)
                              ./mbed/TARGET_LPC1768/TOOLCHAIN_GCC_ARM/libmbed.a(us_ticker_api.o) (us_ticker_init)
./mbed/TARGET_LPC1768/TOOLCHAIN_GCC_ARM/libmbed.a(FileLike.o)
                              ./mbed/TARGET_LPC1768/TOOLCHAIN_GCC_ARM/libmbed.a(Stream.o) (mbed::FileLike::FileLike(char const*))
/usr/local/gcc_arm/bin/../lib/gcc/arm-none-eabi/5.2.1/../../../../arm-none-eabi/lib/armv7-m/libstdc++_nano.a(atexit_arm.o)
                              main.o (__aeabi_atexit)
/usr/local/gcc_arm/bin/../lib/gcc/arm-none-eabi/5.2.1/../../../../arm-none-eabi/lib/armv7-m/libstdc++_nano.a(del_op.o)
                              main.o (operator delete(void*))
/usr/local/gcc_arm/bin/../lib/gcc/arm-none-eabi/5.2.1/../../../../arm-none-eabi/lib/armv7-m/libstdc++_nano.a(new_op.o)
                              ./mbed/TARGET_LPC1768/TOOLCHAIN_GCC_ARM/libmbed.a(FileSystemLike.o) (operator new(unsigned int))
/usr/local/gcc_arm/bin/../lib/gcc/arm-none-eabi/5.2.1/../../../../arm-none-eabi/lib/armv7-m/libstdc++_nano.a(new_opv.o)
                              main.o (operator new[](unsigned int))
/usr/local/gcc_arm/bin/../lib/gcc/arm-none-eabi/5.2.1/../../../../arm-none-eabi/lib/armv7-m/libstdc++_nano.a(new_handler.o)
[...]
Memory Configuration

Name             Origin             Length             Attributes
FLASH            0x0000000000000000 0x0000000000080000 xr
RAM              0x00000000100000c8 0x0000000000007f38 xrw
USB_RAM          0x000000002007c000 0x0000000000004000 xrw
ETH_RAM          0x0000000020080000 0x0000000000004000 xrw
*default*        0x0000000000000000 0xffffffffffffffff

Linker script and memory map

LOAD /usr/local/gcc_arm/bin/../lib/gcc/arm-none-eabi/5.2.1/armv7-m/crti.o
LOAD /usr/local/gcc_arm/bin/../lib/gcc/arm-none-eabi/5.2.1/armv7-m/crtbegin.o
LOAD /usr/local/gcc_arm/bin/../lib/gcc/arm-none-eabi/5.2.1/../../../../arm-none-eabi/lib/armv7-m/crt0.o
LOAD main.o
LOAD MMA8452/MMA8452.o
LOAD 4DGL-uLCD-SE/uLCD_4DGL_main.o
LOAD 4DGL-uLCD-SE/uLCD_4DGL_Media.o
LOAD 4DGL-uLCD-SE/uLCD_4DGL_Text.o
LOAD 4DGL-uLCD-SE/uLCD_4DGL_Graphics.o
LOAD Servo/Servo.o
LOAD mbed/TARGET_LPC1768/TOOLCHAIN_GCC_ARM/board.o
LOAD mbed/TARGET_LPC1768/TOOLCHAIN_GCC_ARM/cmsis_nvic.o
LOAD mbed/TARGET_LPC1768/TOOLCHAIN_GCC_ARM/retarget.o
LOAD mbed/TARGET_LPC1768/TOOLCHAIN_GCC_ARM/startup_LPC17xx.o
LOAD mbed/TARGET_LPC1768/TOOLCHAIN_GCC_ARM/system_LPC17xx.o
LOAD ./mbed/TARGET_LPC1768/TOOLCHAIN_GCC_ARM/libmbed.a
LOAD /usr/local/gcc_arm/bin/../lib/gcc/arm-none-eabi/5.2.1/../../../../arm-none-eabi/lib/armv7-m/libstdc++_nano.a
LOAD /usr/local/gcc_arm/bin/../lib/gcc/arm-none-eabi/5.2.1/../../../../arm-none-eabi/lib/armv7-m/libsupc++_nano.a
LOAD /usr/local/gcc_arm/bin/../lib/gcc/arm-none-eabi/5.2.1/../../../../arm-none-eabi/lib/armv7-m/libm.a
LOAD /usr/local/gcc_arm/bin/../lib/gcc/arm-none-eabi/5.2.1/../../../../arm-none-eabi/lib/armv7-m/libc_nano.a
LOAD /usr/local/gcc_arm/bin/../lib/gcc/arm-none-eabi/5.2.1/armv7-m/libgcc.a
LOAD /usr/local/gcc_arm/bin/../lib/gcc/arm-none-eabi/5.2.1/../../../../arm-none-eabi/lib/armv7-m/libnosys.a
LOAD ./mbed/TARGET_LPC1768/TOOLCHAIN_GCC_ARM/libmbed.a
LOAD /usr/local/gcc_arm/bin/../lib/gcc/arm-none-eabi/5.2.1/../../../../arm-none-eabi/lib/armv7-m/libstdc++_nano.a
LOAD /usr/local/gcc_arm/bin/../lib/gcc/arm-none-eabi/5.2.1/../../../../arm-none-eabi/lib/armv7-m/libsupc++_nano.a
LOAD /usr/local/gcc_arm/bin/../lib/gcc/arm-none-eabi/5.2.1/../../../../arm-none-eabi/lib/armv7-m/libm.a
LOAD /usr/local/gcc_arm/bin/../lib/gcc/arm-none-eabi/5.2.1/../../../../arm-none-eabi/lib/armv7-m/libc_nano.a
LOAD /usr/local/gcc_arm/bin/../lib/gcc/arm-none-eabi/5.2.1/armv7-m/libgcc.a
LOAD /usr/local/gcc_arm/bin/../lib/gcc/arm-none-eabi/5.2.1/../../../../arm-none-eabi/lib/armv7-m/libnosys.a
START GROUP
LOAD /usr/local/gcc_arm/bin/../lib/gcc/arm-none-eabi/5.2.1/armv7-m/libgcc.a
LOAD /usr/local/gcc_arm/bin/../lib/gcc/arm-none-eabi/5.2.1/../../../../arm-none-eabi/lib/armv7-m/libc_nano.a
END GROUP
START GROUP
LOAD /usr/local/gcc_arm/bin/../lib/gcc/arm-none-eabi/5.2.1/armv7-m/libgcc.a
LOAD /usr/local/gcc_arm/bin/../lib/gcc/arm-none-eabi/5.2.1/../../../../arm-none-eabi/lib/armv7-m/libc_nano.a
END GROUP
LOAD /usr/local/gcc_arm/bin/../lib/gcc/arm-none-eabi/5.2.1/armv7-m/crtend.o
LOAD /usr/local/gcc_arm/bin/../lib/gcc/arm-none-eabi/5.2.1/armv7-m/crtn.o

.text           0x0000000000000000     0x92c4
 *(.isr_vector)
 .isr_vector    0x0000000000000000       0xcc mbed/TARGET_LPC1768/TOOLCHAIN_GCC_ARM/startup_LPC17xx.o
                0x0000000000000000                __isr_vector
 *(.text*)
 .text          0x00000000000000cc       0xa4 /usr/local/gcc_arm/bin/../lib/gcc/arm-none-eabi/5.2.1/armv7-m/crtbegin.o
 .text          0x0000000000000170       0x74 /usr/local/gcc_arm/bin/../lib/gcc/arm-none-eabi/5.2.1/../../../../arm-none-eabi/lib/armv7-m/crt0.o
                0x0000000000000170                _mainCRTStartup
                0x0000000000000170                _start
 .text._ZN4mbed10SerialBaseD2Ev
                0x00000000000001e4        0x2 main.o
                0x00000000000001e4                mbed::SerialBase::~SerialBase()
                0x00000000000001e4                mbed::SerialBase::~SerialBase()
 *fill*         0x00000000000001e6        0x2 
 .text._ZN4mbed6SerialD2Ev
                0x00000000000001e8       0x30 main.o
                0x00000000000001e8                mbed::Serial::~Serial()
                0x00000000000001e8                mbed::Serial::~Serial()
                0x000000000000020c                non-virtual thunk to mbed::Serial::~Serial()
                0x0000000000000212                non-virtual thunk to mbed::Serial::~Serial()
 .text._ZN4mbed10SerialBaseD0Ev
                0x0000000000000218        0xc main.o
                0x0000000000000218                mbed::SerialBase::~SerialBase()
 .text._Z17matMultiplicationiiPPfiiS0_S0_.part.2
                0x0000000000000224       0x5e main.o
 *fill*         0x0000000000000282        0x2 
 .text._Z4initv
                0x0000000000000284      0x194 main.o
                0x0000000000000284                init()
 .text._Z8poll_acch
                0x0000000000000418       0x48 main.o
                0x0000000000000418                poll_acc(unsigned char)
 .text._Z14get_index_timef
                0x0000000000000460       0x58 main.o
                0x0000000000000460                get_index_time(float)
 .text._Z4signf
                0x00000000000004b8       0x28 main.o
                0x00000000000004b8                sign(float)
 .text._Z6get_hpf
                0x00000000000004e0       0x14 main.o
                0x00000000000004e0                get_hp(float)
 .text._Z8poll_altv
                0x00000000000004f4       0x58 main.o
                0x00000000000004f4                poll_alt()
 .text._Z6get_vpf
                0x000000000000054c       0x14 main.o
                0x000000000000054c                get_vp(float)
 .text._Z10controllerfff
                0x0000000000000560       0x80 main.o
                0x0000000000000560                controller(float, float, float)
 .text._Z8actuatori
                0x00000000000005e0       0x60 main.o
                0x00000000000005e0                actuator(int)
 .text._Z22matScaleMultiplicationiiPPffS0_
                0x0000000000000640       0x3c main.o
                0x0000000000000640                matScaleMultiplication(int, int, float**, float, float**)
 .text._Z6matSumiiPPfS0_S0_
                0x000000000000067c       0x42 main.o
                0x000000000000067c                matSum(int, int, float**, float**, float**)
 .text._Z9transposeiiPPfS0_
                0x00000000000006be       0x2c main.o
                0x00000000000006be                transpose(int, int, float**, float**)
 .text._Z11mat2InversePPfS0_
                0x00000000000006ea       0x78 main.o
                0x00000000000006ea                mat2Inverse(float**, float**)
 *fill*         0x0000000000000762        0x2 
 .text._Z14state_estimateffffPfS_
                0x0000000000000764      0x278 main.o
                0x0000000000000764                state_estimate(float, float, float, float, float*, float*)
 .text._Z9schedulerv
                0x00000000000009dc       0xdc main.o
                0x00000000000009dc                scheduler()
 .text.startup.main
                0x0000000000000ab8       0x58 main.o
                0x0000000000000ab8                main
 .text._ZN4mbed6SerialD0Ev
                0x0000000000000b10       0x1e main.o
                0x0000000000000b10                mbed::Serial::~Serial()
                0x0000000000000b22                non-virtual thunk to mbed::Serial::~Serial()
                0x0000000000000b28                non-virtual thunk to mbed::Serial::~Serial()
 *fill*         0x0000000000000b2e        0x2 
 .text.startup._GLOBAL__sub_I_table_hp
                0x0000000000000b30      0x1c8 main.o
 .text._ZN5Servo5writeEf
                0x0000000000000cf8       0xa4 Servo/Servo.o
                0x0000000000000cf8                Servo::write(float)
 .text._ZN5ServoC2E7PinName
                0x0000000000000d9c       0x28 Servo/Servo.o
                0x0000000000000d9c                Servo::Servo(PinName)
                0x0000000000000d9c                Servo::Servo(PinName)
 .text._ZN5ServoaSEf
                0x0000000000000dc4        0xc Servo/Servo.o
                0x0000000000000dc4                Servo::operator=(float)
 .text.mbed_die
                0x0000000000000dd0      0x10c mbed/TARGET_LPC1768/TOOLCHAIN_GCC_ARM/board.o
                0x0000000000000dd0                mbed_die
 .text.NVIC_SetVector
                0x0000000000000edc       0x3c mbed/TARGET_LPC1768/TOOLCHAIN_GCC_ARM/cmsis_nvic.o
                0x0000000000000edc                NVIC_SetVector
 .text._ZN4mbed10FileHandle4flenEv
                0x0000000000000f18       0x34 mbed/TARGET_LPC1768/TOOLCHAIN_GCC_ARM/retarget.o
                0x0000000000000f18                mbed::FileHandle::flen()
 .text._ZL11init_serialv.part.0
                0x0000000000000f4c       0x18 mbed/TARGET_LPC1768/TOOLCHAIN_GCC_ARM/retarget.o
 .text._ZN4mbed10FileHandleD2Ev
                0x0000000000000f64       0x2c mbed/TARGET_LPC1768/TOOLCHAIN_GCC_ARM/retarget.o
                0x0000000000000f64                mbed::FileHandle::~FileHandle()
                0x0000000000000f64                mbed::FileHandle::~FileHandle()
 .text._open    0x0000000000000f90       0xfc mbed/TARGET_LPC1768/TOOLCHAIN_GCC_ARM/retarget.o
                0x0000000000000f90                _open
 .text._close   0x000000000000108c       0x28 mbed/TARGET_LPC1768/TOOLCHAIN_GCC_ARM/retarget.o
                0x000000000000108c                _close
 .text._write   0x00000000000010b4       0x4c mbed/TARGET_LPC1768/TOOLCHAIN_GCC_ARM/retarget.o
                0x00000000000010b4                _write
 .text._read    0x0000000000001100       0x44 mbed/TARGET_LPC1768/TOOLCHAIN_GCC_ARM/retarget.o
                0x0000000000001100                _read
 .text._isatty  0x0000000000001144       0x24 mbed/TARGET_LPC1768/TOOLCHAIN_GCC_ARM/retarget.o
                0x0000000000001144                _isatty
 .text._lseek   0x0000000000001168       0x24 mbed/TARGET_LPC1768/TOOLCHAIN_GCC_ARM/retarget.o
                0x0000000000001168                _lseek
 .text._fstat   0x000000000000118c       0x20 mbed/TARGET_LPC1768/TOOLCHAIN_GCC_ARM/retarget.o
                0x000000000000118c                _fstat
 .text.__cxa_pure_virtual
                0x00000000000011ac        0x8 mbed/TARGET_LPC1768/TOOLCHAIN_GCC_ARM/retarget.o
                0x00000000000011ac                __cxa_pure_virtual
 .text.mbed_main
                0x00000000000011b4        0x4 mbed/TARGET_LPC1768/TOOLCHAIN_GCC_ARM/retarget.o
                0x00000000000011b4                mbed_main
 .text.mbed_sdk_init
                0x00000000000011b8        0x4 mbed/TARGET_LPC1768/TOOLCHAIN_GCC_ARM/retarget.o
                0x00000000000011b8                mbed_sdk_init
 .text.__wrap_main
                0x00000000000011bc       0x14 mbed/TARGET_LPC1768/TOOLCHAIN_GCC_ARM/retarget.o
                0x00000000000011bc                __wrap_main
 .text._sbrk    0x00000000000011d0       0x28 mbed/TARGET_LPC1768/TOOLCHAIN_GCC_ARM/retarget.o
                0x00000000000011d0                _sbrk
 .text._exit    0x00000000000011f8       0x30 mbed/TARGET_LPC1768/TOOLCHAIN_GCC_ARM/retarget.o
                0x00000000000011f8                _exit
 .text._ZN4mbed26mbed_set_unbuffered_streamEP7__sFILE
                0x0000000000001228        0x8 mbed/TARGET_LPC1768/TOOLCHAIN_GCC_ARM/retarget.o
                0x0000000000001228                mbed::mbed_set_unbuffered_stream(__sFILE*)
 .text          0x0000000000001230       0x44 mbed/TARGET_LPC1768/TOOLCHAIN_GCC_ARM/startup_LPC17xx.o
                0x0000000000001230                Reset_Handler
                0x0000000000001260                NMI_Handler
                0x0000000000001262                HardFault_Handler
                0x0000000000001264                MemManage_Handler
                0x0000000000001266                BusFault_Handler
                0x0000000000001268                UsageFault_Handler
                0x000000000000126a                SVC_Handler
                0x000000000000126c                DebugMon_Handler
                0x000000000000126e                PendSV_Handler
                0x0000000000001270                SysTick_Handler
                0x0000000000001272                TIMER3_IRQHandler
                0x0000000000001272                UART0_IRQHandler
                0x0000000000001272                PLL0_IRQHandler
                0x0000000000001272                CAN_IRQHandler
                0x0000000000001272                PLL1_IRQHandler
                0x0000000000001272                SSP0_IRQHandler
                0x0000000000001272                I2S_IRQHandler
                0x0000000000001272                I2C2_IRQHandler
                0x0000000000001272                RTC_IRQHandler
                0x0000000000001272                TIMER0_IRQHandler
                0x0000000000001272                SPI_IRQHandler
                0x0000000000001272                EINT1_IRQHandler
                0x0000000000001272                TIMER1_IRQHandler
                0x0000000000001272                UART2_IRQHandler
                0x0000000000001272                Default_Handler
                0x0000000000001272                ADC_IRQHandler
                0x0000000000001272                SSP1_IRQHandler
                0x0000000000001272                USB_IRQHandler
                0x0000000000001272                BOD_IRQHandler
                0x0000000000001272                WDT_IRQHandler
                0x0000000000001272                QEI_IRQHandler
                0x0000000000001272                EINT0_IRQHandler
                0x0000000000001272                DEF_IRQHandler
                0x0000000000001272                DMA_IRQHandler
                0x0000000000001272                UART3_IRQHandler
                0x0000000000001272                MCPWM_IRQHandler
                0x0000000000001272                TIMER2_IRQHandler
                0x0000000000001272                ENET_IRQHandler
                0x0000000000001272                RIT_IRQHandler
                0x0000000000001272                I2C0_IRQHandler
                0x0000000000001272                USBActivity_IRQHandler
                0x0000000000001272                PWM1_IRQHandler
                0x0000000000001272                I2C1_IRQHandler
                0x0000000000001272                EINT2_IRQHandler
                0x0000000000001272                UART1_IRQHandler
                0x0000000000001272                EINT3_IRQHandler
                0x0000000000001272                CANActivity_IRQHandler
 .text.SystemInit
                0x0000000000001274       0xb8 mbed/TARGET_LPC1768/TOOLCHAIN_GCC_ARM/system_LPC17xx.o
                0x0000000000001274                SystemInit
 .text.pwmout_write
                0x000000000000132c       0x58 ./mbed/TARGET_LPC1768/TOOLCHAIN_GCC_ARM/libmbed.a(pwmout_api.o)
                0x000000000000132c                pwmout_write
 .text.pwmout_period_us
                0x0000000000001384       0x44 ./mbed/TARGET_LPC1768/TOOLCHAIN_GCC_ARM/libmbed.a(pwmout_api.o)
                0x0000000000001384                pwmout_period_us
 .text.pwmout_init
                0x00000000000013c8       0xac ./mbed/TARGET_LPC1768/TOOLCHAIN_GCC_ARM/libmbed.a(pwmout_api.o)
                0x00000000000013c8                pwmout_init
 .text.pwmout_pulsewidth
                0x0000000000001474       0x44 ./mbed/TARGET_LPC1768/TOOLCHAIN_GCC_ARM/libmbed.a(pwmout_api.o)
                0x0000000000001474                pwmout_pulsewidth
 .text.uart1_irq
                0x00000000000014b8       0x60 ./mbed/TARGET_LPC1768/TOOLCHAIN_GCC_ARM/libmbed.a(serial_api.o)
                0x00000000000014b8                uart1_irq
 .text.serial_irq_set_internal
                0x0000000000001518       0xc8 ./mbed/TARGET_LPC1768/TOOLCHAIN_GCC_ARM/libmbed.a(serial_api.o)
 .text.uart3_irq
                0x00000000000015e0       0x6c ./mbed/TARGET_LPC1768/TOOLCHAIN_GCC_ARM/libmbed.a(serial_api.o)
                0x00000000000015e0                uart3_irq
 .text.uart2_irq
                0x000000000000164c       0x64 ./mbed/TARGET_LPC1768/TOOLCHAIN_GCC_ARM/libmbed.a(serial_api.o)
                0x000000000000164c                uart2_irq
 .text.uart0_irq
                0x00000000000016b0       0x60 ./mbed/TARGET_LPC1768/TOOLCHAIN_GCC_ARM/libmbed.a(serial_api.o)
                0x00000000000016b0                uart0_irq
 .text.serial_baud
                0x0000000000001710      0x234 ./mbed/TARGET_LPC1768/TOOLCHAIN_GCC_ARM/libmbed.a(serial_api.o)
                0x0000000000001710                serial_baud
 .text.serial_format
                0x0000000000001944       0x78 ./mbed/TARGET_LPC1768/TOOLCHAIN_GCC_ARM/libmbed.a(serial_api.o)
                0x0000000000001944                serial_format
 .text.serial_irq_handler
                0x00000000000019bc       0x20 ./mbed/TARGET_LPC1768/TOOLCHAIN_GCC_ARM/libmbed.a(serial_api.o)
                0x00000000000019bc                serial_irq_handler
 .text.serial_getc
                0x00000000000019dc       0x34 ./mbed/TARGET_LPC1768/TOOLCHAIN_GCC_ARM/libmbed.a(serial_api.o)
                0x00000000000019dc                serial_getc
 .text.serial_writable
                0x0000000000001a10       0x50 ./mbed/TARGET_LPC1768/TOOLCHAIN_GCC_ARM/libmbed.a(serial_api.o)
                0x0000000000001a10                serial_writable
 .text.serial_putc
                0x0000000000001a60       0x34 ./mbed/TARGET_LPC1768/TOOLCHAIN_GCC_ARM/libmbed.a(serial_api.o)
                0x0000000000001a60                serial_putc
 .text.serial_set_flow_control
                0x0000000000001a94      0x130 ./mbed/TARGET_LPC1768/TOOLCHAIN_GCC_ARM/libmbed.a(serial_api.o)
                0x0000000000001a94                serial_set_flow_control
 .text.serial_init
                0x0000000000001bc4      0x1bc ./mbed/TARGET_LPC1768/TOOLCHAIN_GCC_ARM/libmbed.a(serial_api.o)
                0x0000000000001bc4                serial_init
 .text._ZN4mbed8FilePathC2EPKc
                0x0000000000001d80       0x54 ./mbed/TARGET_LPC1768/TOOLCHAIN_GCC_ARM/libmbed.a(FilePath.o)
                0x0000000000001d80                mbed::FilePath::FilePath(char const*)
                0x0000000000001d80                mbed::FilePath::FilePath(char const*)
 .text._ZN4mbed8FilePath8fileNameEv
                0x0000000000001dd4        0x4 ./mbed/TARGET_LPC1768/TOOLCHAIN_GCC_ARM/libmbed.a(FilePath.o)
                0x0000000000001dd4                mbed::FilePath::fileName()
 .text._ZN4mbed8FilePath10fileSystemEv
                0x0000000000001dd8       0x20 ./mbed/TARGET_LPC1768/TOOLCHAIN_GCC_ARM/libmbed.a(FilePath.o)
                0x0000000000001dd8                mbed::FilePath::fileSystem()
 .text._ZN4mbed8FilePath6isFileEv
                0x0000000000001df8       0x14 ./mbed/TARGET_LPC1768/TOOLCHAIN_GCC_ARM/libmbed.a(FilePath.o)
                0x0000000000001df8                mbed::FilePath::isFile()
 .text._ZN4mbed8FilePath4fileEv
                0x0000000000001e0c       0x20 ./mbed/TARGET_LPC1768/TOOLCHAIN_GCC_ARM/libmbed.a(FilePath.o)
                0x0000000000001e0c                mbed::FilePath::file()
 .text._ZN4mbed8FilePath6existsEv
                0x0000000000001e2c        0xc ./mbed/TARGET_LPC1768/TOOLCHAIN_GCC_ARM/libmbed.a(FilePath.o)
                0x0000000000001e2c                mbed::FilePath::exists()
 .text._ZN4mbed8FileBaseD2Ev
                0x0000000000001e38       0x30 ./mbed/TARGET_LPC1768/TOOLCHAIN_GCC_ARM/libmbed.a(FileBase.o)
                0x0000000000001e38                mbed::FileBase::~FileBase()
                0x0000000000001e38                mbed::FileBase::~FileBase()
 .text._ZN4mbed8FileBaseD0Ev
                0x0000000000001e68       0x3c ./mbed/TARGET_LPC1768/TOOLCHAIN_GCC_ARM/libmbed.a(FileBase.o)
                0x0000000000001e68                mbed::FileBase::~FileBase()
 .text._ZN4mbed8FileBaseC2EPKcNS_8PathTypeE
                0x0000000000001ea4       0x28 ./mbed/TARGET_LPC1768/TOOLCHAIN_GCC_ARM/libmbed.a(FileBase.o)
                0x0000000000001ea4                mbed::FileBase::FileBase(char const*, mbed::PathType)
                0x0000000000001ea4                mbed::FileBase::FileBase(char const*, mbed::PathType)
 .text._ZN4mbed8FileBase6lookupEPKcj
                0x0000000000001ecc       0x3c ./mbed/TARGET_LPC1768/TOOLCHAIN_GCC_ARM/libmbed.a(FileBase.o)
                0x0000000000001ecc                mbed::FileBase::lookup(char const*, unsigned int)
 .text._ZN4mbed8FileBase11getPathTypeEv
                0x0000000000001f08        0x4 ./mbed/TARGET_LPC1768/TOOLCHAIN_GCC_ARM/libmbed.a(FileBase.o)
                0x0000000000001f08                mbed::FileBase::getPathType()
 .text._ZN4mbed5Timer9slicetimeEv.part.0
                0x0000000000001f0c       0x10 ./mbed/TARGET_LPC1768/TOOLCHAIN_GCC_ARM/libmbed.a(Timer.o)
 .text._ZN4mbed5TimerC2Ev
                0x0000000000001f1c       0x20 ./mbed/TARGET_LPC1768/TOOLCHAIN_GCC_ARM/libmbed.a(Timer.o)
                0x0000000000001f1c                mbed::Timer::Timer()
                0x0000000000001f1c                mbed::Timer::Timer()
 .text._ZN4mbed5Timer5startEv
                0x0000000000001f3c       0x18 ./mbed/TARGET_LPC1768/TOOLCHAIN_GCC_ARM/libmbed.a(Timer.o)
                0x0000000000001f3c                mbed::Timer::start()
 .text._ZN4mbed5Timer4readEv
                0x0000000000001f54       0x20 ./mbed/TARGET_LPC1768/TOOLCHAIN_GCC_ARM/libmbed.a(Timer.o)
                0x0000000000001f54                mbed::Timer::read()
 .text._ZN4mbed5Timer5resetEv
                0x0000000000001f74       0x14 ./mbed/TARGET_LPC1768/TOOLCHAIN_GCC_ARM/libmbed.a(Timer.o)
                0x0000000000001f74                mbed::Timer::reset()
 .text._ZN4mbed6Serial5_getcEv
                0x0000000000001f88        0x4 ./mbed/TARGET_LPC1768/TOOLCHAIN_GCC_ARM/libmbed.a(Serial.o)
                0x0000000000001f88                mbed::Serial::_getc()
 .text._ZThn64_N4mbed6Serial5_getcEv
                0x0000000000001f8c        0x8 ./mbed/TARGET_LPC1768/TOOLCHAIN_GCC_ARM/libmbed.a(Serial.o)
                0x0000000000001f8c                non-virtual thunk to mbed::Serial::_getc()
 .text._ZN4mbed6Serial5_putcEi
                0x0000000000001f94        0x4 ./mbed/TARGET_LPC1768/TOOLCHAIN_GCC_ARM/libmbed.a(Serial.o)
                0x0000000000001f94                mbed::Serial::_putc(int)
 .text._ZThn64_N4mbed6Serial5_putcEi
                0x0000000000001f98        0x8 ./mbed/TARGET_LPC1768/TOOLCHAIN_GCC_ARM/libmbed.a(Serial.o)
                0x0000000000001f98                non-virtual thunk to mbed::Serial::_putc(int)
 .text._ZN4mbed6SerialC2E7PinNameS1_PKc
                0x0000000000001fa0       0x30 ./mbed/TARGET_LPC1768/TOOLCHAIN_GCC_ARM/libmbed.a(Serial.o)
                0x0000000000001fa0                mbed::Serial::Serial(PinName, PinName, char const*)
                0x0000000000001fa0                mbed::Serial::Serial(PinName, PinName, char const*)
 .text._ZN4mbed6Stream5closeEv
                0x0000000000001fd0        0x4 ./mbed/TARGET_LPC1768/TOOLCHAIN_GCC_ARM/libmbed.a(Stream.o)
                0x0000000000001fd0                mbed::Stream::close()
 .text._ZN4mbed6Stream5writeEPKvj
                0x0000000000001fd4       0x2c ./mbed/TARGET_LPC1768/TOOLCHAIN_GCC_ARM/libmbed.a(Stream.o)
                0x0000000000001fd4                mbed::Stream::write(void const*, unsigned int)
 .text._ZN4mbed6Stream4readEPvj
                0x0000000000002000       0x2c ./mbed/TARGET_LPC1768/TOOLCHAIN_GCC_ARM/libmbed.a(Stream.o)
                0x0000000000002000                mbed::Stream::read(void*, unsigned int)
 .text._ZN4mbed6Stream5lseekEli
                0x000000000000202c        0x4 ./mbed/TARGET_LPC1768/TOOLCHAIN_GCC_ARM/libmbed.a(Stream.o)
                0x000000000000202c                mbed::Stream::lseek(long, int)
 .text._ZN4mbed6Stream6isattyEv
                0x0000000000002030        0x4 ./mbed/TARGET_LPC1768/TOOLCHAIN_GCC_ARM/libmbed.a(Stream.o)
                0x0000000000002030                mbed::Stream::isatty()
 .text._ZN4mbed6Stream5fsyncEv
                0x0000000000002034        0x4 ./mbed/TARGET_LPC1768/TOOLCHAIN_GCC_ARM/libmbed.a(Stream.o)
                0x0000000000002034                mbed::Stream::fsync()
 .text._ZN4mbed6Stream4flenEv
                0x0000000000002038        0x4 ./mbed/TARGET_LPC1768/TOOLCHAIN_GCC_ARM/libmbed.a(Stream.o)
                0x0000000000002038                mbed::Stream::flen()
 .text._ZN4mbed6StreamC2EPKc
                0x000000000000203c       0x44 ./mbed/TARGET_LPC1768/TOOLCHAIN_GCC_ARM/libmbed.a(Stream.o)
                0x000000000000203c                mbed::Stream::Stream(char const*)
                0x000000000000203c                mbed::Stream::Stream(char const*)
 .text._ZN4mbed6StreamD2Ev
                0x0000000000002080       0x24 ./mbed/TARGET_LPC1768/TOOLCHAIN_GCC_ARM/libmbed.a(Stream.o)
                0x0000000000002080                mbed::Stream::~Stream()
                0x0000000000002080                mbed::Stream::~Stream()
 .text._ZN4mbed6Stream6printfEPKcz
                0x00000000000020a4       0x2c ./mbed/TARGET_LPC1768/TOOLCHAIN_GCC_ARM/libmbed.a(Stream.o)
                0x00000000000020a4                mbed::Stream::printf(char const*, ...)
 .text._ZN4mbed10SerialBase12_irq_handlerEm9SerialIrq
                0x00000000000020d0       0x34 ./mbed/TARGET_LPC1768/TOOLCHAIN_GCC_ARM/libmbed.a(SerialBase.o)
                0x00000000000020d0                mbed::SerialBase::_irq_handler(unsigned long, SerialIrq)
 .text._ZN4mbed10SerialBaseC2E7PinNameS1_
                0x0000000000002104       0x3c ./mbed/TARGET_LPC1768/TOOLCHAIN_GCC_ARM/libmbed.a(SerialBase.o)
                0x0000000000002104                mbed::SerialBase::SerialBase(PinName, PinName)
                0x0000000000002104                mbed::SerialBase::SerialBase(PinName, PinName)
 .text._ZN4mbed10SerialBase10_base_getcEv
                0x0000000000002140        0x8 ./mbed/TARGET_LPC1768/TOOLCHAIN_GCC_ARM/libmbed.a(SerialBase.o)
                0x0000000000002140                mbed::SerialBase::_base_getc()
 .text._ZN4mbed10SerialBase10_base_putcEi
                0x0000000000002148       0x10 ./mbed/TARGET_LPC1768/TOOLCHAIN_GCC_ARM/libmbed.a(SerialBase.o)
                0x0000000000002148                mbed::SerialBase::_base_putc(int)
 .text.mbed_assert_internal
                0x0000000000002158       0x18 ./mbed/TARGET_LPC1768/TOOLCHAIN_GCC_ARM/libmbed.a(assert.o)
                0x0000000000002158                mbed_assert_internal
 .text.error    0x0000000000002170       0x24 ./mbed/TARGET_LPC1768/TOOLCHAIN_GCC_ARM/libmbed.a(error.o)
                0x0000000000002170                error
 .text.gpio_init_in
                0x0000000000002194       0x24 ./mbed/TARGET_LPC1768/TOOLCHAIN_GCC_ARM/libmbed.a(gpio.o)
                0x0000000000002194                gpio_init_in
 .text.gpio_init_out
                0x00000000000021b8       0x44 ./mbed/TARGET_LPC1768/TOOLCHAIN_GCC_ARM/libmbed.a(gpio.o)
                0x00000000000021b8                gpio_init_out
 .text.gpio_init_out_ex
                0x00000000000021fc       0x54 ./mbed/TARGET_LPC1768/TOOLCHAIN_GCC_ARM/libmbed.a(gpio.o)
                0x00000000000021fc                gpio_init_out_ex
 .text.mbed_interface_connected
                0x0000000000002250        0x4 ./mbed/TARGET_LPC1768/TOOLCHAIN_GCC_ARM/libmbed.a(mbed_interface.o)
                0x0000000000002250                mbed_interface_connected
 .text.pinmap_pinout
                0x0000000000002254       0x40 ./mbed/TARGET_LPC1768/TOOLCHAIN_GCC_ARM/libmbed.a(pinmap_common.o)
                0x0000000000002254                pinmap_pinout
 .text.pinmap_merge
                0x0000000000002294       0x24 ./mbed/TARGET_LPC1768/TOOLCHAIN_GCC_ARM/libmbed.a(pinmap_common.o)
                0x0000000000002294                pinmap_merge
 .text.pinmap_find_peripheral
                0x00000000000022b8       0x1c ./mbed/TARGET_LPC1768/TOOLCHAIN_GCC_ARM/libmbed.a(pinmap_common.o)
                0x00000000000022b8                pinmap_find_peripheral
 .text.pinmap_peripheral
                0x00000000000022d4       0x34 ./mbed/TARGET_LPC1768/TOOLCHAIN_GCC_ARM/libmbed.a(pinmap_common.o)
                0x00000000000022d4                pinmap_peripheral
 .text.semihost_exit
                0x0000000000002308       0x18 ./mbed/TARGET_LPC1768/TOOLCHAIN_GCC_ARM/libmbed.a(semihost_api.o)
                0x0000000000002308                semihost_exit
 .text.semihost_connected
                0x0000000000002320       0x10 ./mbed/TARGET_LPC1768/TOOLCHAIN_GCC_ARM/libmbed.a(semihost_api.o)
                0x0000000000002320                semihost_connected
 .text.ticker_irq_handler
                0x0000000000002330       0x4c ./mbed/TARGET_LPC1768/TOOLCHAIN_GCC_ARM/libmbed.a(ticker_api.o)
                0x0000000000002330                ticker_irq_handler
 .text.ticker_read
                0x000000000000237c        0x8 ./mbed/TARGET_LPC1768/TOOLCHAIN_GCC_ARM/libmbed.a(ticker_api.o)
                0x000000000000237c                ticker_read
 .text.get_us_ticker_data
                0x0000000000002384        0x8 ./mbed/TARGET_LPC1768/TOOLCHAIN_GCC_ARM/libmbed.a(us_ticker_api.o)
                0x0000000000002384                get_us_ticker_data
 .text.us_ticker_irq_handler
                0x000000000000238c        0xc ./mbed/TARGET_LPC1768/TOOLCHAIN_GCC_ARM/libmbed.a(us_ticker_api.o)
                0x000000000000238c                us_ticker_irq_handler
 .text.wait_us  0x0000000000002398       0x18 ./mbed/TARGET_LPC1768/TOOLCHAIN_GCC_ARM/libmbed.a(wait_api.o)
                0x0000000000002398                wait_us
 .text.wait_ms  0x00000000000023b0        0xc ./mbed/TARGET_LPC1768/TOOLCHAIN_GCC_ARM/libmbed.a(wait_api.o)
                0x00000000000023b0                wait_ms
 .text.gpio_set
                0x00000000000023bc       0x30 ./mbed/TARGET_LPC1768/TOOLCHAIN_GCC_ARM/libmbed.a(gpio_api.o)
                0x00000000000023bc                gpio_set
 .text.gpio_init
                0x00000000000023ec       0x30 ./mbed/TARGET_LPC1768/TOOLCHAIN_GCC_ARM/libmbed.a(gpio_api.o)
                0x00000000000023ec                gpio_init
 .text.gpio_mode
                0x000000000000241c        0x8 ./mbed/TARGET_LPC1768/TOOLCHAIN_GCC_ARM/libmbed.a(gpio_api.o)
                0x000000000000241c                gpio_mode
 .text.gpio_dir
                0x0000000000002424       0x44 ./mbed/TARGET_LPC1768/TOOLCHAIN_GCC_ARM/libmbed.a(gpio_api.o)
                0x0000000000002424                gpio_dir
 .text.pin_function
                0x0000000000002468       0x50 ./mbed/TARGET_LPC1768/TOOLCHAIN_GCC_ARM/libmbed.a(pinmap.o)
                0x0000000000002468                pin_function
 .text.pin_mode
                0x00000000000024b8       0x78 ./mbed/TARGET_LPC1768/TOOLCHAIN_GCC_ARM/libmbed.a(pinmap.o)
                0x00000000000024b8                pin_mode
 .text.us_ticker_init.part.0
                0x0000000000002530       0x64 ./mbed/TARGET_LPC1768/TOOLCHAIN_GCC_ARM/libmbed.a(us_ticker.o)
 .text.us_ticker_init
                0x0000000000002594       0x10 ./mbed/TARGET_LPC1768/TOOLCHAIN_GCC_ARM/libmbed.a(us_ticker.o)
                0x0000000000002594                us_ticker_init
 .text.us_ticker_read
                0x00000000000025a4       0x1c ./mbed/TARGET_LPC1768/TOOLCHAIN_GCC_ARM/libmbed.a(us_ticker.o)
                0x00000000000025a4                us_ticker_read
 .text.us_ticker_set_interrupt
                0x00000000000025c0       0x14 ./mbed/TARGET_LPC1768/TOOLCHAIN_GCC_ARM/libmbed.a(us_ticker.o)
                0x00000000000025c0                us_ticker_set_interrupt
 .text.us_ticker_disable_interrupt
                0x00000000000025d4       0x10 ./mbed/TARGET_LPC1768/TOOLCHAIN_GCC_ARM/libmbed.a(us_ticker.o)
                0x00000000000025d4                us_ticker_disable_interrupt
 .text.us_ticker_clear_interrupt
                0x00000000000025e4        0xc ./mbed/TARGET_LPC1768/TOOLCHAIN_GCC_ARM/libmbed.a(us_ticker.o)
                0x00000000000025e4                us_ticker_clear_interrupt
 .text._ZN4mbed8FileLikeC2EPKc
                0x00000000000025f0       0x28 ./mbed/TARGET_LPC1768/TOOLCHAIN_GCC_ARM/libmbed.a(FileLike.o)
                0x00000000000025f0                mbed::FileLike::FileLike(char const*)
                0x00000000000025f0                mbed::FileLike::FileLike(char const*)
 .text._ZN4mbed8FileLikeD2Ev
                0x0000000000002618       0x24 ./mbed/TARGET_LPC1768/TOOLCHAIN_GCC_ARM/libmbed.a(FileLike.o)
                0x0000000000002618                mbed::FileLike::~FileLike()
                0x0000000000002618                mbed::FileLike::~FileLike()
 .text.__aeabi_atexit
                0x000000000000263c        0xa /usr/local/gcc_arm/bin/../lib/gcc/arm-none-eabi/5.2.1/../../../../arm-none-eabi/lib/armv7-m/libstdc++_nano.a(atexit_arm.o)
                0x000000000000263c                __aeabi_atexit
 .text._ZdlPv   0x0000000000002646        0x4 /usr/local/gcc_arm/bin/../lib/gcc/arm-none-eabi/5.2.1/../../../../arm-none-eabi/lib/armv7-m/libstdc++_nano.a(del_op.o)
                0x0000000000002646                operator delete(void*)
 .text._Znwj    0x000000000000264a       0x22 /usr/local/gcc_arm/bin/../lib/gcc/arm-none-eabi/5.2.1/../../../../arm-none-eabi/lib/armv7-m/libstdc++_nano.a(new_op.o)
                0x000000000000264a                operator new(unsigned int)
 .text._Znaj    0x000000000000266c        0x4 /usr/local/gcc_arm/bin/../lib/gcc/arm-none-eabi/5.2.1/../../../../arm-none-eabi/lib/armv7-m/libstdc++_nano.a(new_opv.o)
                0x000000000000266c                operator new[](unsigned int)
 .text._ZSt15get_new_handlerv
                0x0000000000002670       0x10 /usr/local/gcc_arm/bin/../lib/gcc/arm-none-eabi/5.2.1/../../../../arm-none-eabi/lib/armv7-m/libstdc++_nano.a(new_handler.o)
                0x0000000000002670                std::get_new_handler()
 .text.abort    0x0000000000002680        0xe /usr/local/gcc_arm/bin/../lib/gcc/arm-none-eabi/5.2.1/../../../../arm-none-eabi/lib/armv7-m/libc_nano.a(lib_a-abort.o)
                0x0000000000002680                abort
 .text.abs      0x000000000000268e        0x8 /usr/local/gcc_arm/bin/../lib/gcc/arm-none-eabi/5.2.1/../../../../arm-none-eabi/lib/armv7-m/libc_nano.a(lib_a-abs.o)
                0x000000000000268e                abs
 *fill*         0x0000000000002696        0x2 
 .text.__cxa_atexit
                0x0000000000002698       0x1c /usr/local/gcc_arm/bin/../lib/gcc/arm-none-eabi/5.2.1/../../../../arm-none-eabi/lib/armv7-m/libc_nano.a(lib_a-cxa_atexit.o)
                0x0000000000002698                __cxa_atexit
 .text.__errno  0x00000000000026b4        0xc /usr/local/gcc_arm/bin/../lib/gcc/arm-none-eabi/5.2.1/../../../../arm-none-eabi/lib/armv7-m/libc_nano.a(lib_a-errno.o)
                0x00000000000026b4                __errno
 .text.exit     0x00000000000026c0       0x28 /usr/local/gcc_arm/bin/../lib/gcc/arm-none-eabi/5.2.1/../../../../arm-none-eabi/lib/armv7-m/libc_nano.a(lib_a-exit.o)
                0x00000000000026c0                exit
 .text._fclose_r
                0x00000000000026e8       0xa4 /usr/local/gcc_arm/bin/../lib/gcc/arm-none-eabi/5.2.1/../../../../arm-none-eabi/lib/armv7-m/libc_nano.a(lib_a-fclose.o)
                0x00000000000026e8                _fclose_r
 .text.fclose   0x000000000000278c       0x10 /usr/local/gcc_arm/bin/../lib/gcc/arm-none-eabi/5.2.1/../../../../arm-none-eabi/lib/armv7-m/libc_nano.a(lib_a-fclose.o)
                0x000000000000278c                fclose
 .text.__sflush_r
                0x000000000000279c      0x10c /usr/local/gcc_arm/bin/../lib/gcc/arm-none-eabi/5.2.1/../../../../arm-none-eabi/lib/armv7-m/libc_nano.a(lib_a-fflush.o)
                0x000000000000279c                __sflush_r
 .text._fflush_r
                0x00000000000028a8       0x54 /usr/local/gcc_arm/bin/../lib/gcc/arm-none-eabi/5.2.1/../../../../arm-none-eabi/lib/armv7-m/libc_nano.a(lib_a-fflush.o)
                0x00000000000028a8                _fflush_r
 .text.fflush   0x00000000000028fc       0x24 /usr/local/gcc_arm/bin/../lib/gcc/arm-none-eabi/5.2.1/../../../../arm-none-eabi/lib/armv7-m/libc_nano.a(lib_a-fflush.o)
                0x00000000000028fc                fflush
 .text._cleanup_r
                0x0000000000002920        0xc /usr/local/gcc_arm/bin/../lib/gcc/arm-none-eabi/5.2.1/../../../../arm-none-eabi/lib/armv7-m/libc_nano.a(lib_a-findfp.o)
                0x0000000000002920                _cleanup_r
 .text.std.isra.0
                0x000000000000292c       0x48 /usr/local/gcc_arm/bin/../lib/gcc/arm-none-eabi/5.2.1/../../../../arm-none-eabi/lib/armv7-m/libc_nano.a(lib_a-findfp.o)
 .text.__sfmoreglue
                0x0000000000002974       0x2c /usr/local/gcc_arm/bin/../lib/gcc/arm-none-eabi/5.2.1/../../../../arm-none-eabi/lib/armv7-m/libc_nano.a(lib_a-findfp.o)
                0x0000000000002974                __sfmoreglue
 .text.__sinit  0x00000000000029a0       0x60 /usr/local/gcc_arm/bin/../lib/gcc/arm-none-eabi/5.2.1/../../../../arm-none-eabi/lib/armv7-m/libc_nano.a(lib_a-findfp.o)
                0x00000000000029a0                __sinit
 .text.__sfp    0x0000000000002a00       0x78 /usr/local/gcc_arm/bin/../lib/gcc/arm-none-eabi/5.2.1/../../../../arm-none-eabi/lib/armv7-m/libc_nano.a(lib_a-findfp.o)
                0x0000000000002a00                __sfp
 .text.__sfp_lock_acquire
                0x0000000000002a78        0x2 /usr/local/gcc_arm/bin/../lib/gcc/arm-none-eabi/5.2.1/../../../../arm-none-eabi/lib/armv7-m/libc_nano.a(lib_a-findfp.o)
                0x0000000000002a78                __sfp_lock_acquire
 .text.__sfp_lock_release
                0x0000000000002a7a        0x2 /usr/local/gcc_arm/bin/../lib/gcc/arm-none-eabi/5.2.1/../../../../arm-none-eabi/lib/armv7-m/libc_nano.a(lib_a-findfp.o)
                0x0000000000002a7a                __sfp_lock_release
 .text._fopen_r
                0x0000000000002a7c       0x80 /usr/local/gcc_arm/bin/../lib/gcc/arm-none-eabi/5.2.1/../../../../arm-none-eabi/lib/armv7-m/libc_nano.a(lib_a-fopen.o)
                0x0000000000002a7c                _fopen_r
 .text.fopen    0x0000000000002afc       0x10 /usr/local/gcc_arm/bin/../lib/gcc/arm-none-eabi/5.2.1/../../../../arm-none-eabi/lib/armv7-m/libc_nano.a(lib_a-fopen.o)
                0x0000000000002afc                fopen
 .text._fseek_r
                0x0000000000002b0c        0x4 /usr/local/gcc_arm/bin/../lib/gcc/arm-none-eabi/5.2.1/../../../../arm-none-eabi/lib/armv7-m/libc_nano.a(lib_a-fseek.o)
                0x0000000000002b0c                _fseek_r
 .text._fseeko_r
                0x0000000000002b10      0x118 /usr/local/gcc_arm/bin/../lib/gcc/arm-none-eabi/5.2.1/../../../../arm-none-eabi/lib/armv7-m/libc_nano.a(lib_a-fseeko.o)
                0x0000000000002b10                _fseeko_r
 .text._fwalk_reent
                0x0000000000002c28       0x3c /usr/local/gcc_arm/bin/../lib/gcc/arm-none-eabi/5.2.1/../../../../arm-none-eabi/lib/armv7-m/libc_nano.a(lib_a-fwalk.o)
                0x0000000000002c28                _fwalk_reent
 .text.__libc_init_array
                0x0000000000002c64       0x4c /usr/local/gcc_arm/bin/../lib/gcc/arm-none-eabi/5.2.1/../../../../arm-none-eabi/lib/armv7-m/libc_nano.a(lib_a-init.o)
                0x0000000000002c64                __libc_init_array
 .text.__smakebuf_r
                0x0000000000002cb0       0x98 /usr/local/gcc_arm/bin/../lib/gcc/arm-none-eabi/5.2.1/../../../../arm-none-eabi/lib/armv7-m/libc_nano.a(lib_a-makebuf.o)
                0x0000000000002cb0                __smakebuf_r
 .text.malloc   0x0000000000002d48       0x10 /usr/local/gcc_arm/bin/../lib/gcc/arm-none-eabi/5.2.1/../../../../arm-none-eabi/lib/armv7-m/libc_nano.a(lib_a-malloc.o)
                0x0000000000002d48                malloc
 .text.free     0x0000000000002d58       0x10 /usr/local/gcc_arm/bin/../lib/gcc/arm-none-eabi/5.2.1/../../../../arm-none-eabi/lib/armv7-m/libc_nano.a(lib_a-malloc.o)
                0x0000000000002d58                free
 .text.memchr   0x0000000000002d68       0x1c /usr/local/gcc_arm/bin/../lib/gcc/arm-none-eabi/5.2.1/../../../../arm-none-eabi/lib/armv7-m/libc_nano.a(lib_a-memchr-stub.o)
                0x0000000000002d68                memchr
 .text.memcpy   0x0000000000002d84       0x16 /usr/local/gcc_arm/bin/../lib/gcc/arm-none-eabi/5.2.1/../../../../arm-none-eabi/lib/armv7-m/libc_nano.a(lib_a-memcpy-stub.o)
                0x0000000000002d84                memcpy
 .text.memset   0x0000000000002d9a       0x10 /usr/local/gcc_arm/bin/../lib/gcc/arm-none-eabi/5.2.1/../../../../arm-none-eabi/lib/armv7-m/libc_nano.a(lib_a-memset.o)
                0x0000000000002d9a                memset
 *fill*         0x0000000000002daa        0x2 
 .text._free_r  0x0000000000002dac       0x88 /usr/local/gcc_arm/bin/../lib/gcc/arm-none-eabi/5.2.1/../../../../arm-none-eabi/lib/armv7-m/libc_nano.a(lib_a-nano-freer.o)
                0x0000000000002dac                _free_r
 .text._malloc_r
                0x0000000000002e34       0xa8 /usr/local/gcc_arm/bin/../lib/gcc/arm-none-eabi/5.2.1/../../../../arm-none-eabi/lib/armv7-m/libc_nano.a(lib_a-nano-mallocr.o)
                0x0000000000002e34                _malloc_r
 .text.__sfputc_r
                0x0000000000002edc       0x2c /usr/local/gcc_arm/bin/../lib/gcc/arm-none-eabi/5.2.1/../../../../arm-none-eabi/lib/armv7-m/libc_nano.a(lib_a-nano-vfprintf.o)
 .text.__sfputs_r
                0x0000000000002f08       0x24 /usr/local/gcc_arm/bin/../lib/gcc/arm-none-eabi/5.2.1/../../../../arm-none-eabi/lib/armv7-m/libc_nano.a(lib_a-nano-vfprintf.o)
                0x0000000000002f08                __sfputs_r
 .text._vfprintf_r
                0x0000000000002f2c      0x238 /usr/local/gcc_arm/bin/../lib/gcc/arm-none-eabi/5.2.1/../../../../arm-none-eabi/lib/armv7-m/libc_nano.a(lib_a-nano-vfprintf.o)
                0x0000000000002f2c                _vfiprintf_r
                0x0000000000002f2c                _vfprintf_r
 .text.vfprintf
                0x0000000000003164       0x14 /usr/local/gcc_arm/bin/../lib/gcc/arm-none-eabi/5.2.1/../../../../arm-none-eabi/lib/armv7-m/libc_nano.a(lib_a-nano-vfprintf.o)
                0x0000000000003164                vfiprintf
                0x0000000000003164                vfprintf
 .text.__cvt    0x0000000000003178       0xc0 /usr/local/gcc_arm/bin/../lib/gcc/arm-none-eabi/5.2.1/../../../../arm-none-eabi/lib/armv7-m/libc_nano.a(lib_a-nano-vfprintf_float.o)
                0x0000000000003178                __cvt
 .text.__exponent
                0x0000000000003238       0x62 /usr/local/gcc_arm/bin/../lib/gcc/arm-none-eabi/5.2.1/../../../../arm-none-eabi/lib/armv7-m/libc_nano.a(lib_a-nano-vfprintf_float.o)
                0x0000000000003238                __exponent
 *fill*         0x000000000000329a        0x2 
 .text._printf_float
                0x000000000000329c      0x46c /usr/local/gcc_arm/bin/../lib/gcc/arm-none-eabi/5.2.1/../../../../arm-none-eabi/lib/armv7-m/libc_nano.a(lib_a-nano-vfprintf_float.o)
                0x000000000000329c                _printf_float
 .text._printf_common
                0x0000000000003708       0xec /usr/local/gcc_arm/bin/../lib/gcc/arm-none-eabi/5.2.1/../../../../arm-none-eabi/lib/armv7-m/libc_nano.a(lib_a-nano-vfprintf_i.o)
                0x0000000000003708                _printf_common
 .text._printf_i
                0x00000000000037f4      0x24c /usr/local/gcc_arm/bin/../lib/gcc/arm-none-eabi/5.2.1/../../../../arm-none-eabi/lib/armv7-m/libc_nano.a(lib_a-nano-vfprintf_i.o)
                0x00000000000037f4                _printf_i
 .text._scanf_float
                0x0000000000003a40      0x3b8 /usr/local/gcc_arm/bin/../lib/gcc/arm-none-eabi/5.2.1/../../../../arm-none-eabi/lib/armv7-m/libc_nano.a(lib_a-nano-vfscanf_float.o)
                0x0000000000003a40                _scanf_float
 .text._scanf_chars
                0x0000000000003df8       0xcc /usr/local/gcc_arm/bin/../lib/gcc/arm-none-eabi/5.2.1/../../../../arm-none-eabi/lib/armv7-m/libc_nano.a(lib_a-nano-vfscanf_i.o)
                0x0000000000003df8                _scanf_chars
 .text._scanf_i
                0x0000000000003ec4      0x1e4 /usr/local/gcc_arm/bin/../lib/gcc/arm-none-eabi/5.2.1/../../../../arm-none-eabi/lib/armv7-m/libc_nano.a(lib_a-nano-vfscanf_i.o)
                0x0000000000003ec4                _scanf_i
 .text._open_r  0x00000000000040a8       0x24 /usr/local/gcc_arm/bin/../lib/gcc/arm-none-eabi/5.2.1/../../../../arm-none-eabi/lib/armv7-m/libc_nano.a(lib_a-openr.o)
                0x00000000000040a8                _open_r
 .text.rand     0x00000000000040cc       0x74 /usr/local/gcc_arm/bin/../lib/gcc/arm-none-eabi/5.2.1/../../../../arm-none-eabi/lib/armv7-m/libc_nano.a(lib_a-rand.o)
                0x00000000000040cc                rand
 .text.__fpclassifyd
                0x0000000000004140       0x50 /usr/local/gcc_arm/bin/../lib/gcc/arm-none-eabi/5.2.1/../../../../arm-none-eabi/lib/armv7-m/libc_nano.a(lib_a-s_fpclassify.o)
                0x0000000000004140                __fpclassifyd
 .text._sbrk_r  0x0000000000004190       0x20 /usr/local/gcc_arm/bin/../lib/gcc/arm-none-eabi/5.2.1/../../../../arm-none-eabi/lib/armv7-m/libc_nano.a(lib_a-sbrkr.o)
                0x0000000000004190                _sbrk_r
 .text.__sccl   0x00000000000041b0       0x60 /usr/local/gcc_arm/bin/../lib/gcc/arm-none-eabi/5.2.1/../../../../arm-none-eabi/lib/armv7-m/libc_nano.a(lib_a-sccl.o)
                0x00000000000041b0                __sccl
 .text.setbuf   0x0000000000004210       0x10 /usr/local/gcc_arm/bin/../lib/gcc/arm-none-eabi/5.2.1/../../../../arm-none-eabi/lib/armv7-m/libc_nano.a(lib_a-setbuf.o)
                0x0000000000004210                setbuf
 .text.setvbuf  0x0000000000004220      0x110 /usr/local/gcc_arm/bin/../lib/gcc/arm-none-eabi/5.2.1/../../../../arm-none-eabi/lib/armv7-m/libc_nano.a(lib_a-setvbuf.o)
                0x0000000000004220                setvbuf
 .text.nanf     0x0000000000004330        0x8 /usr/local/gcc_arm/bin/../lib/gcc/arm-none-eabi/5.2.1/../../../../arm-none-eabi/lib/armv7-m/libc_nano.a(lib_a-sf_nan.o)
                0x0000000000004330                nanf
 .text._raise_r
                0x0000000000004338       0x54 /usr/local/gcc_arm/bin/../lib/gcc/arm-none-eabi/5.2.1/../../../../arm-none-eabi/lib/armv7-m/libc_nano.a(lib_a-signal.o)
                0x0000000000004338                _raise_r
 .text.raise    0x000000000000438c       0x10 /usr/local/gcc_arm/bin/../lib/gcc/arm-none-eabi/5.2.1/../../../../arm-none-eabi/lib/armv7-m/libc_nano.a(lib_a-signal.o)
                0x000000000000438c                raise
 .text._kill_r  0x000000000000439c       0x24 /usr/local/gcc_arm/bin/../lib/gcc/arm-none-eabi/5.2.1/../../../../arm-none-eabi/lib/armv7-m/libc_nano.a(lib_a-signalr.o)
                0x000000000000439c                _kill_r
 .text._getpid_r
                0x00000000000043c0        0x4 /usr/local/gcc_arm/bin/../lib/gcc/arm-none-eabi/5.2.1/../../../../arm-none-eabi/lib/armv7-m/libc_nano.a(lib_a-signalr.o)
                0x00000000000043c0                _getpid_r
 .text.sprintf  0x00000000000043c4       0x48 /usr/local/gcc_arm/bin/../lib/gcc/arm-none-eabi/5.2.1/../../../../arm-none-eabi/lib/armv7-m/libc_nano.a(lib_a-sprintf.o)
                0x00000000000043c4                sprintf
                0x00000000000043c4                siprintf
 .text.sscanf   0x000000000000440c       0x54 /usr/local/gcc_arm/bin/../lib/gcc/arm-none-eabi/5.2.1/../../../../arm-none-eabi/lib/armv7-m/libc_nano.a(lib_a-sscanf.o)
                0x000000000000440c                sscanf
                0x000000000000440c                siscanf
 .text.__sread  0x0000000000004460       0x22 /usr/local/gcc_arm/bin/../lib/gcc/arm-none-eabi/5.2.1/../../../../arm-none-eabi/lib/armv7-m/libc_nano.a(lib_a-stdio.o)
                0x0000000000004460                __sread
 .text.__seofread
                0x0000000000004482        0x4 /usr/local/gcc_arm/bin/../lib/gcc/arm-none-eabi/5.2.1/../../../../arm-none-eabi/lib/armv7-m/libc_nano.a(lib_a-stdio.o)
                0x0000000000004482                __seofread
 .text.__swrite
                0x0000000000004486       0x38 /usr/local/gcc_arm/bin/../lib/gcc/arm-none-eabi/5.2.1/../../../../arm-none-eabi/lib/armv7-m/libc_nano.a(lib_a-stdio.o)
                0x0000000000004486                __swrite
 .text.__sseek  0x00000000000044be       0x24 /usr/local/gcc_arm/bin/../lib/gcc/arm-none-eabi/5.2.1/../../../../arm-none-eabi/lib/armv7-m/libc_nano.a(lib_a-stdio.o)
                0x00000000000044be                __sseek
 .text.__sclose
                0x00000000000044e2        0x8 /usr/local/gcc_arm/bin/../lib/gcc/arm-none-eabi/5.2.1/../../../../arm-none-eabi/lib/armv7-m/libc_nano.a(lib_a-stdio.o)
                0x00000000000044e2                __sclose
 .text          0x00000000000044ea       0x14 /usr/local/gcc_arm/bin/../lib/gcc/arm-none-eabi/5.2.1/../../../../arm-none-eabi/lib/armv7-m/libc_nano.a(lib_a-strcmp.o)
                0x00000000000044ea                strcmp
 .text          0x00000000000044fe       0x10 /usr/local/gcc_arm/bin/../lib/gcc/arm-none-eabi/5.2.1/../../../../arm-none-eabi/lib/armv7-m/libc_nano.a(lib_a-strlen.o)
                0x00000000000044fe                strlen
 .text.strncmp  0x000000000000450e       0x2a /usr/local/gcc_arm/bin/../lib/gcc/arm-none-eabi/5.2.1/../../../../arm-none-eabi/lib/armv7-m/libc_nano.a(lib_a-strncmp.o)
                0x000000000000450e                strncmp
 .text.sulp     0x0000000000004538       0x42 /usr/local/gcc_arm/bin/../lib/gcc/arm-none-eabi/5.2.1/../../../../arm-none-eabi/lib/armv7-m/libc_nano.a(lib_a-strtod.o)
 *fill*         0x000000000000457a        0x6 
 .text._strtod_r
                0x0000000000004580      0xc00 /usr/local/gcc_arm/bin/../lib/gcc/arm-none-eabi/5.2.1/../../../../arm-none-eabi/lib/armv7-m/libc_nano.a(lib_a-strtod.o)
                0x0000000000004580                _strtod_r
 .text._strtol_r
                0x0000000000005180      0x10c /usr/local/gcc_arm/bin/../lib/gcc/arm-none-eabi/5.2.1/../../../../arm-none-eabi/lib/armv7-m/libc_nano.a(lib_a-strtol.o)
                0x0000000000005180                _strtol_r
 .text._strtoul_r
                0x000000000000528c       0xfc /usr/local/gcc_arm/bin/../lib/gcc/arm-none-eabi/5.2.1/../../../../arm-none-eabi/lib/armv7-m/libc_nano.a(lib_a-strtoul.o)
                0x000000000000528c                _strtoul_r
 .text.__submore
                0x0000000000005388       0x72 /usr/local/gcc_arm/bin/../lib/gcc/arm-none-eabi/5.2.1/../../../../arm-none-eabi/lib/armv7-m/libc_nano.a(lib_a-ungetc.o)
                0x0000000000005388                __submore
 *fill*         0x00000000000053fa        0x2 
 .text.__swbuf_r
                0x00000000000053fc       0xa8 /usr/local/gcc_arm/bin/../lib/gcc/arm-none-eabi/5.2.1/../../../../arm-none-eabi/lib/armv7-m/libc_nano.a(lib_a-wbuf.o)
                0x00000000000053fc                __swbuf_r
 .text._write_r
                0x00000000000054a4       0x24 /usr/local/gcc_arm/bin/../lib/gcc/arm-none-eabi/5.2.1/../../../../arm-none-eabi/lib/armv7-m/libc_nano.a(lib_a-writer.o)
                0x00000000000054a4                _write_r
 .text.__swsetup_r
                0x00000000000054c8       0xd8 /usr/local/gcc_arm/bin/../lib/gcc/arm-none-eabi/5.2.1/../../../../arm-none-eabi/lib/armv7-m/libc_nano.a(lib_a-wsetup.o)
                0x00000000000054c8                __swsetup_r
 .text._close_r
                0x00000000000055a0       0x20 /usr/local/gcc_arm/bin/../lib/gcc/arm-none-eabi/5.2.1/../../../../arm-none-eabi/lib/armv7-m/libc_nano.a(lib_a-closer.o)
                0x00000000000055a0                _close_r
 .text.quorem   0x00000000000055c0      0x116 /usr/local/gcc_arm/bin/../lib/gcc/arm-none-eabi/5.2.1/../../../../arm-none-eabi/lib/armv7-m/libc_nano.a(lib_a-dtoa.o)
 *fill*         0x00000000000056d6        0x2 
 .text._dtoa_r  0x00000000000056d8      0xb30 /usr/local/gcc_arm/bin/../lib/gcc/arm-none-eabi/5.2.1/../../../../arm-none-eabi/lib/armv7-m/libc_nano.a(lib_a-dtoa.o)
                0x00000000000056d8                _dtoa_r
 .text.__sflags
                0x0000000000006208       0x6e /usr/local/gcc_arm/bin/../lib/gcc/arm-none-eabi/5.2.1/../../../../arm-none-eabi/lib/armv7-m/libc_nano.a(lib_a-flags.o)
                0x0000000000006208                __sflags
 *fill*         0x0000000000006276        0x2 
 .text._fstat_r
                0x0000000000006278       0x24 /usr/local/gcc_arm/bin/../lib/gcc/arm-none-eabi/5.2.1/../../../../arm-none-eabi/lib/armv7-m/libc_nano.a(lib_a-fstatr.o)
                0x0000000000006278                _fstat_r
 .text.rshift   0x000000000000629c       0x6c /usr/local/gcc_arm/bin/../lib/gcc/arm-none-eabi/5.2.1/../../../../arm-none-eabi/lib/armv7-m/libc_nano.a(lib_a-gdtoa-gethex.o)
 .text.__hexdig_fun
                0x0000000000006308       0x2a /usr/local/gcc_arm/bin/../lib/gcc/arm-none-eabi/5.2.1/../../../../arm-none-eabi/lib/armv7-m/libc_nano.a(lib_a-gdtoa-gethex.o)
                0x0000000000006308                __hexdig_fun
 .text.__gethex
                0x0000000000006332      0x43e /usr/local/gcc_arm/bin/../lib/gcc/arm-none-eabi/5.2.1/../../../../arm-none-eabi/lib/armv7-m/libc_nano.a(lib_a-gdtoa-gethex.o)
                0x0000000000006332                __gethex
 .text.L_shift  0x0000000000006770       0x24 /usr/local/gcc_arm/bin/../lib/gcc/arm-none-eabi/5.2.1/../../../../arm-none-eabi/lib/armv7-m/libc_nano.a(lib_a-gdtoa-hexnan.o)
 .text.__match  0x0000000000006794       0x26 /usr/local/gcc_arm/bin/../lib/gcc/arm-none-eabi/5.2.1/../../../../arm-none-eabi/lib/armv7-m/libc_nano.a(lib_a-gdtoa-hexnan.o)
                0x0000000000006794                __match
 .text.__hexnan
                0x00000000000067ba      0x11c /usr/local/gcc_arm/bin/../lib/gcc/arm-none-eabi/5.2.1/../../../../arm-none-eabi/lib/armv7-m/libc_nano.a(lib_a-gdtoa-hexnan.o)
                0x00000000000067ba                __hexnan
 *fill*         0x00000000000068d6        0x2 
 .text._isatty_r
                0x00000000000068d8       0x20 /usr/local/gcc_arm/bin/../lib/gcc/arm-none-eabi/5.2.1/../../../../arm-none-eabi/lib/armv7-m/libc_nano.a(lib_a-isattyr.o)
                0x00000000000068d8                _isatty_r
 .text._localeconv_r
                0x00000000000068f8        0x8 /usr/local/gcc_arm/bin/../lib/gcc/arm-none-eabi/5.2.1/../../../../arm-none-eabi/lib/armv7-m/libc_nano.a(lib_a-locale.o)
                0x00000000000068f8                _localeconv_r
 .text._lseek_r
                0x0000000000006900       0x24 /usr/local/gcc_arm/bin/../lib/gcc/arm-none-eabi/5.2.1/../../../../arm-none-eabi/lib/armv7-m/libc_nano.a(lib_a-lseekr.o)
                0x0000000000006900                _lseek_r
 .text.memmove  0x0000000000006924       0x36 /usr/local/gcc_arm/bin/../lib/gcc/arm-none-eabi/5.2.1/../../../../arm-none-eabi/lib/armv7-m/libc_nano.a(lib_a-memmove.o)
                0x0000000000006924                memmove
 .text._Balloc  0x000000000000695a       0x6a /usr/local/gcc_arm/bin/../lib/gcc/arm-none-eabi/5.2.1/../../../../arm-none-eabi/lib/armv7-m/libc_nano.a(lib_a-mprec.o)
                0x000000000000695a                _Balloc
 .text._Bfree   0x00000000000069c4       0x2e /usr/local/gcc_arm/bin/../lib/gcc/arm-none-eabi/5.2.1/../../../../arm-none-eabi/lib/armv7-m/libc_nano.a(lib_a-mprec.o)
                0x00000000000069c4                _Bfree
 .text.__multadd
                0x00000000000069f2       0x76 /usr/local/gcc_arm/bin/../lib/gcc/arm-none-eabi/5.2.1/../../../../arm-none-eabi/lib/armv7-m/libc_nano.a(lib_a-mprec.o)
                0x00000000000069f2                __multadd
 .text.__s2b    0x0000000000006a68       0x7c /usr/local/gcc_arm/bin/../lib/gcc/arm-none-eabi/5.2.1/../../../../arm-none-eabi/lib/armv7-m/libc_nano.a(lib_a-mprec.o)
                0x0000000000006a68                __s2b
 .text.__hi0bits
                0x0000000000006ae4       0x40 /usr/local/gcc_arm/bin/../lib/gcc/arm-none-eabi/5.2.1/../../../../arm-none-eabi/lib/armv7-m/libc_nano.a(lib_a-mprec.o)
                0x0000000000006ae4                __hi0bits
 .text.__lo0bits
                0x0000000000006b24       0x5a /usr/local/gcc_arm/bin/../lib/gcc/arm-none-eabi/5.2.1/../../../../arm-none-eabi/lib/armv7-m/libc_nano.a(lib_a-mprec.o)
                0x0000000000006b24                __lo0bits
 .text.__i2b    0x0000000000006b7e       0x12 /usr/local/gcc_arm/bin/../lib/gcc/arm-none-eabi/5.2.1/../../../../arm-none-eabi/lib/armv7-m/libc_nano.a(lib_a-mprec.o)
                0x0000000000006b7e                __i2b
 .text.__multiply
                0x0000000000006b90      0x120 /usr/local/gcc_arm/bin/../lib/gcc/arm-none-eabi/5.2.1/../../../../arm-none-eabi/lib/armv7-m/libc_nano.a(lib_a-mprec.o)
                0x0000000000006b90                __multiply
 .text.__pow5mult
                0x0000000000006cb0       0x9c /usr/local/gcc_arm/bin/../lib/gcc/arm-none-eabi/5.2.1/../../../../arm-none-eabi/lib/armv7-m/libc_nano.a(lib_a-mprec.o)
                0x0000000000006cb0                __pow5mult
 .text.__lshift
                0x0000000000006d4c       0xa2 /usr/local/gcc_arm/bin/../lib/gcc/arm-none-eabi/5.2.1/../../../../arm-none-eabi/lib/armv7-m/libc_nano.a(lib_a-mprec.o)
                0x0000000000006d4c                __lshift
 .text.__mcmp   0x0000000000006dee       0x38 /usr/local/gcc_arm/bin/../lib/gcc/arm-none-eabi/5.2.1/../../../../arm-none-eabi/lib/armv7-m/libc_nano.a(lib_a-mprec.o)
                0x0000000000006dee                __mcmp
 .text.__mdiff  0x0000000000006e26       0xbe /usr/local/gcc_arm/bin/../lib/gcc/arm-none-eabi/5.2.1/../../../../arm-none-eabi/lib/armv7-m/libc_nano.a(lib_a-mprec.o)
                0x0000000000006e26                __mdiff
 .text.__ulp    0x0000000000006ee4       0x48 /usr/local/gcc_arm/bin/../lib/gcc/arm-none-eabi/5.2.1/../../../../arm-none-eabi/lib/armv7-m/libc_nano.a(lib_a-mprec.o)
                0x0000000000006ee4                __ulp
 .text.__b2d    0x0000000000006f2c       0x9a /usr/local/gcc_arm/bin/../lib/gcc/arm-none-eabi/5.2.1/../../../../arm-none-eabi/lib/armv7-m/libc_nano.a(lib_a-mprec.o)
                0x0000000000006f2c                __b2d
 .text.__d2b    0x0000000000006fc6       0x9c /usr/local/gcc_arm/bin/../lib/gcc/arm-none-eabi/5.2.1/../../../../arm-none-eabi/lib/armv7-m/libc_nano.a(lib_a-mprec.o)
                0x0000000000006fc6                __d2b
 .text.__ratio  0x0000000000007062       0x50 /usr/local/gcc_arm/bin/../lib/gcc/arm-none-eabi/5.2.1/../../../../arm-none-eabi/lib/armv7-m/libc_nano.a(lib_a-mprec.o)
                0x0000000000007062                __ratio
 .text.__copybits
                0x00000000000070b2       0x34 /usr/local/gcc_arm/bin/../lib/gcc/arm-none-eabi/5.2.1/../../../../arm-none-eabi/lib/armv7-m/libc_nano.a(lib_a-mprec.o)
                0x00000000000070b2                __copybits
 .text.__any_on
                0x00000000000070e6       0x44 /usr/local/gcc_arm/bin/../lib/gcc/arm-none-eabi/5.2.1/../../../../arm-none-eabi/lib/armv7-m/libc_nano.a(lib_a-mprec.o)
                0x00000000000070e6                __any_on
 .text._calloc_r
                0x000000000000712a       0x1c /usr/local/gcc_arm/bin/../lib/gcc/arm-none-eabi/5.2.1/../../../../arm-none-eabi/lib/armv7-m/libc_nano.a(lib_a-nano-callocr.o)
                0x000000000000712a                _calloc_r
 .text._realloc_r
                0x0000000000007146       0x4c /usr/local/gcc_arm/bin/../lib/gcc/arm-none-eabi/5.2.1/../../../../arm-none-eabi/lib/armv7-m/libc_nano.a(lib_a-nano-reallocr.o)
                0x0000000000007146                _realloc_r
 .text.__ssputs_r
                0x0000000000007192       0xb2 /usr/local/gcc_arm/bin/../lib/gcc/arm-none-eabi/5.2.1/../../../../arm-none-eabi/lib/armv7-m/libc_nano.a(lib_a-nano-svfprintf.o)
                0x0000000000007192                __ssputs_r
 .text._svfprintf_r
                0x0000000000007244      0x1e8 /usr/local/gcc_arm/bin/../lib/gcc/arm-none-eabi/5.2.1/../../../../arm-none-eabi/lib/armv7-m/libc_nano.a(lib_a-nano-svfprintf.o)
                0x0000000000007244                _svfprintf_r
                0x0000000000007244                _svfiprintf_r
 .text._sungetc_r
                0x000000000000742c       0x7c /usr/local/gcc_arm/bin/../lib/gcc/arm-none-eabi/5.2.1/../../../../arm-none-eabi/lib/armv7-m/libc_nano.a(lib_a-nano-svfscanf.o)
                0x000000000000742c                _sungetc_r
 .text.__ssrefill_r
                0x00000000000074a8       0x3a /usr/local/gcc_arm/bin/../lib/gcc/arm-none-eabi/5.2.1/../../../../arm-none-eabi/lib/armv7-m/libc_nano.a(lib_a-nano-svfscanf.o)
                0x00000000000074a8                __ssrefill_r
 *fill*         0x00000000000074e2        0x2 
 .text.__ssvfscanf_r
                0x00000000000074e4      0x29c /usr/local/gcc_arm/bin/../lib/gcc/arm-none-eabi/5.2.1/../../../../arm-none-eabi/lib/armv7-m/libc_nano.a(lib_a-nano-svfscanf.o)
                0x00000000000074e4                __ssvfscanf_r
                0x00000000000074e4                __ssvfiscanf_r
 .text._read_r  0x0000000000007780       0x24 /usr/local/gcc_arm/bin/../lib/gcc/arm-none-eabi/5.2.1/../../../../arm-none-eabi/lib/armv7-m/libc_nano.a(lib_a-readr.o)
                0x0000000000007780                _read_r
 .text._malloc_usable_size_r
                0x00000000000077a4       0x14 /usr/local/gcc_arm/bin/../lib/gcc/arm-none-eabi/5.2.1/../../../../arm-none-eabi/lib/armv7-m/libc_nano.a(lib_a-nano-msizer.o)
                0x00000000000077a4                _malloc_usable_size_r
 .text          0x00000000000077b8      0x370 /usr/local/gcc_arm/bin/../lib/gcc/arm-none-eabi/5.2.1/armv7-m/libgcc.a(_arm_addsubdf3.o)
                0x00000000000077b8                __aeabi_drsub
                0x00000000000077c0                __subdf3
                0x00000000000077c0                __aeabi_dsub
                0x00000000000077c4                __aeabi_dadd
                0x00000000000077c4                __adddf3
                0x0000000000007a3c                __aeabi_ui2d
                0x0000000000007a3c                __floatunsidf
                0x0000000000007a5c                __floatsidf
                0x0000000000007a5c                __aeabi_i2d
                0x0000000000007a80                __extendsfdf2
                0x0000000000007a80                __aeabi_f2d
                0x0000000000007abc                __aeabi_ul2d
                0x0000000000007abc                __floatundidf
                0x0000000000007acc                __aeabi_l2d
                0x0000000000007acc                __floatdidf
 .text          0x0000000000007b28      0x424 /usr/local/gcc_arm/bin/../lib/gcc/arm-none-eabi/5.2.1/armv7-m/libgcc.a(_arm_muldivdf3.o)
                0x0000000000007b28                __aeabi_dmul
                0x0000000000007b28                __muldf3
                0x0000000000007d7c                __aeabi_ddiv
                0x0000000000007d7c                __divdf3
 .text          0x0000000000007f4c      0x110 /usr/local/gcc_arm/bin/../lib/gcc/arm-none-eabi/5.2.1/armv7-m/libgcc.a(_arm_cmpdf2.o)
                0x0000000000007f4c                __gtdf2
                0x0000000000007f4c                __gedf2
                0x0000000000007f54                __ltdf2
                0x0000000000007f54                __ledf2
                0x0000000000007f5c                __eqdf2
                0x0000000000007f5c                __nedf2
                0x0000000000007f5c                __cmpdf2
                0x0000000000007fd8                __aeabi_cdrcmple
                0x0000000000007fe8                __aeabi_cdcmple
                0x0000000000007fe8                __aeabi_cdcmpeq
                0x0000000000007ff8                __aeabi_dcmpeq
                0x000000000000800c                __aeabi_dcmplt
                0x0000000000008020                __aeabi_dcmple
                0x0000000000008034                __aeabi_dcmpge
                0x0000000000008048                __aeabi_dcmpgt
 .text          0x000000000000805c       0x50 /usr/local/gcc_arm/bin/../lib/gcc/arm-none-eabi/5.2.1/armv7-m/libgcc.a(_arm_fixdfsi.o)
                0x000000000000805c                __fixdfsi
                0x000000000000805c                __aeabi_d2iz
 .text          0x00000000000080ac       0x40 /usr/local/gcc_arm/bin/../lib/gcc/arm-none-eabi/5.2.1/armv7-m/libgcc.a(_arm_fixunsdfsi.o)
                0x00000000000080ac                __fixunsdfsi
                0x00000000000080ac                __aeabi_d2uiz
 .text          0x00000000000080ec       0xa0 /usr/local/gcc_arm/bin/../lib/gcc/arm-none-eabi/5.2.1/armv7-m/libgcc.a(_arm_truncdfsf2.o)
                0x00000000000080ec                __aeabi_d2f
                0x00000000000080ec                __truncdfsf2
 .text          0x000000000000818c      0x21c /usr/local/gcc_arm/bin/../lib/gcc/arm-none-eabi/5.2.1/armv7-m/libgcc.a(_arm_addsubsf3.o)
                0x000000000000818c                __aeabi_frsub
                0x0000000000008194                __aeabi_fsub
                0x0000000000008194                __subsf3
                0x0000000000008198                __aeabi_fadd
                0x0000000000008198                __addsf3
                0x00000000000082f8                __aeabi_ui2f
                0x00000000000082f8                __floatunsisf
                0x0000000000008300                __floatsisf
                0x0000000000008300                __aeabi_i2f
                0x000000000000831c                __aeabi_ul2f
                0x000000000000831c                __floatundisf
                0x000000000000832c                __aeabi_l2f
                0x000000000000832c                __floatdisf
 .text          0x00000000000083a8      0x2a0 /usr/local/gcc_arm/bin/../lib/gcc/arm-none-eabi/5.2.1/armv7-m/libgcc.a(_arm_muldivsf3.o)
                0x00000000000083a8                __mulsf3
                0x00000000000083a8                __aeabi_fmul
                0x0000000000008510                __divsf3
                0x0000000000008510                __aeabi_fdiv
 .text          0x0000000000008648       0xec /usr/local/gcc_arm/bin/../lib/gcc/arm-none-eabi/5.2.1/armv7-m/libgcc.a(_arm_cmpsf2.o)
                0x0000000000008648                __gesf2
                0x0000000000008648                __gtsf2
                0x0000000000008650                __ltsf2
                0x0000000000008650                __lesf2
                0x0000000000008658                __nesf2
                0x0000000000008658                __eqsf2
                0x0000000000008658                __cmpsf2
                0x00000000000086b8                __aeabi_cfrcmple
                0x00000000000086c0                __aeabi_cfcmpeq
                0x00000000000086c0                __aeabi_cfcmple
                0x00000000000086d0                __aeabi_fcmpeq
                0x00000000000086e4                __aeabi_fcmplt
                0x00000000000086f8                __aeabi_fcmple
                0x000000000000870c                __aeabi_fcmpge
                0x0000000000008720                __aeabi_fcmpgt
 .text          0x0000000000008734       0x4c /usr/local/gcc_arm/bin/../lib/gcc/arm-none-eabi/5.2.1/armv7-m/libgcc.a(_arm_fixsfsi.o)
                0x0000000000008734                __fixsfsi
                0x0000000000008734                __aeabi_f2iz
 .text          0x0000000000008780       0x40 /usr/local/gcc_arm/bin/../lib/gcc/arm-none-eabi/5.2.1/armv7-m/libgcc.a(_arm_fixunssfsi.o)
                0x0000000000008780                __aeabi_f2uiz
                0x0000000000008780                __fixunssfsi
 .text._getpid  0x00000000000087c0       0x10 /usr/local/gcc_arm/bin/../lib/gcc/arm-none-eabi/5.2.1/../../../../arm-none-eabi/lib/armv7-m/libnosys.a(getpid.o)
                0x00000000000087c0                _getpid
 .text._kill    0x00000000000087d0       0x10 /usr/local/gcc_arm/bin/../lib/gcc/arm-none-eabi/5.2.1/../../../../arm-none-eabi/lib/armv7-m/libnosys.a(kill.o)
                0x00000000000087d0                _kill
 *(.init)
 .init          0x00000000000087e0        0x4 /usr/local/gcc_arm/bin/../lib/gcc/arm-none-eabi/5.2.1/armv7-m/crti.o
                0x00000000000087e0                _init
 .init          0x00000000000087e4        0x8 /usr/local/gcc_arm/bin/../lib/gcc/arm-none-eabi/5.2.1/armv7-m/crtn.o
 *(.fini)
 .fini          0x00000000000087ec        0x4 /usr/local/gcc_arm/bin/../lib/gcc/arm-none-eabi/5.2.1/armv7-m/crti.o
                0x00000000000087ec                _fini
 .fini          0x00000000000087f0        0x8 /usr/local/gcc_arm/bin/../lib/gcc/arm-none-eabi/5.2.1/armv7-m/crtn.o
 *crtbegin.o(.ctors)
 *crtbegin?.o(.ctors)
 *(EXCLUDE_FILE(*crtend.o *crtend?.o) .ctors)
 *(SORT(.ctors.*))
 *(.ctors)
 *crtbegin.o(.dtors)
 *crtbegin?.o(.dtors)
 *(EXCLUDE_FILE(*crtend.o *crtend?.o) .dtors)
 *(SORT(.dtors.*))
 *(.dtors)
 *(.rodata*)
 .rodata.str1.1
                0x00000000000087f8       0x50 main.o
 .rodata.str1.4
                0x0000000000008848       0x80 mbed/TARGET_LPC1768/TOOLCHAIN_GCC_ARM/board.o
 .rodata.__stdin_name
                0x00000000000088c8        0x7 mbed/TARGET_LPC1768/TOOLCHAIN_GCC_ARM/retarget.o
                0x00000000000088c8                __stdin_name
 *fill*         0x00000000000088cf        0x1 
 .rodata.__stderr_name
                0x00000000000088d0        0x8 mbed/TARGET_LPC1768/TOOLCHAIN_GCC_ARM/retarget.o
                0x00000000000088d0                __stderr_name
 .rodata.__stdout_name
                0x00000000000088d8        0x8 mbed/TARGET_LPC1768/TOOLCHAIN_GCC_ARM/retarget.o
                0x00000000000088d8                __stdout_name
 .rodata._ZTVN4mbed10FileHandleE
                0x00000000000088e0       0x2c mbed/TARGET_LPC1768/TOOLCHAIN_GCC_ARM/retarget.o
                0x00000000000088e0                vtable for mbed::FileHandle
 .rodata.str1.4
                0x000000000000890c        0xe mbed/TARGET_LPC1768/TOOLCHAIN_GCC_ARM/retarget.o
 *fill*         0x000000000000891a        0x2 
 .rodata.PinMap_PWM
                0x000000000000891c       0xb4 ./mbed/TARGET_LPC1768/TOOLCHAIN_GCC_ARM/libmbed.a(pwmout_api.o)
 .rodata.str1.4
                0x00000000000089d0       0x7c ./mbed/TARGET_LPC1768/TOOLCHAIN_GCC_ARM/libmbed.a(pwmout_api.o)
 .rodata.PinMap_UART_RTS
                0x0000000000008a4c       0x24 ./mbed/TARGET_LPC1768/TOOLCHAIN_GCC_ARM/libmbed.a(serial_api.o)
 .rodata.CSWTCH.24
                0x0000000000008a70       0x10 ./mbed/TARGET_LPC1768/TOOLCHAIN_GCC_ARM/libmbed.a(serial_api.o)
 .rodata.PinMap_UART_RX
                0x0000000000008a80       0x6c ./mbed/TARGET_LPC1768/TOOLCHAIN_GCC_ARM/libmbed.a(serial_api.o)
 .rodata.str1.4
                0x0000000000008aec      0x164 ./mbed/TARGET_LPC1768/TOOLCHAIN_GCC_ARM/libmbed.a(serial_api.o)
 .rodata.PinMap_UART_TX
                0x0000000000008c50       0x6c ./mbed/TARGET_LPC1768/TOOLCHAIN_GCC_ARM/libmbed.a(serial_api.o)
 .rodata.PinMap_UART_CTS
                0x0000000000008cbc       0x24 ./mbed/TARGET_LPC1768/TOOLCHAIN_GCC_ARM/libmbed.a(serial_api.o)
 .rodata._ZTVN4mbed8FileBaseE
                0x0000000000008ce0       0x10 ./mbed/TARGET_LPC1768/TOOLCHAIN_GCC_ARM/libmbed.a(FileBase.o)
                0x0000000000008ce0                vtable for mbed::FileBase
 .rodata._ZTVN4mbed6SerialE
                0x0000000000008cf0       0x5c ./mbed/TARGET_LPC1768/TOOLCHAIN_GCC_ARM/libmbed.a(Serial.o)
                0x0000000000008cf0                vtable for mbed::Serial
 *fill*         0x0000000000008d4c        0x4 
 .rodata._ZTVN4mbed6StreamE
                0x0000000000008d50       0x44 ./mbed/TARGET_LPC1768/TOOLCHAIN_GCC_ARM/libmbed.a(Stream.o)
                0x0000000000008d50                vtable for mbed::Stream
 .rodata.str1.4
                0x0000000000008d94        0x3 ./mbed/TARGET_LPC1768/TOOLCHAIN_GCC_ARM/libmbed.a(Stream.o)
                                          0x7 (size before relaxing)
 *fill*         0x0000000000008d97        0x1 
 .rodata._ZTVN4mbed10SerialBaseE
                0x0000000000008d98       0x10 ./mbed/TARGET_LPC1768/TOOLCHAIN_GCC_ARM/libmbed.a(SerialBase.o)
                0x0000000000008d98                vtable for mbed::SerialBase
 .rodata.str1.4
                0x0000000000008da8       0x31 ./mbed/TARGET_LPC1768/TOOLCHAIN_GCC_ARM/libmbed.a(assert.o)
 .rodata.str1.4
                0x0000000000008dd9       0x80 ./mbed/TARGET_LPC1768/TOOLCHAIN_GCC_ARM/libmbed.a(gpio.o)
 *fill*         0x0000000000008dd9        0x3 
 .rodata.str1.4
                0x0000000000008ddc       0x66 ./mbed/TARGET_LPC1768/TOOLCHAIN_GCC_ARM/libmbed.a(pinmap_common.o)
 *fill*         0x0000000000008e42        0x2 
 .rodata.us_interface
                0x0000000000008e44       0x14 ./mbed/TARGET_LPC1768/TOOLCHAIN_GCC_ARM/libmbed.a(us_ticker_api.o)
 .rodata.us_data
                0x0000000000008e58        0x8 ./mbed/TARGET_LPC1768/TOOLCHAIN_GCC_ARM/libmbed.a(us_ticker_api.o)
 .rodata.str1.4
                0x0000000000008e60       0x7a ./mbed/TARGET_LPC1768/TOOLCHAIN_GCC_ARM/libmbed.a(gpio_api.o)
                                         0x94 (size before relaxing)
 *fill*         0x0000000000008eda        0x2 
 .rodata.str1.4
                0x0000000000008edc       0x64 ./mbed/TARGET_LPC1768/TOOLCHAIN_GCC_ARM/libmbed.a(pinmap.o)
                                         0x78 (size before relaxing)
 .rodata._ZTVN4mbed8FileLikeE
                0x0000000000008f40       0x3c ./mbed/TARGET_LPC1768/TOOLCHAIN_GCC_ARM/libmbed.a(FileLike.o)
                0x0000000000008f40                vtable for mbed::FileLike
 .rodata.__sf_fake_stdin
                0x0000000000008f7c       0x20 /usr/local/gcc_arm/bin/../lib/gcc/arm-none-eabi/5.2.1/../../../../arm-none-eabi/lib/armv7-m/libc_nano.a(lib_a-findfp.o)
                0x0000000000008f7c                __sf_fake_stdin
 .rodata.__sf_fake_stdout
                0x0000000000008f9c       0x20 /usr/local/gcc_arm/bin/../lib/gcc/arm-none-eabi/5.2.1/../../../../arm-none-eabi/lib/armv7-m/libc_nano.a(lib_a-findfp.o)
                0x0000000000008f9c                __sf_fake_stdout
 .rodata.__sf_fake_stderr
                0x0000000000008fbc       0x20 /usr/local/gcc_arm/bin/../lib/gcc/arm-none-eabi/5.2.1/../../../../arm-none-eabi/lib/armv7-m/libc_nano.a(lib_a-findfp.o)
                0x0000000000008fbc                __sf_fake_stderr
 .rodata.str1.1
                0x0000000000008fdc        0x2 /usr/local/gcc_arm/bin/../lib/gcc/arm-none-eabi/5.2.1/../../../../arm-none-eabi/lib/armv7-m/libc_nano.a(lib_a-impure.o)
 *fill*         0x0000000000008fde        0x2 
 .rodata._global_impure_ptr
                0x0000000000008fe0        0x4 /usr/local/gcc_arm/bin/../lib/gcc/arm-none-eabi/5.2.1/../../../../arm-none-eabi/lib/armv7-m/libc_nano.a(lib_a-impure.o)
                0x0000000000008fe0                _global_impure_ptr
 .rodata.str1.1
                0x0000000000008fe4       0x11 /usr/local/gcc_arm/bin/../lib/gcc/arm-none-eabi/5.2.1/../../../../arm-none-eabi/lib/armv7-m/libc_nano.a(lib_a-nano-vfprintf.o)
 .rodata.str1.1
                0x0000000000008ff5       0x10 /usr/local/gcc_arm/bin/../lib/gcc/arm-none-eabi/5.2.1/../../../../arm-none-eabi/lib/armv7-m/libc_nano.a(lib_a-nano-vfprintf_float.o)
                                         0x12 (size before relaxing)
 .rodata.str1.1
                0x0000000000009005       0x22 /usr/local/gcc_arm/bin/../lib/gcc/arm-none-eabi/5.2.1/../../../../arm-none-eabi/lib/armv7-m/libc_nano.a(lib_a-nano-vfprintf_i.o)
 .rodata.str1.1
                0x0000000000009027        0x5 /usr/local/gcc_arm/bin/../lib/gcc/arm-none-eabi/5.2.1/../../../../arm-none-eabi/lib/armv7-m/libc_nano.a(lib_a-nano-vfscanf_float.o)
 .rodata        0x000000000000902c        0xc /usr/local/gcc_arm/bin/../lib/gcc/arm-none-eabi/5.2.1/../../../../arm-none-eabi/lib/armv7-m/libc_nano.a(lib_a-nano-vfscanf_i.o)
 .rodata.str1.1
                0x0000000000009038       0x1b /usr/local/gcc_arm/bin/../lib/gcc/arm-none-eabi/5.2.1/../../../../arm-none-eabi/lib/armv7-m/libc_nano.a(lib_a-nano-vfscanf_i.o)
 *fill*         0x0000000000009053        0x1 
 .rodata.fpinan.5407
                0x0000000000009054       0x14 /usr/local/gcc_arm/bin/../lib/gcc/arm-none-eabi/5.2.1/../../../../arm-none-eabi/lib/armv7-m/libc_nano.a(lib_a-strtod.o)
 .rodata.str1.1
                0x0000000000009068       0x1b /usr/local/gcc_arm/bin/../lib/gcc/arm-none-eabi/5.2.1/../../../../arm-none-eabi/lib/armv7-m/libc_nano.a(lib_a-strtod.o)
                                          0xc (size before relaxing)
 .rodata.fpi.5371
                0x0000000000009068       0x14 /usr/local/gcc_arm/bin/../lib/gcc/arm-none-eabi/5.2.1/../../../../arm-none-eabi/lib/armv7-m/libc_nano.a(lib_a-strtod.o)
 *fill*         0x000000000000907c        0x4 
 .rodata.tinytens
                0x0000000000009080       0x28 /usr/local/gcc_arm/bin/../lib/gcc/arm-none-eabi/5.2.1/../../../../arm-none-eabi/lib/armv7-m/libc_nano.a(lib_a-strtod.o)
 .rodata._ctype_
                0x00000000000090a8      0x101 /usr/local/gcc_arm/bin/../lib/gcc/arm-none-eabi/5.2.1/../../../../arm-none-eabi/lib/armv7-m/libc_nano.a(lib_a-ctype_.o)
                0x00000000000090a8                _ctype_
 .rodata.str1.1
                0x00000000000091a9        0xd /usr/local/gcc_arm/bin/../lib/gcc/arm-none-eabi/5.2.1/../../../../arm-none-eabi/lib/armv7-m/libc_nano.a(lib_a-dtoa.o)
                                          0xf (size before relaxing)
 .rodata.str1.1
                0x00000000000091b6        0x6 /usr/local/gcc_arm/bin/../lib/gcc/arm-none-eabi/5.2.1/../../../../arm-none-eabi/lib/armv7-m/libc_nano.a(lib_a-locale.o)
                                          0xb (size before relaxing)
 *fill*         0x00000000000091bc        0x4 
 .rodata.__mprec_tens
                0x00000000000091c0       0xc8 /usr/local/gcc_arm/bin/../lib/gcc/arm-none-eabi/5.2.1/../../../../arm-none-eabi/lib/armv7-m/libc_nano.a(lib_a-mprec.o)
                0x00000000000091c0                __mprec_tens
 .rodata.p05.5414
                0x0000000000009288        0xc /usr/local/gcc_arm/bin/../lib/gcc/arm-none-eabi/5.2.1/../../../../arm-none-eabi/lib/armv7-m/libc_nano.a(lib_a-mprec.o)
 *fill*         0x0000000000009294        0x4 
 .rodata.__mprec_bigtens
                0x0000000000009298       0x28 /usr/local/gcc_arm/bin/../lib/gcc/arm-none-eabi/5.2.1/../../../../arm-none-eabi/lib/armv7-m/libc_nano.a(lib_a-mprec.o)
                0x0000000000009298                __mprec_bigtens
 .rodata.str1.1
                0x00000000000092c0       0x11 /usr/local/gcc_arm/bin/../lib/gcc/arm-none-eabi/5.2.1/../../../../arm-none-eabi/lib/armv7-m/libc_nano.a(lib_a-nano-svfprintf.o)
 .rodata.str1.1
                0x00000000000092c0        0x4 /usr/local/gcc_arm/bin/../lib/gcc/arm-none-eabi/5.2.1/../../../../arm-none-eabi/lib/armv7-m/libc_nano.a(lib_a-nano-svfscanf.o)
 *(.eh_frame*)
 .eh_frame      0x00000000000092c0        0x0 /usr/local/gcc_arm/bin/../lib/gcc/arm-none-eabi/5.2.1/armv7-m/crtbegin.o
 .eh_frame      0x00000000000092c0        0x4 /usr/local/gcc_arm/bin/../lib/gcc/arm-none-eabi/5.2.1/armv7-m/crtend.o

.glue_7         0x00000000000092c4        0x0
 .glue_7        0x00000000000092c4        0x0 linker stubs

.glue_7t        0x00000000000092c4        0x0
 .glue_7t       0x00000000000092c4        0x0 linker stubs

.vfp11_veneer   0x00000000000092c4        0x0
 .vfp11_veneer  0x00000000000092c4        0x0 linker stubs

.v4_bx          0x00000000000092c4        0x0
 .v4_bx         0x00000000000092c4        0x0 linker stubs

.iplt           0x00000000000092c4        0x0
 .iplt          0x00000000000092c4        0x0 /usr/local/gcc_arm/bin/../lib/gcc/arm-none-eabi/5.2.1/armv7-m/crtbegin.o

.ARM.extab
 *(.ARM.extab* .gnu.linkonce.armextab.*)
                0x00000000000092c4                __exidx_start = .

.ARM.exidx      0x00000000000092c4        0x8
 *(.ARM.exidx* .gnu.linkonce.armexidx.*)
 .ARM.exidx     0x00000000000092c4        0x8 /usr/local/gcc_arm/bin/../lib/gcc/arm-none-eabi/5.2.1/../../../../arm-none-eabi/lib/armv7-m/crt0.o
                0x00000000000092cc                __exidx_end = .
                0x00000000000092cc                __etext = .

.rel.dyn        0x00000000000092cc        0x0
 .rel.iplt      0x00000000000092cc        0x0 /usr/local/gcc_arm/bin/../lib/gcc/arm-none-eabi/5.2.1/armv7-m/crtbegin.o

.data           0x00000000100000c8      0x338 load address 0x00000000000092cc
                0x00000000100000c8                __data_start__ = .
                0x00000000100000c8                Image$$RW_IRAM1$$Base = .
 *(vtable)
 *(.data*)
 .data          0x00000000100000c8        0x4 /usr/local/gcc_arm/bin/../lib/gcc/arm-none-eabi/5.2.1/armv7-m/crtbegin.o
                0x00000000100000c8                __dso_handle
 .data.time_100
                0x00000000100000cc       0xcc main.o
                0x00000000100000cc                time_100
 .data.table_hp
                0x0000000010000198       0xcc main.o
                0x0000000010000198                table_hp
 .data.table_vp
                0x0000000010000264       0xcc main.o
                0x0000000010000264                table_vp
 .data._ZZ5_sbrkE4heap
                0x0000000010000330        0x4 mbed/TARGET_LPC1768/TOOLCHAIN_GCC_ARM/retarget.o
 .data.SystemCoreClock
                0x0000000010000334        0x4 mbed/TARGET_LPC1768/TOOLCHAIN_GCC_ARM/system_LPC17xx.o
                0x0000000010000334                SystemCoreClock
 .data.PWM_MATCH
                0x0000000010000338       0x1c ./mbed/TARGET_LPC1768/TOOLCHAIN_GCC_ARM/libmbed.a(pwmout_api.o)
                0x0000000010000338                PWM_MATCH
 .data.impure_data
                0x0000000010000354       0x60 /usr/local/gcc_arm/bin/../lib/gcc/arm-none-eabi/5.2.1/../../../../arm-none-eabi/lib/armv7-m/libc_nano.a(lib_a-impure.o)
 .data._impure_ptr
                0x00000000100003b4        0x4 /usr/local/gcc_arm/bin/../lib/gcc/arm-none-eabi/5.2.1/../../../../arm-none-eabi/lib/armv7-m/libc_nano.a(lib_a-impure.o)
                0x00000000100003b4                _impure_ptr
 .data.__ctype_ptr__
                0x00000000100003b8        0x4 /usr/local/gcc_arm/bin/../lib/gcc/arm-none-eabi/5.2.1/../../../../arm-none-eabi/lib/armv7-m/libc_nano.a(lib_a-ctype_.o)
                0x00000000100003b8                __ctype_ptr__
 .data.lconv    0x00000000100003bc       0x38 /usr/local/gcc_arm/bin/../lib/gcc/arm-none-eabi/5.2.1/../../../../arm-none-eabi/lib/armv7-m/libc_nano.a(lib_a-locale.o)
                0x00000000100003f4                . = ALIGN (0x4)
                0x00000000100003f4                PROVIDE (__preinit_array_start, .)
 *(.preinit_array)
                0x00000000100003f4                PROVIDE (__preinit_array_end, .)
                0x00000000100003f4                . = ALIGN (0x4)
                0x00000000100003f4                PROVIDE (__init_array_start, .)
 *(SORT(.init_array.*))
 *(.init_array)
 .init_array    0x00000000100003f4        0x4 /usr/local/gcc_arm/bin/../lib/gcc/arm-none-eabi/5.2.1/armv7-m/crtbegin.o
 .init_array    0x00000000100003f8        0x4 main.o
                0x00000000100003fc                PROVIDE (__init_array_end, .)
                0x00000000100003fc                . = ALIGN (0x4)
                [!provide]                        PROVIDE (__fini_array_start, .)
 *(SORT(.fini_array.*))
 *(.fini_array)
 .fini_array    0x00000000100003fc        0x4 /usr/local/gcc_arm/bin/../lib/gcc/arm-none-eabi/5.2.1/armv7-m/crtbegin.o
                [!provide]                        PROVIDE (__fini_array_end, .)
                0x0000000010000400                . = ALIGN (0x4)
                0x0000000010000400                __data_end__ = .

.jcr            0x0000000010000400        0x0 load address 0x0000000000009604
 .jcr           0x0000000010000400        0x0 /usr/local/gcc_arm/bin/../lib/gcc/arm-none-eabi/5.2.1/armv7-m/crtbegin.o

.tm_clone_table
                0x0000000010000400        0x0 load address 0x0000000000009604
 .tm_clone_table
                0x0000000010000400        0x0 /usr/local/gcc_arm/bin/../lib/gcc/arm-none-eabi/5.2.1/armv7-m/crtbegin.o
 .tm_clone_table
                0x0000000010000400        0x0 /usr/local/gcc_arm/bin/../lib/gcc/arm-none-eabi/5.2.1/armv7-m/crtend.o

.igot.plt       0x0000000010000400        0x0 load address 0x0000000000009604
 .igot.plt      0x0000000010000400        0x0 /usr/local/gcc_arm/bin/../lib/gcc/arm-none-eabi/5.2.1/armv7-m/crtbegin.o

.bss            0x0000000010000400      0x3a8 load address 0x0000000000009604
                0x0000000010000400                __bss_start__ = .
 *(.bss*)
 .bss           0x0000000010000400       0x1c /usr/local/gcc_arm/bin/../lib/gcc/arm-none-eabi/5.2.1/armv7-m/crtbegin.o
 .bss.inv_temp  0x000000001000041c        0x4 main.o
                0x000000001000041c                inv_temp
 .bss.K         0x0000000010000420        0x4 main.o
                0x0000000010000420                K
 .bss.A         0x0000000010000424        0x4 main.o
                0x0000000010000424                A
 .bss.B         0x0000000010000428        0x4 main.o
                0x0000000010000428                B
 .bss.alt_dev   0x000000001000042c       0x58 main.o
                0x000000001000042c                alt_dev
 .bss.servo_dev_4
                0x0000000010000484       0x14 main.o
                0x0000000010000484                servo_dev_4
 .bss.temp1     0x0000000010000498        0x4 main.o
                0x0000000010000498                temp1
 .bss.temp2     0x000000001000049c        0x4 main.o
                0x000000001000049c                temp2
 .bss.temp3     0x00000000100004a0        0x4 main.o
                0x00000000100004a0                temp3
 .bss.temp4     0x00000000100004a4        0x4 main.o
                0x00000000100004a4                temp4
 .bss.temp5     0x00000000100004a8        0x4 main.o
                0x00000000100004a8                temp5
 .bss.temp6     0x00000000100004ac        0x4 main.o
                0x00000000100004ac                temp6
 .bss.temp7     0x00000000100004b0        0x4 main.o
                0x00000000100004b0                temp7
 .bss.temp8     0x00000000100004b4        0x4 main.o
                0x00000000100004b4                temp8
 .bss.xvec_est  0x00000000100004b8        0x4 main.o
                0x00000000100004b8                xvec_est
 .bss.servo_dev_3
                0x00000000100004bc       0x14 main.o
                0x00000000100004bc                servo_dev_3
 .bss.Q_Kalman  0x00000000100004d0        0x4 main.o
                0x00000000100004d0                Q_Kalman
 .bss.P_minus   0x00000000100004d4        0x4 main.o
                0x00000000100004d4                P_minus
 .bss.P_Kalman  0x00000000100004d8        0x4 main.o
                0x00000000100004d8                P_Kalman
 .bss.servo_dev
                0x00000000100004dc       0x14 main.o
                0x00000000100004dc                servo_dev
 .bss.servo_dev_2
                0x00000000100004f0       0x14 main.o
                0x00000000100004f0                servo_dev_2
 .bss.t_launch_s
                0x0000000010000504        0x4 main.o
                0x0000000010000504                t_launch_s
 .bss.main_timer
                0x0000000010000508       0x10 main.o
                0x0000000010000508                main_timer
 .bss.R_Kalman  0x0000000010000518        0x4 main.o
                0x0000000010000518                R_Kalman
 .bss.x_minus   0x000000001000051c        0x4 main.o
                0x000000001000051c                x_minus
 .bss.led1_dev  0x0000000010000520       0x18 main.o
                0x0000000010000520                led1_dev
 .bss.pc        0x0000000010000538       0x58 main.o
                0x0000000010000538                pc
 .bss.Atr       0x0000000010000590        0x4 main.o
                0x0000000010000590                Atr
 .bss._ZL11filehandles
                0x0000000010000594      0x100 mbed/TARGET_LPC1768/TOOLCHAIN_GCC_ARM/retarget.o
 .bss.pwm_clock_mhz
                0x0000000010000694        0x4 ./mbed/TARGET_LPC1768/TOOLCHAIN_GCC_ARM/libmbed.a(pwmout_api.o)
 .bss.stdio_uart_inited
                0x0000000010000698        0x4 ./mbed/TARGET_LPC1768/TOOLCHAIN_GCC_ARM/libmbed.a(serial_api.o)
                0x0000000010000698                stdio_uart_inited
 .bss.irq_handler
                0x000000001000069c        0x4 ./mbed/TARGET_LPC1768/TOOLCHAIN_GCC_ARM/libmbed.a(serial_api.o)
 .bss.uart_data
                0x00000000100006a0       0xe0 ./mbed/TARGET_LPC1768/TOOLCHAIN_GCC_ARM/libmbed.a(serial_api.o)
 .bss._ZN4mbed8FileBase5_headE
                0x0000000010000780        0x4 ./mbed/TARGET_LPC1768/TOOLCHAIN_GCC_ARM/libmbed.a(FileBase.o)
                0x0000000010000780                mbed::FileBase::_head
 .bss.events    0x0000000010000784        0x8 ./mbed/TARGET_LPC1768/TOOLCHAIN_GCC_ARM/libmbed.a(us_ticker_api.o)
 .bss.us_ticker_inited
                0x000000001000078c        0x4 ./mbed/TARGET_LPC1768/TOOLCHAIN_GCC_ARM/libmbed.a(us_ticker.o)
                0x000000001000078c                us_ticker_inited
 .bss._ZN12_GLOBAL__N_113__new_handlerE
                0x0000000010000790        0x4 /usr/local/gcc_arm/bin/../lib/gcc/arm-none-eabi/5.2.1/../../../../arm-none-eabi/lib/armv7-m/libstdc++_nano.a(new_handler.o)
 .bss.__malloc_sbrk_start
                0x0000000010000794        0x4 /usr/local/gcc_arm/bin/../lib/gcc/arm-none-eabi/5.2.1/../../../../arm-none-eabi/lib/armv7-m/libc_nano.a(lib_a-nano-mallocr.o)
                0x0000000010000794                __malloc_sbrk_start
 .bss.__malloc_free_list
                0x0000000010000798        0x4 /usr/local/gcc_arm/bin/../lib/gcc/arm-none-eabi/5.2.1/../../../../arm-none-eabi/lib/armv7-m/libc_nano.a(lib_a-nano-mallocr.o)
                0x0000000010000798                __malloc_free_list
 *(COMMON)
 COMMON         0x000000001000079c        0x8 ./mbed/TARGET_LPC1768/TOOLCHAIN_GCC_ARM/libmbed.a(serial_api.o)
                0x000000001000079c                stdio_uart
 COMMON         0x00000000100007a4        0x4 /usr/local/gcc_arm/bin/../lib/gcc/arm-none-eabi/5.2.1/../../../../arm-none-eabi/lib/armv7-m/libc_nano.a(lib_a-reent.o)
                0x00000000100007a4                errno
                0x00000000100007a8                __bss_end__ = .
                0x00000000100007a8                Image$$RW_IRAM1$$ZI$$Limit = .

.heap           0x00000000100007a8      0x800
                0x00000000100007a8                __end__ = .
                0x00000000100007a8                end = __end__
 *(.heap*)
 .heap          0x00000000100007a8      0x800 mbed/TARGET_LPC1768/TOOLCHAIN_GCC_ARM/startup_LPC17xx.o
                0x00000000100007a8                __HeapBase
                0x0000000010000fa8                __HeapLimit = .

.stack_dummy    0x00000000100007a8      0xc00
 *(.stack)
 .stack         0x00000000100007a8      0xc00 mbed/TARGET_LPC1768/TOOLCHAIN_GCC_ARM/startup_LPC17xx.o
                0x0000000010008000                __StackTop = (ORIGIN (RAM) + LENGTH (RAM))
                0x0000000010007400                __StackLimit = (__StackTop - SIZEOF (.stack_dummy))
                0x0000000010008000                PROVIDE (__stack, __StackTop)
                0x0000000000000001                ASSERT ((__StackLimit >= __HeapLimit), region RAM overflowed with stack)

.AHBSRAM0       0x000000002007c000        0x0
                0x000000002007c000                Image$$RW_IRAM2$$Base = .
 *(AHBSRAM0)
                0x000000002007c000                Image$$RW_IRAM2$$ZI$$Limit = .

.AHBSRAM1       0x0000000020080000        0x0
                0x0000000020080000                Image$$RW_IRAM3$$Base = .
 *(AHBSRAM1)
                0x0000000020080000                Image$$RW_IRAM3$$ZI$$Limit = .
OUTPUT(all_in_main.elf elf32-littlearm)

.ARM.attributes
                0x0000000000000000       0x29
 .ARM.attributes
                0x0000000000000000       0x1d /usr/local/gcc_arm/bin/../lib/gcc/arm-none-eabi/5.2.1/armv7-m/crti.o
 .ARM.attributes
                0x000000000000001d       0x2d /usr/local/gcc_arm/bin/../lib/gcc/arm-none-eabi/5.2.1/armv7-m/crtbegin.o
 .ARM.attributes
                0x000000000000004a       0x1b /usr/local/gcc_arm/bin/../lib/gcc/arm-none-eabi/5.2.1/../../../../arm-none-eabi/lib/armv7-m/crt0.o
 .ARM.attributes
                0x0000000000000065       0x33 main.o
 .ARM.attributes
                0x0000000000000098       0x33 Servo/Servo.o
 .ARM.attributes
                0x00000000000000cb       0x33 mbed/TARGET_LPC1768/TOOLCHAIN_GCC_ARM/board.o
 .ARM.attributes
                0x00000000000000fe       0x33 mbed/TARGET_LPC1768/TOOLCHAIN_GCC_ARM/cmsis_nvic.o
 .ARM.attributes
                0x0000000000000131       0x33 mbed/TARGET_LPC1768/TOOLCHAIN_GCC_ARM/retarget.o
 .ARM.attributes
                0x0000000000000164       0x1b mbed/TARGET_LPC1768/TOOLCHAIN_GCC_ARM/startup_LPC17xx.o
 .ARM.attributes
                0x000000000000017f       0x33 mbed/TARGET_LPC1768/TOOLCHAIN_GCC_ARM/system_LPC17xx.o
 .ARM.attributes
                0x00000000000001b2       0x33 ./mbed/TARGET_LPC1768/TOOLCHAIN_GCC_ARM/libmbed.a(pwmout_api.o)
 .ARM.attributes
                0x00000000000001e5       0x33 ./mbed/TARGET_LPC1768/TOOLCHAIN_GCC_ARM/libmbed.a(serial_api.o)
 .ARM.attributes
                0x0000000000000218       0x33 ./mbed/TARGET_LPC1768/TOOLCHAIN_GCC_ARM/libmbed.a(FilePath.o)
 .ARM.attributes
                0x000000000000024b       0x33 ./mbed/TARGET_LPC1768/TOOLCHAIN_GCC_ARM/libmbed.a(FileBase.o)
 .ARM.attributes
                0x000000000000027e       0x33 ./mbed/TARGET_LPC1768/TOOLCHAIN_GCC_ARM/libmbed.a(Timer.o)
 .ARM.attributes
                0x00000000000002b1       0x33 ./mbed/TARGET_LPC1768/TOOLCHAIN_GCC_ARM/libmbed.a(Serial.o)
 .ARM.attributes
                0x00000000000002e4       0x33 ./mbed/TARGET_LPC1768/TOOLCHAIN_GCC_ARM/libmbed.a(Stream.o)
 .ARM.attributes
                0x0000000000000317       0x33 ./mbed/TARGET_LPC1768/TOOLCHAIN_GCC_ARM/libmbed.a(SerialBase.o)
 .ARM.attributes
                0x000000000000034a       0x33 ./mbed/TARGET_LPC1768/TOOLCHAIN_GCC_ARM/libmbed.a(assert.o)
 .ARM.attributes