Archive member included to satisfy reference by file (symbol)

./mbed/TARGET_LPC1768/TOOLCHAIN_GCC_ARM/libmbed.a(pwmout_api.o)
                              Servo/Servo.o (pwmout_init)
./mbed/TARGET_LPC1768/TOOLCHAIN_GCC_ARM/libmbed.a(serial_api.o)
                              mbed/TARGET_LPC1768/TOOLCHAIN_GCC_ARM/retarget.o (serial_getc)
./mbed/TARGET_LPC1768/TOOLCHAIN_GCC_ARM/libmbed.a(I2C.o)
                              MMA8452/MMA8452.o (mbed::I2C::I2C(PinName, PinName))
./mbed/TARGET_LPC1768/TOOLCHAIN_GCC_ARM/libmbed.a(FileSystemLike.o)
                              mbed/TARGET_LPC1768/TOOLCHAIN_GCC_ARM/retarget.o (mbed::FileSystemLike::opendir())
./mbed/TARGET_LPC1768/TOOLCHAIN_GCC_ARM/libmbed.a(FilePath.o)
                              mbed/TARGET_LPC1768/TOOLCHAIN_GCC_ARM/retarget.o (mbed::FilePath::FilePath(char const*))
./mbed/TARGET_LPC1768/TOOLCHAIN_GCC_ARM/libmbed.a(FileBase.o)
                              ./mbed/TARGET_LPC1768/TOOLCHAIN_GCC_ARM/libmbed.a(FileSystemLike.o) (mbed::FileBase::~FileBase())
./mbed/TARGET_LPC1768/TOOLCHAIN_GCC_ARM/libmbed.a(Timer.o)
                              main.o (mbed::Timer::Timer())
./mbed/TARGET_LPC1768/TOOLCHAIN_GCC_ARM/libmbed.a(Serial.o)
                              main.o (mbed::Serial::Serial(PinName, PinName, char const*))
./mbed/TARGET_LPC1768/TOOLCHAIN_GCC_ARM/libmbed.a(Stream.o)
                              4DGL-uLCD-SE/uLCD_4DGL_main.o (mbed::Stream::close())
./mbed/TARGET_LPC1768/TOOLCHAIN_GCC_ARM/libmbed.a(SerialBase.o)
                              ./mbed/TARGET_LPC1768/TOOLCHAIN_GCC_ARM/libmbed.a(Serial.o) (mbed::SerialBase::SerialBase(PinName, PinName))
./mbed/TARGET_LPC1768/TOOLCHAIN_GCC_ARM/libmbed.a(assert.o)
                              mbed/TARGET_LPC1768/TOOLCHAIN_GCC_ARM/board.o (mbed_assert_internal)
./mbed/TARGET_LPC1768/TOOLCHAIN_GCC_ARM/libmbed.a(error.o)
                              mbed/TARGET_LPC1768/TOOLCHAIN_GCC_ARM/retarget.o (error)
./mbed/TARGET_LPC1768/TOOLCHAIN_GCC_ARM/libmbed.a(gpio.o)
                              ./mbed/TARGET_LPC1768/TOOLCHAIN_GCC_ARM/libmbed.a(serial_api.o) (gpio_init_in)
./mbed/TARGET_LPC1768/TOOLCHAIN_GCC_ARM/libmbed.a(mbed_interface.o)
                              mbed/TARGET_LPC1768/TOOLCHAIN_GCC_ARM/retarget.o (mbed_interface_connected)
./mbed/TARGET_LPC1768/TOOLCHAIN_GCC_ARM/libmbed.a(pinmap_common.o)
                              ./mbed/TARGET_LPC1768/TOOLCHAIN_GCC_ARM/libmbed.a(pwmout_api.o) (pinmap_pinout)
./mbed/TARGET_LPC1768/TOOLCHAIN_GCC_ARM/libmbed.a(semihost_api.o)
                              mbed/TARGET_LPC1768/TOOLCHAIN_GCC_ARM/retarget.o (semihost_exit)
./mbed/TARGET_LPC1768/TOOLCHAIN_GCC_ARM/libmbed.a(ticker_api.o)
                              ./mbed/TARGET_LPC1768/TOOLCHAIN_GCC_ARM/libmbed.a(Timer.o) (ticker_read)
./mbed/TARGET_LPC1768/TOOLCHAIN_GCC_ARM/libmbed.a(us_ticker_api.o)
                              ./mbed/TARGET_LPC1768/TOOLCHAIN_GCC_ARM/libmbed.a(Timer.o) (get_us_ticker_data)
./mbed/TARGET_LPC1768/TOOLCHAIN_GCC_ARM/libmbed.a(wait_api.o)
                              4DGL-uLCD-SE/uLCD_4DGL_main.o (wait_us)
./mbed/TARGET_LPC1768/TOOLCHAIN_GCC_ARM/libmbed.a(gpio_api.o)
                              ./mbed/TARGET_LPC1768/TOOLCHAIN_GCC_ARM/libmbed.a(gpio.o) (gpio_init)
./mbed/TARGET_LPC1768/TOOLCHAIN_GCC_ARM/libmbed.a(i2c_api.o)
                              ./mbed/TARGET_LPC1768/TOOLCHAIN_GCC_ARM/libmbed.a(I2C.o) (i2c_init)
./mbed/TARGET_LPC1768/TOOLCHAIN_GCC_ARM/libmbed.a(pinmap.o)
                              ./mbed/TARGET_LPC1768/TOOLCHAIN_GCC_ARM/libmbed.a(pinmap_common.o) (pin_function)
./mbed/TARGET_LPC1768/TOOLCHAIN_GCC_ARM/libmbed.a(us_ticker.o)
                              ./mbed/TARGET_LPC1768/TOOLCHAIN_GCC_ARM/libmbed.a(us_ticker_api.o) (us_ticker_init)
./mbed/TARGET_LPC1768/TOOLCHAIN_GCC_ARM/libmbed.a(FileLike.o)
                              ./mbed/TARGET_LPC1768/TOOLCHAIN_GCC_ARM/libmbed.a(Stream.o) (mbed::FileLike::FileLike(char const*))
/usr/local/gcc_arm/bin/../lib/gcc/arm-none-eabi/5.2.1/../../../../arm-none-eabi/lib/armv7-m/libstdc++_nano.a(atexit_arm.o)
                              main.o (__aeabi_atexit)
/usr/local/gcc_arm/bin/../lib/gcc/arm-none-eabi/5.2.1/../../../../arm-none-eabi/lib/armv7-m/libstdc++_nano.a(del_op.o)
                              main.o (operator delete(void*))
/usr/local/gcc_arm/bin/../lib/gcc/arm-none-eabi/5.2.1/../../../../arm-none-eabi/lib/armv7-m/libstdc++_nano.a(new_op.o)
                              ./mbed/TARGET_LPC1768/TOOLCHAIN_GCC_ARM/libmbed.a(FileSystemLike.o) (operator new(unsigned int))
/usr/local/gcc_arm/bin/../lib/gcc/arm-none-eabi/5.2.1/../../../../arm-none-eabi/lib/armv7-m/libstdc++_nano.a(new_opv.o)
                              main.o (operator new[](unsigned int))
/usr/local/gcc_arm/bin/../lib/gcc/arm-none-eabi/5.2.1/../../../../arm-none-eabi/lib/armv7-m/libstdc++_nano.a(new_handler.o)
[...]
Memory Configuration

Name             Origin             Length             Attributes
FLASH            0x0000000000000000 0x0000000000080000 xr
RAM              0x00000000100000c8 0x0000000000007f38 xrw
USB_RAM          0x000000002007c000 0x0000000000004000 xrw
ETH_RAM          0x0000000020080000 0x0000000000004000 xrw
*default*        0x0000000000000000 0xffffffffffffffff

Linker script and memory map

LOAD /usr/local/gcc_arm/bin/../lib/gcc/arm-none-eabi/5.2.1/armv7-m/crti.o
LOAD /usr/local/gcc_arm/bin/../lib/gcc/arm-none-eabi/5.2.1/armv7-m/crtbegin.o
LOAD /usr/local/gcc_arm/bin/../lib/gcc/arm-none-eabi/5.2.1/../../../../arm-none-eabi/lib/armv7-m/crt0.o
LOAD main.o
LOAD MMA8452/MMA8452.o
LOAD 4DGL-uLCD-SE/uLCD_4DGL_main.o
LOAD 4DGL-uLCD-SE/uLCD_4DGL_Media.o
LOAD 4DGL-uLCD-SE/uLCD_4DGL_Text.o
LOAD 4DGL-uLCD-SE/uLCD_4DGL_Graphics.o
LOAD Servo/Servo.o
LOAD mbed/TARGET_LPC1768/TOOLCHAIN_GCC_ARM/board.o
LOAD mbed/TARGET_LPC1768/TOOLCHAIN_GCC_ARM/cmsis_nvic.o
LOAD mbed/TARGET_LPC1768/TOOLCHAIN_GCC_ARM/retarget.o
LOAD mbed/TARGET_LPC1768/TOOLCHAIN_GCC_ARM/startup_LPC17xx.o
LOAD mbed/TARGET_LPC1768/TOOLCHAIN_GCC_ARM/system_LPC17xx.o
LOAD ./mbed/TARGET_LPC1768/TOOLCHAIN_GCC_ARM/libmbed.a
LOAD /usr/local/gcc_arm/bin/../lib/gcc/arm-none-eabi/5.2.1/../../../../arm-none-eabi/lib/armv7-m/libstdc++_nano.a
LOAD /usr/local/gcc_arm/bin/../lib/gcc/arm-none-eabi/5.2.1/../../../../arm-none-eabi/lib/armv7-m/libsupc++_nano.a
LOAD /usr/local/gcc_arm/bin/../lib/gcc/arm-none-eabi/5.2.1/../../../../arm-none-eabi/lib/armv7-m/libm.a
LOAD /usr/local/gcc_arm/bin/../lib/gcc/arm-none-eabi/5.2.1/../../../../arm-none-eabi/lib/armv7-m/libc_nano.a
LOAD /usr/local/gcc_arm/bin/../lib/gcc/arm-none-eabi/5.2.1/armv7-m/libgcc.a
LOAD /usr/local/gcc_arm/bin/../lib/gcc/arm-none-eabi/5.2.1/../../../../arm-none-eabi/lib/armv7-m/libnosys.a
LOAD ./mbed/TARGET_LPC1768/TOOLCHAIN_GCC_ARM/libmbed.a
LOAD /usr/local/gcc_arm/bin/../lib/gcc/arm-none-eabi/5.2.1/../../../../arm-none-eabi/lib/armv7-m/libstdc++_nano.a
LOAD /usr/local/gcc_arm/bin/../lib/gcc/arm-none-eabi/5.2.1/../../../../arm-none-eabi/lib/armv7-m/libsupc++_nano.a
LOAD /usr/local/gcc_arm/bin/../lib/gcc/arm-none-eabi/5.2.1/../../../../arm-none-eabi/lib/armv7-m/libm.a
LOAD /usr/local/gcc_arm/bin/../lib/gcc/arm-none-eabi/5.2.1/../../../../arm-none-eabi/lib/armv7-m/libc_nano.a
LOAD /usr/local/gcc_arm/bin/../lib/gcc/arm-none-eabi/5.2.1/armv7-m/libgcc.a
LOAD /usr/local/gcc_arm/bin/../lib/gcc/arm-none-eabi/5.2.1/../../../../arm-none-eabi/lib/armv7-m/libnosys.a
START GROUP
LOAD /usr/local/gcc_arm/bin/../lib/gcc/arm-none-eabi/5.2.1/armv7-m/libgcc.a
LOAD /usr/local/gcc_arm/bin/../lib/gcc/arm-none-eabi/5.2.1/../../../../arm-none-eabi/lib/armv7-m/libc_nano.a
END GROUP
START GROUP
LOAD /usr/local/gcc_arm/bin/../lib/gcc/arm-none-eabi/5.2.1/armv7-m/libgcc.a
LOAD /usr/local/gcc_arm/bin/../lib/gcc/arm-none-eabi/5.2.1/../../../../arm-none-eabi/lib/armv7-m/libc_nano.a
END GROUP
LOAD /usr/local/gcc_arm/bin/../lib/gcc/arm-none-eabi/5.2.1/armv7-m/crtend.o
LOAD /usr/local/gcc_arm/bin/../lib/gcc/arm-none-eabi/5.2.1/armv7-m/crtn.o

.text           0x0000000000000000     0x9c94
 *(.isr_vector)
 .isr_vector    0x0000000000000000       0xcc mbed/TARGET_LPC1768/TOOLCHAIN_GCC_ARM/startup_LPC17xx.o
                0x0000000000000000                __isr_vector
 *(.text*)
 .text          0x00000000000000cc       0xa4 /usr/local/gcc_arm/bin/../lib/gcc/arm-none-eabi/5.2.1/armv7-m/crtbegin.o
 .text          0x0000000000000170       0x74 /usr/local/gcc_arm/bin/../lib/gcc/arm-none-eabi/5.2.1/../../../../arm-none-eabi/lib/armv7-m/crt0.o
                0x0000000000000170                _mainCRTStartup
                0x0000000000000170                _start
 .text._ZN4mbed10SerialBaseD2Ev
                0x00000000000001e4        0x2 main.o
                0x00000000000001e4                mbed::SerialBase::~SerialBase()
                0x00000000000001e4                mbed::SerialBase::~SerialBase()
 *fill*         0x00000000000001e6        0x2 
 .text._ZN4mbed6SerialD2Ev
                0x00000000000001e8       0x30 main.o
                0x00000000000001e8                mbed::Serial::~Serial()
                0x00000000000001e8                mbed::Serial::~Serial()
                0x000000000000020c                non-virtual thunk to mbed::Serial::~Serial()
                0x0000000000000212                non-virtual thunk to mbed::Serial::~Serial()
 .text._ZN4mbed10SerialBaseD0Ev
                0x0000000000000218        0xc main.o
                0x0000000000000218                mbed::SerialBase::~SerialBase()
 .text._Z17matMultiplicationiiPPfiiS0_S0_.part.3
                0x0000000000000224       0x5e main.o
 *fill*         0x0000000000000282        0x2 
 .text._Z14get_index_timef
                0x0000000000000284       0x58 main.o
                0x0000000000000284                get_index_time(float)
 .text._Z4signf
                0x00000000000002dc       0x28 main.o
                0x00000000000002dc                sign(float)
 *fill*         0x0000000000000304        0x4 
 .text._Z6get_hpf
                0x0000000000000308       0x2c main.o
                0x0000000000000308                get_hp(float)
 *fill*         0x0000000000000334        0x4 
 .text._Z6get_vpf
                0x0000000000000338       0x2c main.o
                0x0000000000000338                get_vp(float)
 .text._Z10controllerfff
                0x0000000000000364       0x78 main.o
                0x0000000000000364                controller(float, float, float)
 .text._Z18get_index_time_simf
                0x00000000000003dc       0x58 main.o
                0x00000000000003dc                get_index_time_sim(float)
 *fill*         0x0000000000000434        0x4 
 .text._Z9get_h_simf
                0x0000000000000438       0x2c main.o
                0x0000000000000438                get_h_sim(float)
 .text._Z8poll_altv
                0x0000000000000464       0x30 main.o
                0x0000000000000464                poll_alt()
 .text._Z9get_a_simf
                0x0000000000000494       0x28 main.o
                0x0000000000000494                get_a_sim(float)
 .text._Z8poll_acchh
                0x00000000000004bc       0x30 main.o
                0x00000000000004bc                poll_acc(unsigned char, unsigned char)
 .text._Z8actuatori
                0x00000000000004ec       0x60 main.o
                0x00000000000004ec                actuator(int)
 .text._Z4initv
                0x000000000000054c      0x19c main.o
                0x000000000000054c                init()
 .text._Z22matScaleMultiplicationiiPPffS0_
                0x00000000000006e8       0x3c main.o
                0x00000000000006e8                matScaleMultiplication(int, int, float**, float, float**)
 .text._Z6matSumiiPPfS0_S0_
                0x0000000000000724       0x42 main.o
                0x0000000000000724                matSum(int, int, float**, float**, float**)
 .text._Z9transposeiiPPfS0_
                0x0000000000000766       0x2c main.o
                0x0000000000000766                transpose(int, int, float**, float**)
 .text._Z11mat2InversePPfS0_
                0x0000000000000792       0x78 main.o
                0x0000000000000792                mat2Inverse(float**, float**)
 *fill*         0x000000000000080a        0x2 
 .text._Z14state_estimateffffPfS_
                0x000000000000080c      0x2a8 main.o
                0x000000000000080c                state_estimate(float, float, float, float, float*, float*)
 .text._Z9schedulerv
                0x0000000000000ab4       0xd0 main.o
                0x0000000000000ab4                scheduler()
 *fill*         0x0000000000000b84        0x4 
 .text.startup.main
                0x0000000000000b88       0x8c main.o
                0x0000000000000b88                main
 .text._ZN4mbed6SerialD0Ev
                0x0000000000000c14       0x1e main.o
                0x0000000000000c14                mbed::Serial::~Serial()
                0x0000000000000c26                non-virtual thunk to mbed::Serial::~Serial()
                0x0000000000000c2c                non-virtual thunk to mbed::Serial::~Serial()
 *fill*         0x0000000000000c32        0x2 
 .text.startup._GLOBAL__sub_I_table_hp
                0x0000000000000c34      0x200 main.o
 .text._ZN7MMA8452D2Ev
                0x0000000000000e34        0x2 MMA8452/MMA8452.o
                0x0000000000000e34                MMA8452::~MMA8452()
                0x0000000000000e34                MMA8452::~MMA8452()
 .text._ZN7MMA845213writeRegisterEcc
                0x0000000000000e36       0x1e MMA8452/MMA8452.o
                0x0000000000000e36                MMA8452::writeRegister(char, char)
 .text._ZN7MMA845212readRegisterEcPci
                0x0000000000000e54       0x34 MMA8452/MMA8452.o
                0x0000000000000e54                MMA8452::readRegister(char, char*, int)
 .text._ZN7MMA845212readRegisterEcPc
                0x0000000000000e88        0x6 MMA8452/MMA8452.o
                0x0000000000000e88                MMA8452::readRegister(char, char*)
 .text._ZN7MMA845218logicalANDRegisterEcc
                0x0000000000000e8e       0x30 MMA8452/MMA8452.o
                0x0000000000000e8e                MMA8452::logicalANDRegister(char, char)
 .text._ZN7MMA84527standbyEv
                0x0000000000000ebe        0x8 MMA8452/MMA8452.o
                0x0000000000000ebe                MMA8452::standby()
 .text._ZN7MMA845217logicalORRegisterEcc
                0x0000000000000ec6       0x30 MMA8452/MMA8452.o
                0x0000000000000ec6                MMA8452::logicalORRegister(char, char)
 .text._ZN7MMA84528activateEv
                0x0000000000000ef6        0x8 MMA8452/MMA8452.o
                0x0000000000000ef6                MMA8452::activate()
 .text._ZN7MMA845220maskAndApplyRegisterEccci
                0x0000000000000efe       0x5e MMA8452/MMA8452.o
                0x0000000000000efe                MMA8452::maskAndApplyRegister(char, char, char, int)
 .text._ZN7MMA845215setDynamicRangeENS_12DynamicRangeEi
                0x0000000000000f5c       0x16 MMA8452/MMA8452.o
                0x0000000000000f5c                MMA8452::setDynamicRange(MMA8452::DynamicRange, int)
 .text._ZN7MMA845211setBitDepthENS_8BitDepthEi
                0x0000000000000f72       0x1a MMA8452/MMA8452.o
                0x0000000000000f72                MMA8452::setBitDepth(MMA8452::BitDepth, int)
 .text._ZN7MMA8452C2E7PinNameS0_i
                0x0000000000000f8c       0x70 MMA8452/MMA8452.o
                0x0000000000000f8c                MMA8452::MMA8452(PinName, PinName, int)
                0x0000000000000f8c                MMA8452::MMA8452(PinName, PinName, int)
 *fill*         0x0000000000000ffc        0x4 
 .text._ZN5Servo5writeEf
                0x0000000000001000       0xa4 Servo/Servo.o
                0x0000000000001000                Servo::write(float)
 .text._ZN5ServoC2E7PinName
                0x00000000000010a4       0x28 Servo/Servo.o
                0x00000000000010a4                Servo::Servo(PinName)
                0x00000000000010a4                Servo::Servo(PinName)
 .text._ZN5ServoaSEf
                0x00000000000010cc        0xc Servo/Servo.o
                0x00000000000010cc                Servo::operator=(float)
 .text.mbed_die
                0x00000000000010d8      0x10c mbed/TARGET_LPC1768/TOOLCHAIN_GCC_ARM/board.o
                0x00000000000010d8                mbed_die
 .text.NVIC_SetVector
                0x00000000000011e4       0x3c mbed/TARGET_LPC1768/TOOLCHAIN_GCC_ARM/cmsis_nvic.o
                0x00000000000011e4                NVIC_SetVector
 .text._ZN4mbed10FileHandle4flenEv
                0x0000000000001220       0x34 mbed/TARGET_LPC1768/TOOLCHAIN_GCC_ARM/retarget.o
                0x0000000000001220                mbed::FileHandle::flen()
 .text._ZL11init_serialv.part.0
                0x0000000000001254       0x18 mbed/TARGET_LPC1768/TOOLCHAIN_GCC_ARM/retarget.o
 .text._ZN4mbed10FileHandleD2Ev
                0x000000000000126c       0x2c mbed/TARGET_LPC1768/TOOLCHAIN_GCC_ARM/retarget.o
                0x000000000000126c                mbed::FileHandle::~FileHandle()
                0x000000000000126c                mbed::FileHandle::~FileHandle()
 .text._open    0x0000000000001298       0xfc mbed/TARGET_LPC1768/TOOLCHAIN_GCC_ARM/retarget.o
                0x0000000000001298                _open
 .text._close   0x0000000000001394       0x28 mbed/TARGET_LPC1768/TOOLCHAIN_GCC_ARM/retarget.o
                0x0000000000001394                _close
 .text._write   0x00000000000013bc       0x4c mbed/TARGET_LPC1768/TOOLCHAIN_GCC_ARM/retarget.o
                0x00000000000013bc                _write
 .text._read    0x0000000000001408       0x44 mbed/TARGET_LPC1768/TOOLCHAIN_GCC_ARM/retarget.o
                0x0000000000001408                _read
 .text._isatty  0x000000000000144c       0x24 mbed/TARGET_LPC1768/TOOLCHAIN_GCC_ARM/retarget.o
                0x000000000000144c                _isatty
 .text._lseek   0x0000000000001470       0x24 mbed/TARGET_LPC1768/TOOLCHAIN_GCC_ARM/retarget.o
                0x0000000000001470                _lseek
 .text._fstat   0x0000000000001494       0x20 mbed/TARGET_LPC1768/TOOLCHAIN_GCC_ARM/retarget.o
                0x0000000000001494                _fstat
 .text.__cxa_pure_virtual
                0x00000000000014b4        0x8 mbed/TARGET_LPC1768/TOOLCHAIN_GCC_ARM/retarget.o
                0x00000000000014b4                __cxa_pure_virtual
 .text.mbed_main
                0x00000000000014bc        0x4 mbed/TARGET_LPC1768/TOOLCHAIN_GCC_ARM/retarget.o
                0x00000000000014bc                mbed_main
 .text.mbed_sdk_init
                0x00000000000014c0        0x4 mbed/TARGET_LPC1768/TOOLCHAIN_GCC_ARM/retarget.o
                0x00000000000014c0                mbed_sdk_init
 .text.__wrap_main
                0x00000000000014c4       0x14 mbed/TARGET_LPC1768/TOOLCHAIN_GCC_ARM/retarget.o
                0x00000000000014c4                __wrap_main
 .text._sbrk    0x00000000000014d8       0x28 mbed/TARGET_LPC1768/TOOLCHAIN_GCC_ARM/retarget.o
                0x00000000000014d8                _sbrk
 .text._exit    0x0000000000001500       0x30 mbed/TARGET_LPC1768/TOOLCHAIN_GCC_ARM/retarget.o
                0x0000000000001500                _exit
 .text._ZN4mbed26mbed_set_unbuffered_streamEP7__sFILE
                0x0000000000001530        0x8 mbed/TARGET_LPC1768/TOOLCHAIN_GCC_ARM/retarget.o
                0x0000000000001530                mbed::mbed_set_unbuffered_stream(__sFILE*)
 .text          0x0000000000001538       0x44 mbed/TARGET_LPC1768/TOOLCHAIN_GCC_ARM/startup_LPC17xx.o
                0x0000000000001538                Reset_Handler
                0x0000000000001568                NMI_Handler
                0x000000000000156a                HardFault_Handler
                0x000000000000156c                MemManage_Handler
                0x000000000000156e                BusFault_Handler
                0x0000000000001570                UsageFault_Handler
                0x0000000000001572                SVC_Handler
                0x0000000000001574                DebugMon_Handler
                0x0000000000001576                PendSV_Handler
                0x0000000000001578                SysTick_Handler
                0x000000000000157a                TIMER3_IRQHandler
                0x000000000000157a                UART0_IRQHandler
                0x000000000000157a                PLL0_IRQHandler
                0x000000000000157a                CAN_IRQHandler
                0x000000000000157a                PLL1_IRQHandler
                0x000000000000157a                SSP0_IRQHandler
                0x000000000000157a                I2S_IRQHandler
                0x000000000000157a                I2C2_IRQHandler
                0x000000000000157a                RTC_IRQHandler
                0x000000000000157a                TIMER0_IRQHandler
                0x000000000000157a                SPI_IRQHandler
                0x000000000000157a                EINT1_IRQHandler
                0x000000000000157a                TIMER1_IRQHandler
                0x000000000000157a                UART2_IRQHandler
                0x000000000000157a                Default_Handler
                0x000000000000157a                ADC_IRQHandler
                0x000000000000157a                SSP1_IRQHandler
                0x000000000000157a                USB_IRQHandler
                0x000000000000157a                BOD_IRQHandler
                0x000000000000157a                WDT_IRQHandler
                0x000000000000157a                QEI_IRQHandler
                0x000000000000157a                EINT0_IRQHandler
                0x000000000000157a                DEF_IRQHandler
                0x000000000000157a                DMA_IRQHandler
                0x000000000000157a                UART3_IRQHandler
                0x000000000000157a                MCPWM_IRQHandler
                0x000000000000157a                TIMER2_IRQHandler
                0x000000000000157a                ENET_IRQHandler
                0x000000000000157a                RIT_IRQHandler
                0x000000000000157a                I2C0_IRQHandler
                0x000000000000157a                USBActivity_IRQHandler
                0x000000000000157a                PWM1_IRQHandler
                0x000000000000157a                I2C1_IRQHandler
                0x000000000000157a                EINT2_IRQHandler
                0x000000000000157a                UART1_IRQHandler
                0x000000000000157a                EINT3_IRQHandler
                0x000000000000157a                CANActivity_IRQHandler
 .text.SystemInit
                0x000000000000157c       0xb8 mbed/TARGET_LPC1768/TOOLCHAIN_GCC_ARM/system_LPC17xx.o
                0x000000000000157c                SystemInit
 .text.pwmout_write
                0x0000000000001634       0x58 ./mbed/TARGET_LPC1768/TOOLCHAIN_GCC_ARM/libmbed.a(pwmout_api.o)
                0x0000000000001634                pwmout_write
 .text.pwmout_period_us
                0x000000000000168c       0x44 ./mbed/TARGET_LPC1768/TOOLCHAIN_GCC_ARM/libmbed.a(pwmout_api.o)
                0x000000000000168c                pwmout_period_us
 .text.pwmout_init
                0x00000000000016d0       0xac ./mbed/TARGET_LPC1768/TOOLCHAIN_GCC_ARM/libmbed.a(pwmout_api.o)
                0x00000000000016d0                pwmout_init
 .text.pwmout_pulsewidth
                0x000000000000177c       0x44 ./mbed/TARGET_LPC1768/TOOLCHAIN_GCC_ARM/libmbed.a(pwmout_api.o)
                0x000000000000177c                pwmout_pulsewidth
 .text.uart1_irq
                0x00000000000017c0       0x60 ./mbed/TARGET_LPC1768/TOOLCHAIN_GCC_ARM/libmbed.a(serial_api.o)
                0x00000000000017c0                uart1_irq
 .text.serial_irq_set_internal
                0x0000000000001820       0xc8 ./mbed/TARGET_LPC1768/TOOLCHAIN_GCC_ARM/libmbed.a(serial_api.o)
 .text.uart3_irq
                0x00000000000018e8       0x6c ./mbed/TARGET_LPC1768/TOOLCHAIN_GCC_ARM/libmbed.a(serial_api.o)
                0x00000000000018e8                uart3_irq
 .text.uart2_irq
                0x0000000000001954       0x64 ./mbed/TARGET_LPC1768/TOOLCHAIN_GCC_ARM/libmbed.a(serial_api.o)
                0x0000000000001954                uart2_irq
 .text.uart0_irq
                0x00000000000019b8       0x60 ./mbed/TARGET_LPC1768/TOOLCHAIN_GCC_ARM/libmbed.a(serial_api.o)
                0x00000000000019b8                uart0_irq
 .text.serial_baud
                0x0000000000001a18      0x234 ./mbed/TARGET_LPC1768/TOOLCHAIN_GCC_ARM/libmbed.a(serial_api.o)
                0x0000000000001a18                serial_baud
 .text.serial_format
                0x0000000000001c4c       0x78 ./mbed/TARGET_LPC1768/TOOLCHAIN_GCC_ARM/libmbed.a(serial_api.o)
                0x0000000000001c4c                serial_format
 .text.serial_irq_handler
                0x0000000000001cc4       0x20 ./mbed/TARGET_LPC1768/TOOLCHAIN_GCC_ARM/libmbed.a(serial_api.o)
                0x0000000000001cc4                serial_irq_handler
 .text.serial_getc
                0x0000000000001ce4       0x34 ./mbed/TARGET_LPC1768/TOOLCHAIN_GCC_ARM/libmbed.a(serial_api.o)
                0x0000000000001ce4                serial_getc
 .text.serial_writable
                0x0000000000001d18       0x50 ./mbed/TARGET_LPC1768/TOOLCHAIN_GCC_ARM/libmbed.a(serial_api.o)
                0x0000000000001d18                serial_writable
 .text.serial_putc
                0x0000000000001d68       0x34 ./mbed/TARGET_LPC1768/TOOLCHAIN_GCC_ARM/libmbed.a(serial_api.o)
                0x0000000000001d68                serial_putc
 .text.serial_set_flow_control
                0x0000000000001d9c      0x130 ./mbed/TARGET_LPC1768/TOOLCHAIN_GCC_ARM/libmbed.a(serial_api.o)
                0x0000000000001d9c                serial_set_flow_control
 .text.serial_init
                0x0000000000001ecc      0x1bc ./mbed/TARGET_LPC1768/TOOLCHAIN_GCC_ARM/libmbed.a(serial_api.o)
                0x0000000000001ecc                serial_init
 .text._ZN4mbed3I2CC2E7PinNameS1_
                0x0000000000002088       0x20 ./mbed/TARGET_LPC1768/TOOLCHAIN_GCC_ARM/libmbed.a(I2C.o)
                0x0000000000002088                mbed::I2C::I2C(PinName, PinName)
                0x0000000000002088                mbed::I2C::I2C(PinName, PinName)
 .text._ZN4mbed3I2C9frequencyEi
                0x00000000000020a8       0x14 ./mbed/TARGET_LPC1768/TOOLCHAIN_GCC_ARM/libmbed.a(I2C.o)
                0x00000000000020a8                mbed::I2C::frequency(int)
 .text._ZN4mbed3I2C6aquireEv
                0x00000000000020bc       0x1c ./mbed/TARGET_LPC1768/TOOLCHAIN_GCC_ARM/libmbed.a(I2C.o)
                0x00000000000020bc                mbed::I2C::aquire()
 .text._ZN4mbed3I2C5writeEiPKcib
                0x00000000000020d8       0x34 ./mbed/TARGET_LPC1768/TOOLCHAIN_GCC_ARM/libmbed.a(I2C.o)
                0x00000000000020d8                mbed::I2C::write(int, char const*, int, bool)
 .text._ZN4mbed3I2C4readEiPcib
                0x000000000000210c       0x34 ./mbed/TARGET_LPC1768/TOOLCHAIN_GCC_ARM/libmbed.a(I2C.o)
                0x000000000000210c                mbed::I2C::read(int, char*, int, bool)
 .text._ZN4mbed8FilePathC2EPKc
                0x0000000000002140       0x54 ./mbed/TARGET_LPC1768/TOOLCHAIN_GCC_ARM/libmbed.a(FilePath.o)
                0x0000000000002140                mbed::FilePath::FilePath(char const*)
                0x0000000000002140                mbed::FilePath::FilePath(char const*)
 .text._ZN4mbed8FilePath8fileNameEv
                0x0000000000002194        0x4 ./mbed/TARGET_LPC1768/TOOLCHAIN_GCC_ARM/libmbed.a(FilePath.o)
                0x0000000000002194                mbed::FilePath::fileName()
 .text._ZN4mbed8FilePath10fileSystemEv
                0x0000000000002198       0x20 ./mbed/TARGET_LPC1768/TOOLCHAIN_GCC_ARM/libmbed.a(FilePath.o)
                0x0000000000002198                mbed::FilePath::fileSystem()
 .text._ZN4mbed8FilePath6isFileEv
                0x00000000000021b8       0x14 ./mbed/TARGET_LPC1768/TOOLCHAIN_GCC_ARM/libmbed.a(FilePath.o)
                0x00000000000021b8                mbed::FilePath::isFile()
 .text._ZN4mbed8FilePath4fileEv
                0x00000000000021cc       0x20 ./mbed/TARGET_LPC1768/TOOLCHAIN_GCC_ARM/libmbed.a(FilePath.o)
                0x00000000000021cc                mbed::FilePath::file()
 .text._ZN4mbed8FilePath6existsEv
                0x00000000000021ec        0xc ./mbed/TARGET_LPC1768/TOOLCHAIN_GCC_ARM/libmbed.a(FilePath.o)
                0x00000000000021ec                mbed::FilePath::exists()
 .text._ZN4mbed8FileBaseD2Ev
                0x00000000000021f8       0x30 ./mbed/TARGET_LPC1768/TOOLCHAIN_GCC_ARM/libmbed.a(FileBase.o)
                0x00000000000021f8                mbed::FileBase::~FileBase()
                0x00000000000021f8                mbed::FileBase::~FileBase()
 .text._ZN4mbed8FileBaseD0Ev
                0x0000000000002228       0x3c ./mbed/TARGET_LPC1768/TOOLCHAIN_GCC_ARM/libmbed.a(FileBase.o)
                0x0000000000002228                mbed::FileBase::~FileBase()
 .text._ZN4mbed8FileBaseC2EPKcNS_8PathTypeE
                0x0000000000002264       0x28 ./mbed/TARGET_LPC1768/TOOLCHAIN_GCC_ARM/libmbed.a(FileBase.o)
                0x0000000000002264                mbed::FileBase::FileBase(char const*, mbed::PathType)
                0x0000000000002264                mbed::FileBase::FileBase(char const*, mbed::PathType)
 .text._ZN4mbed8FileBase6lookupEPKcj
                0x000000000000228c       0x3c ./mbed/TARGET_LPC1768/TOOLCHAIN_GCC_ARM/libmbed.a(FileBase.o)
                0x000000000000228c                mbed::FileBase::lookup(char const*, unsigned int)
 .text._ZN4mbed8FileBase11getPathTypeEv
                0x00000000000022c8        0x4 ./mbed/TARGET_LPC1768/TOOLCHAIN_GCC_ARM/libmbed.a(FileBase.o)
                0x00000000000022c8                mbed::FileBase::getPathType()
 .text._ZN4mbed5Timer9slicetimeEv.part.0
                0x00000000000022cc       0x10 ./mbed/TARGET_LPC1768/TOOLCHAIN_GCC_ARM/libmbed.a(Timer.o)
 .text._ZN4mbed5TimerC2Ev
                0x00000000000022dc       0x20 ./mbed/TARGET_LPC1768/TOOLCHAIN_GCC_ARM/libmbed.a(Timer.o)
                0x00000000000022dc                mbed::Timer::Timer()
                0x00000000000022dc                mbed::Timer::Timer()
 .text._ZN4mbed5Timer5startEv
                0x00000000000022fc       0x18 ./mbed/TARGET_LPC1768/TOOLCHAIN_GCC_ARM/libmbed.a(Timer.o)
                0x00000000000022fc                mbed::Timer::start()
 .text._ZN4mbed5Timer4readEv
                0x0000000000002314       0x20 ./mbed/TARGET_LPC1768/TOOLCHAIN_GCC_ARM/libmbed.a(Timer.o)
                0x0000000000002314                mbed::Timer::read()
 .text._ZN4mbed5Timer5resetEv
                0x0000000000002334       0x14 ./mbed/TARGET_LPC1768/TOOLCHAIN_GCC_ARM/libmbed.a(Timer.o)
                0x0000000000002334                mbed::Timer::reset()
 .text._ZN4mbed6Serial5_getcEv
                0x0000000000002348        0x4 ./mbed/TARGET_LPC1768/TOOLCHAIN_GCC_ARM/libmbed.a(Serial.o)
                0x0000000000002348                mbed::Serial::_getc()
 .text._ZThn64_N4mbed6Serial5_getcEv
                0x000000000000234c        0x8 ./mbed/TARGET_LPC1768/TOOLCHAIN_GCC_ARM/libmbed.a(Serial.o)
                0x000000000000234c                non-virtual thunk to mbed::Serial::_getc()
 .text._ZN4mbed6Serial5_putcEi
                0x0000000000002354        0x4 ./mbed/TARGET_LPC1768/TOOLCHAIN_GCC_ARM/libmbed.a(Serial.o)
                0x0000000000002354                mbed::Serial::_putc(int)
 .text._ZThn64_N4mbed6Serial5_putcEi
                0x0000000000002358        0x8 ./mbed/TARGET_LPC1768/TOOLCHAIN_GCC_ARM/libmbed.a(Serial.o)
                0x0000000000002358                non-virtual thunk to mbed::Serial::_putc(int)
 .text._ZN4mbed6SerialC2E7PinNameS1_PKc
                0x0000000000002360       0x30 ./mbed/TARGET_LPC1768/TOOLCHAIN_GCC_ARM/libmbed.a(Serial.o)
                0x0000000000002360                mbed::Serial::Serial(PinName, PinName, char const*)
                0x0000000000002360                mbed::Serial::Serial(PinName, PinName, char const*)
 .text._ZN4mbed6Stream5closeEv
                0x0000000000002390        0x4 ./mbed/TARGET_LPC1768/TOOLCHAIN_GCC_ARM/libmbed.a(Stream.o)
                0x0000000000002390                mbed::Stream::close()
 .text._ZN4mbed6Stream5writeEPKvj
                0x0000000000002394       0x2c ./mbed/TARGET_LPC1768/TOOLCHAIN_GCC_ARM/libmbed.a(Stream.o)
                0x0000000000002394                mbed::Stream::write(void const*, unsigned int)
 .text._ZN4mbed6Stream4readEPvj
                0x00000000000023c0       0x2c ./mbed/TARGET_LPC1768/TOOLCHAIN_GCC_ARM/libmbed.a(Stream.o)
                0x00000000000023c0                mbed::Stream::read(void*, unsigned int)
 .text._ZN4mbed6Stream5lseekEli
                0x00000000000023ec        0x4 ./mbed/TARGET_LPC1768/TOOLCHAIN_GCC_ARM/libmbed.a(Stream.o)
                0x00000000000023ec                mbed::Stream::lseek(long, int)
 .text._ZN4mbed6Stream6isattyEv
                0x00000000000023f0        0x4 ./mbed/TARGET_LPC1768/TOOLCHAIN_GCC_ARM/libmbed.a(Stream.o)
                0x00000000000023f0                mbed::Stream::isatty()
 .text._ZN4mbed6Stream5fsyncEv
                0x00000000000023f4        0x4 ./mbed/TARGET_LPC1768/TOOLCHAIN_GCC_ARM/libmbed.a(Stream.o)
                0x00000000000023f4                mbed::Stream::fsync()
 .text._ZN4mbed6Stream4flenEv
                0x00000000000023f8        0x4 ./mbed/TARGET_LPC1768/TOOLCHAIN_GCC_ARM/libmbed.a(Stream.o)
                0x00000000000023f8                mbed::Stream::flen()
 .text._ZN4mbed6StreamC2EPKc
                0x00000000000023fc       0x44 ./mbed/TARGET_LPC1768/TOOLCHAIN_GCC_ARM/libmbed.a(Stream.o)
                0x00000000000023fc                mbed::Stream::Stream(char const*)
                0x00000000000023fc                mbed::Stream::Stream(char const*)
 .text._ZN4mbed6StreamD2Ev
                0x0000000000002440       0x24 ./mbed/TARGET_LPC1768/TOOLCHAIN_GCC_ARM/libmbed.a(Stream.o)
                0x0000000000002440                mbed::Stream::~Stream()
                0x0000000000002440                mbed::Stream::~Stream()
 .text._ZN4mbed6Stream6printfEPKcz
                0x0000000000002464       0x2c ./mbed/TARGET_LPC1768/TOOLCHAIN_GCC_ARM/libmbed.a(Stream.o)
                0x0000000000002464                mbed::Stream::printf(char const*, ...)
 .text._ZN4mbed10SerialBase12_irq_handlerEm9SerialIrq
                0x0000000000002490       0x34 ./mbed/TARGET_LPC1768/TOOLCHAIN_GCC_ARM/libmbed.a(SerialBase.o)
                0x0000000000002490                mbed::SerialBase::_irq_handler(unsigned long, SerialIrq)
 .text._ZN4mbed10SerialBaseC2E7PinNameS1_
                0x00000000000024c4       0x3c ./mbed/TARGET_LPC1768/TOOLCHAIN_GCC_ARM/libmbed.a(SerialBase.o)
                0x00000000000024c4                mbed::SerialBase::SerialBase(PinName, PinName)
                0x00000000000024c4                mbed::SerialBase::SerialBase(PinName, PinName)
 .text._ZN4mbed10SerialBase10_base_getcEv
                0x0000000000002500        0x8 ./mbed/TARGET_LPC1768/TOOLCHAIN_GCC_ARM/libmbed.a(SerialBase.o)
                0x0000000000002500                mbed::SerialBase::_base_getc()
 .text._ZN4mbed10SerialBase10_base_putcEi
                0x0000000000002508       0x10 ./mbed/TARGET_LPC1768/TOOLCHAIN_GCC_ARM/libmbed.a(SerialBase.o)
                0x0000000000002508                mbed::SerialBase::_base_putc(int)
 .text.mbed_assert_internal
                0x0000000000002518       0x18 ./mbed/TARGET_LPC1768/TOOLCHAIN_GCC_ARM/libmbed.a(assert.o)
                0x0000000000002518                mbed_assert_internal
 .text.error    0x0000000000002530       0x24 ./mbed/TARGET_LPC1768/TOOLCHAIN_GCC_ARM/libmbed.a(error.o)
                0x0000000000002530                error
 .text.gpio_init_in
                0x0000000000002554       0x24 ./mbed/TARGET_LPC1768/TOOLCHAIN_GCC_ARM/libmbed.a(gpio.o)
                0x0000000000002554                gpio_init_in
 .text.gpio_init_out
                0x0000000000002578       0x44 ./mbed/TARGET_LPC1768/TOOLCHAIN_GCC_ARM/libmbed.a(gpio.o)
                0x0000000000002578                gpio_init_out
 .text.gpio_init_out_ex
                0x00000000000025bc       0x54 ./mbed/TARGET_LPC1768/TOOLCHAIN_GCC_ARM/libmbed.a(gpio.o)
                0x00000000000025bc                gpio_init_out_ex
 .text.mbed_interface_connected
                0x0000000000002610        0x4 ./mbed/TARGET_LPC1768/TOOLCHAIN_GCC_ARM/libmbed.a(mbed_interface.o)
                0x0000000000002610                mbed_interface_connected
 .text.pinmap_pinout
                0x0000000000002614       0x40 ./mbed/TARGET_LPC1768/TOOLCHAIN_GCC_ARM/libmbed.a(pinmap_common.o)
                0x0000000000002614                pinmap_pinout
 .text.pinmap_merge
                0x0000000000002654       0x24 ./mbed/TARGET_LPC1768/TOOLCHAIN_GCC_ARM/libmbed.a(pinmap_common.o)
                0x0000000000002654                pinmap_merge
 .text.pinmap_find_peripheral
                0x0000000000002678       0x1c ./mbed/TARGET_LPC1768/TOOLCHAIN_GCC_ARM/libmbed.a(pinmap_common.o)
                0x0000000000002678                pinmap_find_peripheral
 .text.pinmap_peripheral
                0x0000000000002694       0x34 ./mbed/TARGET_LPC1768/TOOLCHAIN_GCC_ARM/libmbed.a(pinmap_common.o)
                0x0000000000002694                pinmap_peripheral
 .text.semihost_exit
                0x00000000000026c8       0x18 ./mbed/TARGET_LPC1768/TOOLCHAIN_GCC_ARM/libmbed.a(semihost_api.o)
                0x00000000000026c8                semihost_exit
 .text.semihost_connected
                0x00000000000026e0       0x10 ./mbed/TARGET_LPC1768/TOOLCHAIN_GCC_ARM/libmbed.a(semihost_api.o)
                0x00000000000026e0                semihost_connected
 .text.ticker_irq_handler
                0x00000000000026f0       0x4c ./mbed/TARGET_LPC1768/TOOLCHAIN_GCC_ARM/libmbed.a(ticker_api.o)
                0x00000000000026f0                ticker_irq_handler
 .text.ticker_read
                0x000000000000273c        0x8 ./mbed/TARGET_LPC1768/TOOLCHAIN_GCC_ARM/libmbed.a(ticker_api.o)
                0x000000000000273c                ticker_read
 .text.get_us_ticker_data
                0x0000000000002744        0x8 ./mbed/TARGET_LPC1768/TOOLCHAIN_GCC_ARM/libmbed.a(us_ticker_api.o)
                0x0000000000002744                get_us_ticker_data
 .text.us_ticker_irq_handler
                0x000000000000274c        0xc ./mbed/TARGET_LPC1768/TOOLCHAIN_GCC_ARM/libmbed.a(us_ticker_api.o)
                0x000000000000274c                us_ticker_irq_handler
 .text.wait_us  0x0000000000002758       0x18 ./mbed/TARGET_LPC1768/TOOLCHAIN_GCC_ARM/libmbed.a(wait_api.o)
                0x0000000000002758                wait_us
 .text.wait_ms  0x0000000000002770        0xc ./mbed/TARGET_LPC1768/TOOLCHAIN_GCC_ARM/libmbed.a(wait_api.o)
                0x0000000000002770                wait_ms
 .text.gpio_set
                0x000000000000277c       0x30 ./mbed/TARGET_LPC1768/TOOLCHAIN_GCC_ARM/libmbed.a(gpio_api.o)
                0x000000000000277c                gpio_set
 .text.gpio_init
                0x00000000000027ac       0x30 ./mbed/TARGET_LPC1768/TOOLCHAIN_GCC_ARM/libmbed.a(gpio_api.o)
                0x00000000000027ac                gpio_init
 .text.gpio_mode
                0x00000000000027dc        0x8 ./mbed/TARGET_LPC1768/TOOLCHAIN_GCC_ARM/libmbed.a(gpio_api.o)
                0x00000000000027dc                gpio_mode
 .text.gpio_dir
                0x00000000000027e4       0x44 ./mbed/TARGET_LPC1768/TOOLCHAIN_GCC_ARM/libmbed.a(gpio_api.o)
                0x00000000000027e4                gpio_dir
 .text.i2c_init
                0x0000000000002828       0xcc ./mbed/TARGET_LPC1768/TOOLCHAIN_GCC_ARM/libmbed.a(i2c_api.o)
                0x0000000000002828                i2c_init
 .text.i2c_frequency
                0x00000000000028f4       0x18 ./mbed/TARGET_LPC1768/TOOLCHAIN_GCC_ARM/libmbed.a(i2c_api.o)
                0x00000000000028f4                i2c_frequency
 .text.i2c_read
                0x000000000000290c      0x164 ./mbed/TARGET_LPC1768/TOOLCHAIN_GCC_ARM/libmbed.a(i2c_api.o)
                0x000000000000290c                i2c_read
 .text.i2c_write
                0x0000000000002a70       0xe8 ./mbed/TARGET_LPC1768/TOOLCHAIN_GCC_ARM/libmbed.a(i2c_api.o)
                0x0000000000002a70                i2c_write
 .text.pin_function
                0x0000000000002b58       0x50 ./mbed/TARGET_LPC1768/TOOLCHAIN_GCC_ARM/libmbed.a(pinmap.o)
                0x0000000000002b58                pin_function
 .text.pin_mode
                0x0000000000002ba8       0x78 ./mbed/TARGET_LPC1768/TOOLCHAIN_GCC_ARM/libmbed.a(pinmap.o)
                0x0000000000002ba8                pin_mode
 .text.us_ticker_init.part.0
                0x0000000000002c20       0x64 ./mbed/TARGET_LPC1768/TOOLCHAIN_GCC_ARM/libmbed.a(us_ticker.o)
 .text.us_ticker_init
                0x0000000000002c84       0x10 ./mbed/TARGET_LPC1768/TOOLCHAIN_GCC_ARM/libmbed.a(us_ticker.o)
                0x0000000000002c84                us_ticker_init
 .text.us_ticker_read
                0x0000000000002c94       0x1c ./mbed/TARGET_LPC1768/TOOLCHAIN_GCC_ARM/libmbed.a(us_ticker.o)
                0x0000000000002c94                us_ticker_read
 .text.us_ticker_set_interrupt
                0x0000000000002cb0       0x14 ./mbed/TARGET_LPC1768/TOOLCHAIN_GCC_ARM/libmbed.a(us_ticker.o)
                0x0000000000002cb0                us_ticker_set_interrupt
 .text.us_ticker_disable_interrupt
                0x0000000000002cc4       0x10 ./mbed/TARGET_LPC1768/TOOLCHAIN_GCC_ARM/libmbed.a(us_ticker.o)
                0x0000000000002cc4                us_ticker_disable_interrupt
 .text.us_ticker_clear_interrupt
                0x0000000000002cd4        0xc ./mbed/TARGET_LPC1768/TOOLCHAIN_GCC_ARM/libmbed.a(us_ticker.o)
                0x0000000000002cd4                us_ticker_clear_interrupt
 .text._ZN4mbed8FileLikeC2EPKc
                0x0000000000002ce0       0x28 ./mbed/TARGET_LPC1768/TOOLCHAIN_GCC_ARM/libmbed.a(FileLike.o)
                0x0000000000002ce0                mbed::FileLike::FileLike(char const*)
                0x0000000000002ce0                mbed::FileLike::FileLike(char const*)
 .text._ZN4mbed8FileLikeD2Ev
                0x0000000000002d08       0x24 ./mbed/TARGET_LPC1768/TOOLCHAIN_GCC_ARM/libmbed.a(FileLike.o)
                0x0000000000002d08                mbed::FileLike::~FileLike()
                0x0000000000002d08                mbed::FileLike::~FileLike()
 .text.__aeabi_atexit
                0x0000000000002d2c        0xa /usr/local/gcc_arm/bin/../lib/gcc/arm-none-eabi/5.2.1/../../../../arm-none-eabi/lib/armv7-m/libstdc++_nano.a(atexit_arm.o)
                0x0000000000002d2c                __aeabi_atexit
 .text._ZdlPv   0x0000000000002d36        0x4 /usr/local/gcc_arm/bin/../lib/gcc/arm-none-eabi/5.2.1/../../../../arm-none-eabi/lib/armv7-m/libstdc++_nano.a(del_op.o)
                0x0000000000002d36                operator delete(void*)
 .text._Znwj    0x0000000000002d3a       0x22 /usr/local/gcc_arm/bin/../lib/gcc/arm-none-eabi/5.2.1/../../../../arm-none-eabi/lib/armv7-m/libstdc++_nano.a(new_op.o)
                0x0000000000002d3a                operator new(unsigned int)
 .text._Znaj    0x0000000000002d5c        0x4 /usr/local/gcc_arm/bin/../lib/gcc/arm-none-eabi/5.2.1/../../../../arm-none-eabi/lib/armv7-m/libstdc++_nano.a(new_opv.o)
                0x0000000000002d5c                operator new[](unsigned int)
 .text._ZSt15get_new_handlerv
                0x0000000000002d60       0x10 /usr/local/gcc_arm/bin/../lib/gcc/arm-none-eabi/5.2.1/../../../../arm-none-eabi/lib/armv7-m/libstdc++_nano.a(new_handler.o)
                0x0000000000002d60                std::get_new_handler()
 .text.abort    0x0000000000002d70        0xe /usr/local/gcc_arm/bin/../lib/gcc/arm-none-eabi/5.2.1/../../../../arm-none-eabi/lib/armv7-m/libc_nano.a(lib_a-abort.o)
                0x0000000000002d70                abort
 .text.abs      0x0000000000002d7e        0x8 /usr/local/gcc_arm/bin/../lib/gcc/arm-none-eabi/5.2.1/../../../../arm-none-eabi/lib/armv7-m/libc_nano.a(lib_a-abs.o)
                0x0000000000002d7e                abs
 *fill*         0x0000000000002d86        0x2 
 .text.__cxa_atexit
                0x0000000000002d88       0x1c /usr/local/gcc_arm/bin/../lib/gcc/arm-none-eabi/5.2.1/../../../../arm-none-eabi/lib/armv7-m/libc_nano.a(lib_a-cxa_atexit.o)
                0x0000000000002d88                __cxa_atexit
 .text.__errno  0x0000000000002da4        0xc /usr/local/gcc_arm/bin/../lib/gcc/arm-none-eabi/5.2.1/../../../../arm-none-eabi/lib/armv7-m/libc_nano.a(lib_a-errno.o)
                0x0000000000002da4                __errno
 .text.exit     0x0000000000002db0       0x28 /usr/local/gcc_arm/bin/../lib/gcc/arm-none-eabi/5.2.1/../../../../arm-none-eabi/lib/armv7-m/libc_nano.a(lib_a-exit.o)
                0x0000000000002db0                exit
 .text._fclose_r
                0x0000000000002dd8       0xa4 /usr/local/gcc_arm/bin/../lib/gcc/arm-none-eabi/5.2.1/../../../../arm-none-eabi/lib/armv7-m/libc_nano.a(lib_a-fclose.o)
                0x0000000000002dd8                _fclose_r
 .text.fclose   0x0000000000002e7c       0x10 /usr/local/gcc_arm/bin/../lib/gcc/arm-none-eabi/5.2.1/../../../../arm-none-eabi/lib/armv7-m/libc_nano.a(lib_a-fclose.o)
                0x0000000000002e7c                fclose
 .text.__sflush_r
                0x0000000000002e8c      0x10c /usr/local/gcc_arm/bin/../lib/gcc/arm-none-eabi/5.2.1/../../../../arm-none-eabi/lib/armv7-m/libc_nano.a(lib_a-fflush.o)
                0x0000000000002e8c                __sflush_r
 .text._fflush_r
                0x0000000000002f98       0x54 /usr/local/gcc_arm/bin/../lib/gcc/arm-none-eabi/5.2.1/../../../../arm-none-eabi/lib/armv7-m/libc_nano.a(lib_a-fflush.o)
                0x0000000000002f98                _fflush_r
 .text.fflush   0x0000000000002fec       0x24 /usr/local/gcc_arm/bin/../lib/gcc/arm-none-eabi/5.2.1/../../../../arm-none-eabi/lib/armv7-m/libc_nano.a(lib_a-fflush.o)
                0x0000000000002fec                fflush
 .text._cleanup_r
                0x0000000000003010        0xc /usr/local/gcc_arm/bin/../lib/gcc/arm-none-eabi/5.2.1/../../../../arm-none-eabi/lib/armv7-m/libc_nano.a(lib_a-findfp.o)
                0x0000000000003010                _cleanup_r
 .text.std.isra.0
                0x000000000000301c       0x48 /usr/local/gcc_arm/bin/../lib/gcc/arm-none-eabi/5.2.1/../../../../arm-none-eabi/lib/armv7-m/libc_nano.a(lib_a-findfp.o)
 .text.__sfmoreglue
                0x0000000000003064       0x2c /usr/local/gcc_arm/bin/../lib/gcc/arm-none-eabi/5.2.1/../../../../arm-none-eabi/lib/armv7-m/libc_nano.a(lib_a-findfp.o)
                0x0000000000003064                __sfmoreglue
 .text.__sinit  0x0000000000003090       0x60 /usr/local/gcc_arm/bin/../lib/gcc/arm-none-eabi/5.2.1/../../../../arm-none-eabi/lib/armv7-m/libc_nano.a(lib_a-findfp.o)
                0x0000000000003090                __sinit
 .text.__sfp    0x00000000000030f0       0x78 /usr/local/gcc_arm/bin/../lib/gcc/arm-none-eabi/5.2.1/../../../../arm-none-eabi/lib/armv7-m/libc_nano.a(lib_a-findfp.o)
                0x00000000000030f0                __sfp
 .text.__sfp_lock_acquire
                0x0000000000003168        0x2 /usr/local/gcc_arm/bin/../lib/gcc/arm-none-eabi/5.2.1/../../../../arm-none-eabi/lib/armv7-m/libc_nano.a(lib_a-findfp.o)
                0x0000000000003168                __sfp_lock_acquire
 .text.__sfp_lock_release
                0x000000000000316a        0x2 /usr/local/gcc_arm/bin/../lib/gcc/arm-none-eabi/5.2.1/../../../../arm-none-eabi/lib/armv7-m/libc_nano.a(lib_a-findfp.o)
                0x000000000000316a                __sfp_lock_release
 .text._fopen_r
                0x000000000000316c       0x80 /usr/local/gcc_arm/bin/../lib/gcc/arm-none-eabi/5.2.1/../../../../arm-none-eabi/lib/armv7-m/libc_nano.a(lib_a-fopen.o)
                0x000000000000316c                _fopen_r
 .text.fopen    0x00000000000031ec       0x10 /usr/local/gcc_arm/bin/../lib/gcc/arm-none-eabi/5.2.1/../../../../arm-none-eabi/lib/armv7-m/libc_nano.a(lib_a-fopen.o)
                0x00000000000031ec                fopen
 .text._fseek_r
                0x00000000000031fc        0x4 /usr/local/gcc_arm/bin/../lib/gcc/arm-none-eabi/5.2.1/../../../../arm-none-eabi/lib/armv7-m/libc_nano.a(lib_a-fseek.o)
                0x00000000000031fc                _fseek_r
 .text._fseeko_r
                0x0000000000003200      0x118 /usr/local/gcc_arm/bin/../lib/gcc/arm-none-eabi/5.2.1/../../../../arm-none-eabi/lib/armv7-m/libc_nano.a(lib_a-fseeko.o)
                0x0000000000003200                _fseeko_r
 .text._fwalk_reent
                0x0000000000003318       0x3c /usr/local/gcc_arm/bin/../lib/gcc/arm-none-eabi/5.2.1/../../../../arm-none-eabi/lib/armv7-m/libc_nano.a(lib_a-fwalk.o)
                0x0000000000003318                _fwalk_reent
 .text.__libc_init_array
                0x0000000000003354       0x4c /usr/local/gcc_arm/bin/../lib/gcc/arm-none-eabi/5.2.1/../../../../arm-none-eabi/lib/armv7-m/libc_nano.a(lib_a-init.o)
                0x0000000000003354                __libc_init_array
 .text.__smakebuf_r
                0x00000000000033a0       0x98 /usr/local/gcc_arm/bin/../lib/gcc/arm-none-eabi/5.2.1/../../../../arm-none-eabi/lib/armv7-m/libc_nano.a(lib_a-makebuf.o)
                0x00000000000033a0                __smakebuf_r
 .text.malloc   0x0000000000003438       0x10 /usr/local/gcc_arm/bin/../lib/gcc/arm-none-eabi/5.2.1/../../../../arm-none-eabi/lib/armv7-m/libc_nano.a(lib_a-malloc.o)
                0x0000000000003438                malloc
 .text.free     0x0000000000003448       0x10 /usr/local/gcc_arm/bin/../lib/gcc/arm-none-eabi/5.2.1/../../../../arm-none-eabi/lib/armv7-m/libc_nano.a(lib_a-malloc.o)
                0x0000000000003448                free
 .text.memchr   0x0000000000003458       0x1c /usr/local/gcc_arm/bin/../lib/gcc/arm-none-eabi/5.2.1/../../../../arm-none-eabi/lib/armv7-m/libc_nano.a(lib_a-memchr-stub.o)
                0x0000000000003458                memchr
 .text.memcpy   0x0000000000003474       0x16 /usr/local/gcc_arm/bin/../lib/gcc/arm-none-eabi/5.2.1/../../../../arm-none-eabi/lib/armv7-m/libc_nano.a(lib_a-memcpy-stub.o)
                0x0000000000003474                memcpy
 .text.memset   0x000000000000348a       0x10 /usr/local/gcc_arm/bin/../lib/gcc/arm-none-eabi/5.2.1/../../../../arm-none-eabi/lib/armv7-m/libc_nano.a(lib_a-memset.o)
                0x000000000000348a                memset
 *fill*         0x000000000000349a        0x2 
 .text._free_r  0x000000000000349c       0x88 /usr/local/gcc_arm/bin/../lib/gcc/arm-none-eabi/5.2.1/../../../../arm-none-eabi/lib/armv7-m/libc_nano.a(lib_a-nano-freer.o)
                0x000000000000349c                _free_r
 .text._malloc_r
                0x0000000000003524       0xa8 /usr/local/gcc_arm/bin/../lib/gcc/arm-none-eabi/5.2.1/../../../../arm-none-eabi/lib/armv7-m/libc_nano.a(lib_a-nano-mallocr.o)
                0x0000000000003524                _malloc_r
 .text.__sfputc_r
                0x00000000000035cc       0x2c /usr/local/gcc_arm/bin/../lib/gcc/arm-none-eabi/5.2.1/../../../../arm-none-eabi/lib/armv7-m/libc_nano.a(lib_a-nano-vfprintf.o)
 .text.__sfputs_r
                0x00000000000035f8       0x24 /usr/local/gcc_arm/bin/../lib/gcc/arm-none-eabi/5.2.1/../../../../arm-none-eabi/lib/armv7-m/libc_nano.a(lib_a-nano-vfprintf.o)
                0x00000000000035f8                __sfputs_r
 .text._vfprintf_r
                0x000000000000361c      0x238 /usr/local/gcc_arm/bin/../lib/gcc/arm-none-eabi/5.2.1/../../../../arm-none-eabi/lib/armv7-m/libc_nano.a(lib_a-nano-vfprintf.o)
                0x000000000000361c                _vfiprintf_r
                0x000000000000361c                _vfprintf_r
 .text.vfprintf
                0x0000000000003854       0x14 /usr/local/gcc_arm/bin/../lib/gcc/arm-none-eabi/5.2.1/../../../../arm-none-eabi/lib/armv7-m/libc_nano.a(lib_a-nano-vfprintf.o)
                0x0000000000003854                vfiprintf
                0x0000000000003854                vfprintf
 .text.__cvt    0x0000000000003868       0xc0 /usr/local/gcc_arm/bin/../lib/gcc/arm-none-eabi/5.2.1/../../../../arm-none-eabi/lib/armv7-m/libc_nano.a(lib_a-nano-vfprintf_float.o)
                0x0000000000003868                __cvt
 .text.__exponent
                0x0000000000003928       0x62 /usr/local/gcc_arm/bin/../lib/gcc/arm-none-eabi/5.2.1/../../../../arm-none-eabi/lib/armv7-m/libc_nano.a(lib_a-nano-vfprintf_float.o)
                0x0000000000003928                __exponent
 *fill*         0x000000000000398a        0x2 
 .text._printf_float
                0x000000000000398c      0x46c /usr/local/gcc_arm/bin/../lib/gcc/arm-none-eabi/5.2.1/../../../../arm-none-eabi/lib/armv7-m/libc_nano.a(lib_a-nano-vfprintf_float.o)
                0x000000000000398c                _printf_float
 .text._printf_common
                0x0000000000003df8       0xec /usr/local/gcc_arm/bin/../lib/gcc/arm-none-eabi/5.2.1/../../../../arm-none-eabi/lib/armv7-m/libc_nano.a(lib_a-nano-vfprintf_i.o)
                0x0000000000003df8                _printf_common
 .text._printf_i
                0x0000000000003ee4      0x24c /usr/local/gcc_arm/bin/../lib/gcc/arm-none-eabi/5.2.1/../../../../arm-none-eabi/lib/armv7-m/libc_nano.a(lib_a-nano-vfprintf_i.o)
                0x0000000000003ee4                _printf_i
 .text._scanf_float
                0x0000000000004130      0x3b8 /usr/local/gcc_arm/bin/../lib/gcc/arm-none-eabi/5.2.1/../../../../arm-none-eabi/lib/armv7-m/libc_nano.a(lib_a-nano-vfscanf_float.o)
                0x0000000000004130                _scanf_float
 .text._scanf_chars
                0x00000000000044e8       0xcc /usr/local/gcc_arm/bin/../lib/gcc/arm-none-eabi/5.2.1/../../../../arm-none-eabi/lib/armv7-m/libc_nano.a(lib_a-nano-vfscanf_i.o)
                0x00000000000044e8                _scanf_chars
 .text._scanf_i
                0x00000000000045b4      0x1e4 /usr/local/gcc_arm/bin/../lib/gcc/arm-none-eabi/5.2.1/../../../../arm-none-eabi/lib/armv7-m/libc_nano.a(lib_a-nano-vfscanf_i.o)
                0x00000000000045b4                _scanf_i
 .text._open_r  0x0000000000004798       0x24 /usr/local/gcc_arm/bin/../lib/gcc/arm-none-eabi/5.2.1/../../../../arm-none-eabi/lib/armv7-m/libc_nano.a(lib_a-openr.o)
                0x0000000000004798                _open_r
 .text.__fpclassifyd
                0x00000000000047bc       0x50 /usr/local/gcc_arm/bin/../lib/gcc/arm-none-eabi/5.2.1/../../../../arm-none-eabi/lib/armv7-m/libc_nano.a(lib_a-s_fpclassify.o)
                0x00000000000047bc                __fpclassifyd
 .text._sbrk_r  0x000000000000480c       0x20 /usr/local/gcc_arm/bin/../lib/gcc/arm-none-eabi/5.2.1/../../../../arm-none-eabi/lib/armv7-m/libc_nano.a(lib_a-sbrkr.o)
                0x000000000000480c                _sbrk_r
 .text.__sccl   0x000000000000482c       0x60 /usr/local/gcc_arm/bin/../lib/gcc/arm-none-eabi/5.2.1/../../../../arm-none-eabi/lib/armv7-m/libc_nano.a(lib_a-sccl.o)
                0x000000000000482c                __sccl
 .text.setbuf   0x000000000000488c       0x10 /usr/local/gcc_arm/bin/../lib/gcc/arm-none-eabi/5.2.1/../../../../arm-none-eabi/lib/armv7-m/libc_nano.a(lib_a-setbuf.o)
                0x000000000000488c                setbuf
 .text.setvbuf  0x000000000000489c      0x110 /usr/local/gcc_arm/bin/../lib/gcc/arm-none-eabi/5.2.1/../../../../arm-none-eabi/lib/armv7-m/libc_nano.a(lib_a-setvbuf.o)
                0x000000000000489c                setvbuf
 .text.nanf     0x00000000000049ac        0x8 /usr/local/gcc_arm/bin/../lib/gcc/arm-none-eabi/5.2.1/../../../../arm-none-eabi/lib/armv7-m/libc_nano.a(lib_a-sf_nan.o)
                0x00000000000049ac                nanf
 .text._raise_r
                0x00000000000049b4       0x54 /usr/local/gcc_arm/bin/../lib/gcc/arm-none-eabi/5.2.1/../../../../arm-none-eabi/lib/armv7-m/libc_nano.a(lib_a-signal.o)
                0x00000000000049b4                _raise_r
 .text.raise    0x0000000000004a08       0x10 /usr/local/gcc_arm/bin/../lib/gcc/arm-none-eabi/5.2.1/../../../../arm-none-eabi/lib/armv7-m/libc_nano.a(lib_a-signal.o)
                0x0000000000004a08                raise
 .text._kill_r  0x0000000000004a18       0x24 /usr/local/gcc_arm/bin/../lib/gcc/arm-none-eabi/5.2.1/../../../../arm-none-eabi/lib/armv7-m/libc_nano.a(lib_a-signalr.o)
                0x0000000000004a18                _kill_r
 .text._getpid_r
                0x0000000000004a3c        0x4 /usr/local/gcc_arm/bin/../lib/gcc/arm-none-eabi/5.2.1/../../../../arm-none-eabi/lib/armv7-m/libc_nano.a(lib_a-signalr.o)
                0x0000000000004a3c                _getpid_r
 .text.sprintf  0x0000000000004a40       0x48 /usr/local/gcc_arm/bin/../lib/gcc/arm-none-eabi/5.2.1/../../../../arm-none-eabi/lib/armv7-m/libc_nano.a(lib_a-sprintf.o)
                0x0000000000004a40                sprintf
                0x0000000000004a40                siprintf
 .text.sscanf   0x0000000000004a88       0x54 /usr/local/gcc_arm/bin/../lib/gcc/arm-none-eabi/5.2.1/../../../../arm-none-eabi/lib/armv7-m/libc_nano.a(lib_a-sscanf.o)
                0x0000000000004a88                sscanf
                0x0000000000004a88                siscanf
 .text.__sread  0x0000000000004adc       0x22 /usr/local/gcc_arm/bin/../lib/gcc/arm-none-eabi/5.2.1/../../../../arm-none-eabi/lib/armv7-m/libc_nano.a(lib_a-stdio.o)
                0x0000000000004adc                __sread
 .text.__seofread
                0x0000000000004afe        0x4 /usr/local/gcc_arm/bin/../lib/gcc/arm-none-eabi/5.2.1/../../../../arm-none-eabi/lib/armv7-m/libc_nano.a(lib_a-stdio.o)
                0x0000000000004afe                __seofread
 .text.__swrite
                0x0000000000004b02       0x38 /usr/local/gcc_arm/bin/../lib/gcc/arm-none-eabi/5.2.1/../../../../arm-none-eabi/lib/armv7-m/libc_nano.a(lib_a-stdio.o)
                0x0000000000004b02                __swrite
 .text.__sseek  0x0000000000004b3a       0x24 /usr/local/gcc_arm/bin/../lib/gcc/arm-none-eabi/5.2.1/../../../../arm-none-eabi/lib/armv7-m/libc_nano.a(lib_a-stdio.o)
                0x0000000000004b3a                __sseek
 .text.__sclose
                0x0000000000004b5e        0x8 /usr/local/gcc_arm/bin/../lib/gcc/arm-none-eabi/5.2.1/../../../../arm-none-eabi/lib/armv7-m/libc_nano.a(lib_a-stdio.o)
                0x0000000000004b5e                __sclose
 .text          0x0000000000004b66       0x14 /usr/local/gcc_arm/bin/../lib/gcc/arm-none-eabi/5.2.1/../../../../arm-none-eabi/lib/armv7-m/libc_nano.a(lib_a-strcmp.o)
                0x0000000000004b66                strcmp
 .text          0x0000000000004b7a       0x10 /usr/local/gcc_arm/bin/../lib/gcc/arm-none-eabi/5.2.1/../../../../arm-none-eabi/lib/armv7-m/libc_nano.a(lib_a-strlen.o)
                0x0000000000004b7a                strlen
 .text.strncmp  0x0000000000004b8a       0x2a /usr/local/gcc_arm/bin/../lib/gcc/arm-none-eabi/5.2.1/../../../../arm-none-eabi/lib/armv7-m/libc_nano.a(lib_a-strncmp.o)
                0x0000000000004b8a                strncmp
 .text.sulp     0x0000000000004bb4       0x42 /usr/local/gcc_arm/bin/../lib/gcc/arm-none-eabi/5.2.1/../../../../arm-none-eabi/lib/armv7-m/libc_nano.a(lib_a-strtod.o)
 *fill*         0x0000000000004bf6        0x2 
 .text._strtod_r
                0x0000000000004bf8      0xc00 /usr/local/gcc_arm/bin/../lib/gcc/arm-none-eabi/5.2.1/../../../../arm-none-eabi/lib/armv7-m/libc_nano.a(lib_a-strtod.o)
                0x0000000000004bf8                _strtod_r
 .text._strtol_r
                0x00000000000057f8      0x10c /usr/local/gcc_arm/bin/../lib/gcc/arm-none-eabi/5.2.1/../../../../arm-none-eabi/lib/armv7-m/libc_nano.a(lib_a-strtol.o)
                0x00000000000057f8                _strtol_r
 .text._strtoul_r
                0x0000000000005904       0xfc /usr/local/gcc_arm/bin/../lib/gcc/arm-none-eabi/5.2.1/../../../../arm-none-eabi/lib/armv7-m/libc_nano.a(lib_a-strtoul.o)
                0x0000000000005904                _strtoul_r
 .text.__submore
                0x0000000000005a00       0x72 /usr/local/gcc_arm/bin/../lib/gcc/arm-none-eabi/5.2.1/../../../../arm-none-eabi/lib/armv7-m/libc_nano.a(lib_a-ungetc.o)
                0x0000000000005a00                __submore
 *fill*         0x0000000000005a72        0x2 
 .text.__swbuf_r
                0x0000000000005a74       0xa8 /usr/local/gcc_arm/bin/../lib/gcc/arm-none-eabi/5.2.1/../../../../arm-none-eabi/lib/armv7-m/libc_nano.a(lib_a-wbuf.o)
                0x0000000000005a74                __swbuf_r
 .text._write_r
                0x0000000000005b1c       0x24 /usr/local/gcc_arm/bin/../lib/gcc/arm-none-eabi/5.2.1/../../../../arm-none-eabi/lib/armv7-m/libc_nano.a(lib_a-writer.o)
                0x0000000000005b1c                _write_r
 .text.__swsetup_r
                0x0000000000005b40       0xd8 /usr/local/gcc_arm/bin/../lib/gcc/arm-none-eabi/5.2.1/../../../../arm-none-eabi/lib/armv7-m/libc_nano.a(lib_a-wsetup.o)
                0x0000000000005b40                __swsetup_r
 .text._close_r
                0x0000000000005c18       0x20 /usr/local/gcc_arm/bin/../lib/gcc/arm-none-eabi/5.2.1/../../../../arm-none-eabi/lib/armv7-m/libc_nano.a(lib_a-closer.o)
                0x0000000000005c18                _close_r
 .text.quorem   0x0000000000005c38      0x116 /usr/local/gcc_arm/bin/../lib/gcc/arm-none-eabi/5.2.1/../../../../arm-none-eabi/lib/armv7-m/libc_nano.a(lib_a-dtoa.o)
 *fill*         0x0000000000005d4e        0x2 
 .text._dtoa_r  0x0000000000005d50      0xb30 /usr/local/gcc_arm/bin/../lib/gcc/arm-none-eabi/5.2.1/../../../../arm-none-eabi/lib/armv7-m/libc_nano.a(lib_a-dtoa.o)
                0x0000000000005d50                _dtoa_r
 .text.__sflags
                0x0000000000006880       0x6e /usr/local/gcc_arm/bin/../lib/gcc/arm-none-eabi/5.2.1/../../../../arm-none-eabi/lib/armv7-m/libc_nano.a(lib_a-flags.o)
                0x0000000000006880                __sflags
 *fill*         0x00000000000068ee        0x2 
 .text._fstat_r
                0x00000000000068f0       0x24 /usr/local/gcc_arm/bin/../lib/gcc/arm-none-eabi/5.2.1/../../../../arm-none-eabi/lib/armv7-m/libc_nano.a(lib_a-fstatr.o)
                0x00000000000068f0                _fstat_r
 .text.rshift   0x0000000000006914       0x6c /usr/local/gcc_arm/bin/../lib/gcc/arm-none-eabi/5.2.1/../../../../arm-none-eabi/lib/armv7-m/libc_nano.a(lib_a-gdtoa-gethex.o)
 .text.__hexdig_fun
                0x0000000000006980       0x2a /usr/local/gcc_arm/bin/../lib/gcc/arm-none-eabi/5.2.1/../../../../arm-none-eabi/lib/armv7-m/libc_nano.a(lib_a-gdtoa-gethex.o)
                0x0000000000006980                __hexdig_fun
 .text.__gethex
                0x00000000000069aa      0x43e /usr/local/gcc_arm/bin/../lib/gcc/arm-none-eabi/5.2.1/../../../../arm-none-eabi/lib/armv7-m/libc_nano.a(lib_a-gdtoa-gethex.o)
                0x00000000000069aa                __gethex
 .text.L_shift  0x0000000000006de8       0x24 /usr/local/gcc_arm/bin/../lib/gcc/arm-none-eabi/5.2.1/../../../../arm-none-eabi/lib/armv7-m/libc_nano.a(lib_a-gdtoa-hexnan.o)
 .text.__match  0x0000000000006e0c       0x26 /usr/local/gcc_arm/bin/../lib/gcc/arm-none-eabi/5.2.1/../../../../arm-none-eabi/lib/armv7-m/libc_nano.a(lib_a-gdtoa-hexnan.o)
                0x0000000000006e0c                __match
 .text.__hexnan
                0x0000000000006e32      0x11c /usr/local/gcc_arm/bin/../lib/gcc/arm-none-eabi/5.2.1/../../../../arm-none-eabi/lib/armv7-m/libc_nano.a(lib_a-gdtoa-hexnan.o)
                0x0000000000006e32                __hexnan
 *fill*         0x0000000000006f4e        0x2 
 .text._isatty_r
                0x0000000000006f50       0x20 /usr/local/gcc_arm/bin/../lib/gcc/arm-none-eabi/5.2.1/../../../../arm-none-eabi/lib/armv7-m/libc_nano.a(lib_a-isattyr.o)
                0x0000000000006f50                _isatty_r
 .text._localeconv_r
                0x0000000000006f70        0x8 /usr/local/gcc_arm/bin/../lib/gcc/arm-none-eabi/5.2.1/../../../../arm-none-eabi/lib/armv7-m/libc_nano.a(lib_a-locale.o)
                0x0000000000006f70                _localeconv_r
 .text._lseek_r
                0x0000000000006f78       0x24 /usr/local/gcc_arm/bin/../lib/gcc/arm-none-eabi/5.2.1/../../../../arm-none-eabi/lib/armv7-m/libc_nano.a(lib_a-lseekr.o)
                0x0000000000006f78                _lseek_r
 .text.memmove  0x0000000000006f9c       0x36 /usr/local/gcc_arm/bin/../lib/gcc/arm-none-eabi/5.2.1/../../../../arm-none-eabi/lib/armv7-m/libc_nano.a(lib_a-memmove.o)
                0x0000000000006f9c                memmove
 .text._Balloc  0x0000000000006fd2       0x6a /usr/local/gcc_arm/bin/../lib/gcc/arm-none-eabi/5.2.1/../../../../arm-none-eabi/lib/armv7-m/libc_nano.a(lib_a-mprec.o)
                0x0000000000006fd2                _Balloc
 .text._Bfree   0x000000000000703c       0x2e /usr/local/gcc_arm/bin/../lib/gcc/arm-none-eabi/5.2.1/../../../../arm-none-eabi/lib/armv7-m/libc_nano.a(lib_a-mprec.o)
                0x000000000000703c                _Bfree
 .text.__multadd
                0x000000000000706a       0x76 /usr/local/gcc_arm/bin/../lib/gcc/arm-none-eabi/5.2.1/../../../../arm-none-eabi/lib/armv7-m/libc_nano.a(lib_a-mprec.o)
                0x000000000000706a                __multadd
 .text.__s2b    0x00000000000070e0       0x7c /usr/local/gcc_arm/bin/../lib/gcc/arm-none-eabi/5.2.1/../../../../arm-none-eabi/lib/armv7-m/libc_nano.a(lib_a-mprec.o)
                0x00000000000070e0                __s2b
 .text.__hi0bits
                0x000000000000715c       0x40 /usr/local/gcc_arm/bin/../lib/gcc/arm-none-eabi/5.2.1/../../../../arm-none-eabi/lib/armv7-m/libc_nano.a(lib_a-mprec.o)
                0x000000000000715c                __hi0bits
 .text.__lo0bits
                0x000000000000719c       0x5a /usr/local/gcc_arm/bin/../lib/gcc/arm-none-eabi/5.2.1/../../../../arm-none-eabi/lib/armv7-m/libc_nano.a(lib_a-mprec.o)
                0x000000000000719c                __lo0bits
 .text.__i2b    0x00000000000071f6       0x12 /usr/local/gcc_arm/bin/../lib/gcc/arm-none-eabi/5.2.1/../../../../arm-none-eabi/lib/armv7-m/libc_nano.a(lib_a-mprec.o)
                0x00000000000071f6                __i2b
 .text.__multiply
                0x0000000000007208      0x120 /usr/local/gcc_arm/bin/../lib/gcc/arm-none-eabi/5.2.1/../../../../arm-none-eabi/lib/armv7-m/libc_nano.a(lib_a-mprec.o)
                0x0000000000007208                __multiply
 .text.__pow5mult
                0x0000000000007328       0x9c /usr/local/gcc_arm/bin/../lib/gcc/arm-none-eabi/5.2.1/../../../../arm-none-eabi/lib/armv7-m/libc_nano.a(lib_a-mprec.o)
                0x0000000000007328                __pow5mult
 .text.__lshift
                0x00000000000073c4       0xa2 /usr/local/gcc_arm/bin/../lib/gcc/arm-none-eabi/5.2.1/../../../../arm-none-eabi/lib/armv7-m/libc_nano.a(lib_a-mprec.o)
                0x00000000000073c4                __lshift
 .text.__mcmp   0x0000000000007466       0x38 /usr/local/gcc_arm/bin/../lib/gcc/arm-none-eabi/5.2.1/../../../../arm-none-eabi/lib/armv7-m/libc_nano.a(lib_a-mprec.o)
                0x0000000000007466                __mcmp
 .text.__mdiff  0x000000000000749e       0xbe /usr/local/gcc_arm/bin/../lib/gcc/arm-none-eabi/5.2.1/../../../../arm-none-eabi/lib/armv7-m/libc_nano.a(lib_a-mprec.o)
                0x000000000000749e                __mdiff
 .text.__ulp    0x000000000000755c       0x48 /usr/local/gcc_arm/bin/../lib/gcc/arm-none-eabi/5.2.1/../../../../arm-none-eabi/lib/armv7-m/libc_nano.a(lib_a-mprec.o)
                0x000000000000755c                __ulp
 .text.__b2d    0x00000000000075a4       0x9a /usr/local/gcc_arm/bin/../lib/gcc/arm-none-eabi/5.2.1/../../../../arm-none-eabi/lib/armv7-m/libc_nano.a(lib_a-mprec.o)
                0x00000000000075a4                __b2d
 .text.__d2b    0x000000000000763e       0x9c /usr/local/gcc_arm/bin/../lib/gcc/arm-none-eabi/5.2.1/../../../../arm-none-eabi/lib/armv7-m/libc_nano.a(lib_a-mprec.o)
                0x000000000000763e                __d2b
 .text.__ratio  0x00000000000076da       0x50 /usr/local/gcc_arm/bin/../lib/gcc/arm-none-eabi/5.2.1/../../../../arm-none-eabi/lib/armv7-m/libc_nano.a(lib_a-mprec.o)
                0x00000000000076da                __ratio
 .text.__copybits
                0x000000000000772a       0x34 /usr/local/gcc_arm/bin/../lib/gcc/arm-none-eabi/5.2.1/../../../../arm-none-eabi/lib/armv7-m/libc_nano.a(lib_a-mprec.o)
                0x000000000000772a                __copybits
 .text.__any_on
                0x000000000000775e       0x44 /usr/local/gcc_arm/bin/../lib/gcc/arm-none-eabi/5.2.1/../../../../arm-none-eabi/lib/armv7-m/libc_nano.a(lib_a-mprec.o)
                0x000000000000775e                __any_on
 .text._calloc_r
                0x00000000000077a2       0x1c /usr/local/gcc_arm/bin/../lib/gcc/arm-none-eabi/5.2.1/../../../../arm-none-eabi/lib/armv7-m/libc_nano.a(lib_a-nano-callocr.o)
                0x00000000000077a2                _calloc_r
 .text._realloc_r
                0x00000000000077be       0x4c /usr/local/gcc_arm/bin/../lib/gcc/arm-none-eabi/5.2.1/../../../../arm-none-eabi/lib/armv7-m/libc_nano.a(lib_a-nano-reallocr.o)
                0x00000000000077be                _realloc_r
 .text.__ssputs_r
                0x000000000000780a       0xb2 /usr/local/gcc_arm/bin/../lib/gcc/arm-none-eabi/5.2.1/../../../../arm-none-eabi/lib/armv7-m/libc_nano.a(lib_a-nano-svfprintf.o)
                0x000000000000780a                __ssputs_r
 .text._svfprintf_r
                0x00000000000078bc      0x1e8 /usr/local/gcc_arm/bin/../lib/gcc/arm-none-eabi/5.2.1/../../../../arm-none-eabi/lib/armv7-m/libc_nano.a(lib_a-nano-svfprintf.o)
                0x00000000000078bc                _svfprintf_r
                0x00000000000078bc                _svfiprintf_r
 .text._sungetc_r
                0x0000000000007aa4       0x7c /usr/local/gcc_arm/bin/../lib/gcc/arm-none-eabi/5.2.1/../../../../arm-none-eabi/lib/armv7-m/libc_nano.a(lib_a-nano-svfscanf.o)
                0x0000000000007aa4                _sungetc_r
 .text.__ssrefill_r
                0x0000000000007b20       0x3a /usr/local/gcc_arm/bin/../lib/gcc/arm-none-eabi/5.2.1/../../../../arm-none-eabi/lib/armv7-m/libc_nano.a(lib_a-nano-svfscanf.o)
                0x0000000000007b20                __ssrefill_r
 *fill*         0x0000000000007b5a        0x2 
 .text.__ssvfscanf_r
                0x0000000000007b5c      0x29c /usr/local/gcc_arm/bin/../lib/gcc/arm-none-eabi/5.2.1/../../../../arm-none-eabi/lib/armv7-m/libc_nano.a(lib_a-nano-svfscanf.o)
                0x0000000000007b5c                __ssvfscanf_r
                0x0000000000007b5c                __ssvfiscanf_r
 .text._read_r  0x0000000000007df8       0x24 /usr/local/gcc_arm/bin/../lib/gcc/arm-none-eabi/5.2.1/../../../../arm-none-eabi/lib/armv7-m/libc_nano.a(lib_a-readr.o)
                0x0000000000007df8                _read_r
 .text._malloc_usable_size_r
                0x0000000000007e1c       0x14 /usr/local/gcc_arm/bin/../lib/gcc/arm-none-eabi/5.2.1/../../../../arm-none-eabi/lib/armv7-m/libc_nano.a(lib_a-nano-msizer.o)
                0x0000000000007e1c                _malloc_usable_size_r
 .text          0x0000000000007e30      0x370 /usr/local/gcc_arm/bin/../lib/gcc/arm-none-eabi/5.2.1/armv7-m/libgcc.a(_arm_addsubdf3.o)
                0x0000000000007e30                __aeabi_drsub
                0x0000000000007e38                __subdf3
                0x0000000000007e38                __aeabi_dsub
                0x0000000000007e3c                __aeabi_dadd
                0x0000000000007e3c                __adddf3
                0x00000000000080b4                __aeabi_ui2d
                0x00000000000080b4                __floatunsidf
                0x00000000000080d4                __floatsidf
                0x00000000000080d4                __aeabi_i2d
                0x00000000000080f8                __extendsfdf2
                0x00000000000080f8                __aeabi_f2d
                0x0000000000008134                __aeabi_ul2d
                0x0000000000008134                __floatundidf
                0x0000000000008144                __aeabi_l2d
                0x0000000000008144                __floatdidf
 .text          0x00000000000081a0      0x424 /usr/local/gcc_arm/bin/../lib/gcc/arm-none-eabi/5.2.1/armv7-m/libgcc.a(_arm_muldivdf3.o)
                0x00000000000081a0                __aeabi_dmul
                0x00000000000081a0                __muldf3
                0x00000000000083f4                __aeabi_ddiv
                0x00000000000083f4                __divdf3
 .text          0x00000000000085c4      0x110 /usr/local/gcc_arm/bin/../lib/gcc/arm-none-eabi/5.2.1/armv7-m/libgcc.a(_arm_cmpdf2.o)
                0x00000000000085c4                __gtdf2
                0x00000000000085c4                __gedf2
                0x00000000000085cc                __ltdf2
                0x00000000000085cc                __ledf2
                0x00000000000085d4                __eqdf2
                0x00000000000085d4                __nedf2
                0x00000000000085d4                __cmpdf2
                0x0000000000008650                __aeabi_cdrcmple
                0x0000000000008660                __aeabi_cdcmple
                0x0000000000008660                __aeabi_cdcmpeq
                0x0000000000008670                __aeabi_dcmpeq
                0x0000000000008684                __aeabi_dcmplt
                0x0000000000008698                __aeabi_dcmple
                0x00000000000086ac                __aeabi_dcmpge
                0x00000000000086c0                __aeabi_dcmpgt
 .text          0x00000000000086d4       0x50 /usr/local/gcc_arm/bin/../lib/gcc/arm-none-eabi/5.2.1/armv7-m/libgcc.a(_arm_fixdfsi.o)
                0x00000000000086d4                __fixdfsi
                0x00000000000086d4                __aeabi_d2iz
 .text          0x0000000000008724       0x40 /usr/local/gcc_arm/bin/../lib/gcc/arm-none-eabi/5.2.1/armv7-m/libgcc.a(_arm_fixunsdfsi.o)
                0x0000000000008724                __fixunsdfsi
                0x0000000000008724                __aeabi_d2uiz
 .text          0x0000000000008764       0xa0 /usr/local/gcc_arm/bin/../lib/gcc/arm-none-eabi/5.2.1/armv7-m/libgcc.a(_arm_truncdfsf2.o)
                0x0000000000008764                __aeabi_d2f
                0x0000000000008764                __truncdfsf2
 .text          0x0000000000008804      0x21c /usr/local/gcc_arm/bin/../lib/gcc/arm-none-eabi/5.2.1/armv7-m/libgcc.a(_arm_addsubsf3.o)
                0x0000000000008804                __aeabi_frsub
                0x000000000000880c                __aeabi_fsub
                0x000000000000880c                __subsf3
                0x0000000000008810                __aeabi_fadd
                0x0000000000008810                __addsf3
                0x0000000000008970                __aeabi_ui2f
                0x0000000000008970                __floatunsisf
                0x0000000000008978                __floatsisf
                0x0000000000008978                __aeabi_i2f
                0x0000000000008994                __aeabi_ul2f
                0x0000000000008994                __floatundisf
                0x00000000000089a4                __aeabi_l2f
                0x00000000000089a4                __floatdisf
 .text          0x0000000000008a20      0x2a0 /usr/local/gcc_arm/bin/../lib/gcc/arm-none-eabi/5.2.1/armv7-m/libgcc.a(_arm_muldivsf3.o)
                0x0000000000008a20                __mulsf3
                0x0000000000008a20                __aeabi_fmul
                0x0000000000008b88                __divsf3
                0x0000000000008b88                __aeabi_fdiv
 .text          0x0000000000008cc0       0xec /usr/local/gcc_arm/bin/../lib/gcc/arm-none-eabi/5.2.1/armv7-m/libgcc.a(_arm_cmpsf2.o)
                0x0000000000008cc0                __gesf2
                0x0000000000008cc0                __gtsf2
                0x0000000000008cc8                __ltsf2
                0x0000000000008cc8                __lesf2
                0x0000000000008cd0                __nesf2
                0x0000000000008cd0                __eqsf2
                0x0000000000008cd0                __cmpsf2
                0x0000000000008d30                __aeabi_cfrcmple
                0x0000000000008d38                __aeabi_cfcmpeq
                0x0000000000008d38                __aeabi_cfcmple
                0x0000000000008d48                __aeabi_fcmpeq
                0x0000000000008d5c                __aeabi_fcmplt
                0x0000000000008d70                __aeabi_fcmple
                0x0000000000008d84                __aeabi_fcmpge
                0x0000000000008d98                __aeabi_fcmpgt
 .text          0x0000000000008dac       0x4c /usr/local/gcc_arm/bin/../lib/gcc/arm-none-eabi/5.2.1/armv7-m/libgcc.a(_arm_fixsfsi.o)
                0x0000000000008dac                __fixsfsi
                0x0000000000008dac                __aeabi_f2iz
 .text          0x0000000000008df8       0x40 /usr/local/gcc_arm/bin/../lib/gcc/arm-none-eabi/5.2.1/armv7-m/libgcc.a(_arm_fixunssfsi.o)
                0x0000000000008df8                __aeabi_f2uiz
                0x0000000000008df8                __fixunssfsi
 .text._getpid  0x0000000000008e38       0x10 /usr/local/gcc_arm/bin/../lib/gcc/arm-none-eabi/5.2.1/../../../../arm-none-eabi/lib/armv7-m/libnosys.a(getpid.o)
                0x0000000000008e38                _getpid
 .text._kill    0x0000000000008e48       0x10 /usr/local/gcc_arm/bin/../lib/gcc/arm-none-eabi/5.2.1/../../../../arm-none-eabi/lib/armv7-m/libnosys.a(kill.o)
                0x0000000000008e48                _kill
 *(.init)
 .init          0x0000000000008e58        0x4 /usr/local/gcc_arm/bin/../lib/gcc/arm-none-eabi/5.2.1/armv7-m/crti.o
                0x0000000000008e58                _init
 .init          0x0000000000008e5c        0x8 /usr/local/gcc_arm/bin/../lib/gcc/arm-none-eabi/5.2.1/armv7-m/crtn.o
 *(.fini)
 .fini          0x0000000000008e64        0x4 /usr/local/gcc_arm/bin/../lib/gcc/arm-none-eabi/5.2.1/armv7-m/crti.o
                0x0000000000008e64                _fini
 .fini          0x0000000000008e68        0x8 /usr/local/gcc_arm/bin/../lib/gcc/arm-none-eabi/5.2.1/armv7-m/crtn.o
 *crtbegin.o(.ctors)
 *crtbegin?.o(.ctors)
 *(EXCLUDE_FILE(*crtend.o *crtend?.o) .ctors)
 *(SORT(.ctors.*))
 *(.ctors)
 *crtbegin.o(.dtors)
 *crtbegin?.o(.dtors)
 *(EXCLUDE_FILE(*crtend.o *crtend?.o) .dtors)
 *(SORT(.dtors.*))
 *(.dtors)
 *(.rodata*)
 .rodata.str1.1
                0x0000000000008e70       0x7f main.o
 .rodata.str1.1
                0x0000000000008eef      0x22f MMA8452/MMA8452.o
 *fill*         0x000000000000911e        0x2 
 .rodata.str1.4
                0x0000000000009120       0x80 mbed/TARGET_LPC1768/TOOLCHAIN_GCC_ARM/board.o
 .rodata.__stdin_name
                0x00000000000091a0        0x7 mbed/TARGET_LPC1768/TOOLCHAIN_GCC_ARM/retarget.o
                0x00000000000091a0                __stdin_name
 *fill*         0x00000000000091a7        0x1 
 .rodata.__stderr_name
                0x00000000000091a8        0x8 mbed/TARGET_LPC1768/TOOLCHAIN_GCC_ARM/retarget.o
                0x00000000000091a8                __stderr_name
 .rodata.__stdout_name
                0x00000000000091b0        0x8 mbed/TARGET_LPC1768/TOOLCHAIN_GCC_ARM/retarget.o
                0x00000000000091b0                __stdout_name
 .rodata._ZTVN4mbed10FileHandleE
                0x00000000000091b8       0x2c mbed/TARGET_LPC1768/TOOLCHAIN_GCC_ARM/retarget.o
                0x00000000000091b8                vtable for mbed::FileHandle
 .rodata.str1.4
                0x00000000000091e4        0xe mbed/TARGET_LPC1768/TOOLCHAIN_GCC_ARM/retarget.o
 *fill*         0x00000000000091f2        0x2 
 .rodata.PinMap_PWM
                0x00000000000091f4       0xb4 ./mbed/TARGET_LPC1768/TOOLCHAIN_GCC_ARM/libmbed.a(pwmout_api.o)
 .rodata.str1.4
                0x00000000000092a8       0x7c ./mbed/TARGET_LPC1768/TOOLCHAIN_GCC_ARM/libmbed.a(pwmout_api.o)
 .rodata.PinMap_UART_RTS
                0x0000000000009324       0x24 ./mbed/TARGET_LPC1768/TOOLCHAIN_GCC_ARM/libmbed.a(serial_api.o)
 .rodata.CSWTCH.24
                0x0000000000009348       0x10 ./mbed/TARGET_LPC1768/TOOLCHAIN_GCC_ARM/libmbed.a(serial_api.o)
 .rodata.PinMap_UART_RX
                0x0000000000009358       0x6c ./mbed/TARGET_LPC1768/TOOLCHAIN_GCC_ARM/libmbed.a(serial_api.o)
 .rodata.str1.4
                0x00000000000093c4      0x164 ./mbed/TARGET_LPC1768/TOOLCHAIN_GCC_ARM/libmbed.a(serial_api.o)
 .rodata.PinMap_UART_TX
                0x0000000000009528       0x6c ./mbed/TARGET_LPC1768/TOOLCHAIN_GCC_ARM/libmbed.a(serial_api.o)
 .rodata.PinMap_UART_CTS
                0x0000000000009594       0x24 ./mbed/TARGET_LPC1768/TOOLCHAIN_GCC_ARM/libmbed.a(serial_api.o)
 .rodata._ZTVN4mbed8FileBaseE
                0x00000000000095b8       0x10 ./mbed/TARGET_LPC1768/TOOLCHAIN_GCC_ARM/libmbed.a(FileBase.o)
                0x00000000000095b8                vtable for mbed::FileBase
 .rodata._ZTVN4mbed6SerialE
                0x00000000000095c8       0x5c ./mbed/TARGET_LPC1768/TOOLCHAIN_GCC_ARM/libmbed.a(Serial.o)
                0x00000000000095c8                vtable for mbed::Serial
 *fill*         0x0000000000009624        0x4 
 .rodata._ZTVN4mbed6StreamE
                0x0000000000009628       0x44 ./mbed/TARGET_LPC1768/TOOLCHAIN_GCC_ARM/libmbed.a(Stream.o)
                0x0000000000009628                vtable for mbed::Stream
 .rodata.str1.4
                0x000000000000966c        0x3 ./mbed/TARGET_LPC1768/TOOLCHAIN_GCC_ARM/libmbed.a(Stream.o)
                                          0x7 (size before relaxing)
 *fill*         0x000000000000966f        0x1 
 .rodata._ZTVN4mbed10SerialBaseE
                0x0000000000009670       0x10 ./mbed/TARGET_LPC1768/TOOLCHAIN_GCC_ARM/libmbed.a(SerialBase.o)
                0x0000000000009670                vtable for mbed::SerialBase
 .rodata.str1.4
                0x0000000000009680       0x31 ./mbed/TARGET_LPC1768/TOOLCHAIN_GCC_ARM/libmbed.a(assert.o)
 .rodata.str1.4
                0x00000000000096b1       0x80 ./mbed/TARGET_LPC1768/TOOLCHAIN_GCC_ARM/libmbed.a(gpio.o)
 *fill*         0x00000000000096b1        0x3 
 .rodata.str1.4
                0x00000000000096b4       0x66 ./mbed/TARGET_LPC1768/TOOLCHAIN_GCC_ARM/libmbed.a(pinmap_common.o)
 *fill*         0x000000000000971a        0x2 
 .rodata.us_interface
                0x000000000000971c       0x14 ./mbed/TARGET_LPC1768/TOOLCHAIN_GCC_ARM/libmbed.a(us_ticker_api.o)
 .rodata.us_data
                0x0000000000009730        0x8 ./mbed/TARGET_LPC1768/TOOLCHAIN_GCC_ARM/libmbed.a(us_ticker_api.o)
 .rodata.str1.4
                0x0000000000009738       0x7a ./mbed/TARGET_LPC1768/TOOLCHAIN_GCC_ARM/libmbed.a(gpio_api.o)
                                         0x94 (size before relaxing)
 *fill*         0x00000000000097b2        0x2 
 .rodata.PinMap_I2C_SDA
                0x00000000000097b4       0x3c ./mbed/TARGET_LPC1768/TOOLCHAIN_GCC_ARM/libmbed.a(i2c_api.o)
 .rodata.str1.4
                0x00000000000097f0       0x79 ./mbed/TARGET_LPC1768/TOOLCHAIN_GCC_ARM/libmbed.a(i2c_api.o)
 *fill*         0x0000000000009869        0x3 
 .rodata.PinMap_I2C_SCL
                0x000000000000986c       0x3c ./mbed/TARGET_LPC1768/TOOLCHAIN_GCC_ARM/libmbed.a(i2c_api.o)
 .rodata.str1.4
                0x00000000000098a8       0x64 ./mbed/TARGET_LPC1768/TOOLCHAIN_GCC_ARM/libmbed.a(pinmap.o)
                                         0x78 (size before relaxing)
 *fill*         0x000000000000990c        0x4 
 .rodata._ZTVN4mbed8FileLikeE
                0x0000000000009910       0x3c ./mbed/TARGET_LPC1768/TOOLCHAIN_GCC_ARM/libmbed.a(FileLike.o)
                0x0000000000009910                vtable for mbed::FileLike
 .rodata.__sf_fake_stdin
                0x000000000000994c       0x20 /usr/local/gcc_arm/bin/../lib/gcc/arm-none-eabi/5.2.1/../../../../arm-none-eabi/lib/armv7-m/libc_nano.a(lib_a-findfp.o)
                0x000000000000994c                __sf_fake_stdin
 .rodata.__sf_fake_stdout
                0x000000000000996c       0x20 /usr/local/gcc_arm/bin/../lib/gcc/arm-none-eabi/5.2.1/../../../../arm-none-eabi/lib/armv7-m/libc_nano.a(lib_a-findfp.o)
                0x000000000000996c                __sf_fake_stdout
 .rodata.__sf_fake_stderr
                0x000000000000998c       0x20 /usr/local/gcc_arm/bin/../lib/gcc/arm-none-eabi/5.2.1/../../../../arm-none-eabi/lib/armv7-m/libc_nano.a(lib_a-findfp.o)
                0x000000000000998c                __sf_fake_stderr
 .rodata.str1.1
                0x00000000000099ac        0x2 /usr/local/gcc_arm/bin/../lib/gcc/arm-none-eabi/5.2.1/../../../../arm-none-eabi/lib/armv7-m/libc_nano.a(lib_a-impure.o)
 *fill*         0x00000000000099ae        0x2 
 .rodata._global_impure_ptr
                0x00000000000099b0        0x4 /usr/local/gcc_arm/bin/../lib/gcc/arm-none-eabi/5.2.1/../../../../arm-none-eabi/lib/armv7-m/libc_nano.a(lib_a-impure.o)
                0x00000000000099b0                _global_impure_ptr
 .rodata.str1.1
                0x00000000000099b4       0x11 /usr/local/gcc_arm/bin/../lib/gcc/arm-none-eabi/5.2.1/../../../../arm-none-eabi/lib/armv7-m/libc_nano.a(lib_a-nano-vfprintf.o)
 .rodata.str1.1
                0x00000000000099c5       0x10 /usr/local/gcc_arm/bin/../lib/gcc/arm-none-eabi/5.2.1/../../../../arm-none-eabi/lib/armv7-m/libc_nano.a(lib_a-nano-vfprintf_float.o)
                                         0x12 (size before relaxing)
 .rodata.str1.1
                0x00000000000099d5       0x22 /usr/local/gcc_arm/bin/../lib/gcc/arm-none-eabi/5.2.1/../../../../arm-none-eabi/lib/armv7-m/libc_nano.a(lib_a-nano-vfprintf_i.o)
 .rodata.str1.1
                0x00000000000099f7        0x5 /usr/local/gcc_arm/bin/../lib/gcc/arm-none-eabi/5.2.1/../../../../arm-none-eabi/lib/armv7-m/libc_nano.a(lib_a-nano-vfscanf_float.o)
 .rodata        0x00000000000099fc        0xc /usr/local/gcc_arm/bin/../lib/gcc/arm-none-eabi/5.2.1/../../../../arm-none-eabi/lib/armv7-m/libc_nano.a(lib_a-nano-vfscanf_i.o)
 .rodata.str1.1
                0x0000000000009a08       0x1b /usr/local/gcc_arm/bin/../lib/gcc/arm-none-eabi/5.2.1/../../../../arm-none-eabi/lib/armv7-m/libc_nano.a(lib_a-nano-vfscanf_i.o)
 *fill*         0x0000000000009a23        0x1 
 .rodata.fpinan.5407
                0x0000000000009a24       0x14 /usr/local/gcc_arm/bin/../lib/gcc/arm-none-eabi/5.2.1/../../../../arm-none-eabi/lib/armv7-m/libc_nano.a(lib_a-strtod.o)
 .rodata.str1.1
                0x0000000000009a38       0x1b /usr/local/gcc_arm/bin/../lib/gcc/arm-none-eabi/5.2.1/../../../../arm-none-eabi/lib/armv7-m/libc_nano.a(lib_a-strtod.o)
                                          0xc (size before relaxing)
 .rodata.fpi.5371
                0x0000000000009a38       0x14 /usr/local/gcc_arm/bin/../lib/gcc/arm-none-eabi/5.2.1/../../../../arm-none-eabi/lib/armv7-m/libc_nano.a(lib_a-strtod.o)
 *fill*         0x0000000000009a4c        0x4 
 .rodata.tinytens
                0x0000000000009a50       0x28 /usr/local/gcc_arm/bin/../lib/gcc/arm-none-eabi/5.2.1/../../../../arm-none-eabi/lib/armv7-m/libc_nano.a(lib_a-strtod.o)
 .rodata._ctype_
                0x0000000000009a78      0x101 /usr/local/gcc_arm/bin/../lib/gcc/arm-none-eabi/5.2.1/../../../../arm-none-eabi/lib/armv7-m/libc_nano.a(lib_a-ctype_.o)
                0x0000000000009a78                _ctype_
 .rodata.str1.1
                0x0000000000009b79        0xd /usr/local/gcc_arm/bin/../lib/gcc/arm-none-eabi/5.2.1/../../../../arm-none-eabi/lib/armv7-m/libc_nano.a(lib_a-dtoa.o)
                                          0xf (size before relaxing)
 .rodata.str1.1
                0x0000000000009b86        0x6 /usr/local/gcc_arm/bin/../lib/gcc/arm-none-eabi/5.2.1/../../../../arm-none-eabi/lib/armv7-m/libc_nano.a(lib_a-locale.o)
                                          0xb (size before relaxing)
 *fill*         0x0000000000009b8c        0x4 
 .rodata.__mprec_tens
                0x0000000000009b90       0xc8 /usr/local/gcc_arm/bin/../lib/gcc/arm-none-eabi/5.2.1/../../../../arm-none-eabi/lib/armv7-m/libc_nano.a(lib_a-mprec.o)
                0x0000000000009b90                __mprec_tens
 .rodata.p05.5414
                0x0000000000009c58        0xc /usr/local/gcc_arm/bin/../lib/gcc/arm-none-eabi/5.2.1/../../../../arm-none-eabi/lib/armv7-m/libc_nano.a(lib_a-mprec.o)
 *fill*         0x0000000000009c64        0x4 
 .rodata.__mprec_bigtens
                0x0000000000009c68       0x28 /usr/local/gcc_arm/bin/../lib/gcc/arm-none-eabi/5.2.1/../../../../arm-none-eabi/lib/armv7-m/libc_nano.a(lib_a-mprec.o)
                0x0000000000009c68                __mprec_bigtens
 .rodata.str1.1
                0x0000000000009c90       0x11 /usr/local/gcc_arm/bin/../lib/gcc/arm-none-eabi/5.2.1/../../../../arm-none-eabi/lib/armv7-m/libc_nano.a(lib_a-nano-svfprintf.o)
 .rodata.str1.1
                0x0000000000009c90        0x4 /usr/local/gcc_arm/bin/../lib/gcc/arm-none-eabi/5.2.1/../../../../arm-none-eabi/lib/armv7-m/libc_nano.a(lib_a-nano-svfscanf.o)
 *(.eh_frame*)
 .eh_frame      0x0000000000009c90        0x0 /usr/local/gcc_arm/bin/../lib/gcc/arm-none-eabi/5.2.1/armv7-m/crtbegin.o
 .eh_frame      0x0000000000009c90        0x4 /usr/local/gcc_arm/bin/../lib/gcc/arm-none-eabi/5.2.1/armv7-m/crtend.o

.glue_7         0x0000000000009c94        0x0
 .glue_7        0x0000000000009c94        0x0 linker stubs

.glue_7t        0x0000000000009c94        0x0
 .glue_7t       0x0000000000009c94        0x0 linker stubs

.vfp11_veneer   0x0000000000009c94        0x0
 .vfp11_veneer  0x0000000000009c94        0x0 linker stubs

.v4_bx          0x0000000000009c94        0x0
 .v4_bx         0x0000000000009c94        0x0 linker stubs

.iplt           0x0000000000009c94        0x0
 .iplt          0x0000000000009c94        0x0 /usr/local/gcc_arm/bin/../lib/gcc/arm-none-eabi/5.2.1/armv7-m/crtbegin.o

.ARM.extab
 *(.ARM.extab* .gnu.linkonce.armextab.*)
                0x0000000000009c94                __exidx_start = .

.ARM.exidx      0x0000000000009c94        0x8
 *(.ARM.exidx* .gnu.linkonce.armexidx.*)
 .ARM.exidx     0x0000000000009c94        0x8 /usr/local/gcc_arm/bin/../lib/gcc/arm-none-eabi/5.2.1/../../../../arm-none-eabi/lib/armv7-m/crt0.o
                0x0000000000009c9c                __exidx_end = .
                0x0000000000009c9c                __etext = .

.rel.dyn        0x0000000000009c9c        0x0
 .rel.iplt      0x0000000000009c9c        0x0 /usr/local/gcc_arm/bin/../lib/gcc/arm-none-eabi/5.2.1/armv7-m/crtbegin.o

.data           0x00000000100000c8     0x5fd4 load address 0x0000000000009c9c
                0x00000000100000c8                __data_start__ = .
                0x00000000100000c8                Image$$RW_IRAM1$$Base = .
 *(vtable)
 *(.data*)
 .data          0x00000000100000c8        0x4 /usr/local/gcc_arm/bin/../lib/gcc/arm-none-eabi/5.2.1/armv7-m/crtbegin.o
                0x00000000100000c8                __dso_handle
 .data.time_100
                0x00000000100000cc      0xeda main.o
                0x00000000100000cc                time_100
 .data.table_hp
                0x0000000010000fa6      0xeda main.o
                0x0000000010000fa6                table_hp
 .data.time_100_sim
                0x0000000010001e80     0x10d0 main.o
                0x0000000010001e80                time_100_sim
 .data.table_a_sim
                0x0000000010002f50     0x10d0 main.o
                0x0000000010002f50                table_a_sim
 .data.table_vp
                0x0000000010004020      0xeda main.o
                0x0000000010004020                table_vp
 .data.table_h_sim
                0x0000000010004efa     0x10d0 main.o
                0x0000000010004efa                table_h_sim
 *fill*         0x0000000010005fca        0x2 
 .data._ZZ5_sbrkE4heap
                0x0000000010005fcc        0x4 mbed/TARGET_LPC1768/TOOLCHAIN_GCC_ARM/retarget.o
 .data.SystemCoreClock
                0x0000000010005fd0        0x4 mbed/TARGET_LPC1768/TOOLCHAIN_GCC_ARM/system_LPC17xx.o
                0x0000000010005fd0                SystemCoreClock
 .data.PWM_MATCH
                0x0000000010005fd4       0x1c ./mbed/TARGET_LPC1768/TOOLCHAIN_GCC_ARM/libmbed.a(pwmout_api.o)
                0x0000000010005fd4                PWM_MATCH
 .data.impure_data
                0x0000000010005ff0       0x60 /usr/local/gcc_arm/bin/../lib/gcc/arm-none-eabi/5.2.1/../../../../arm-none-eabi/lib/armv7-m/libc_nano.a(lib_a-impure.o)
 .data._impure_ptr
                0x0000000010006050        0x4 /usr/local/gcc_arm/bin/../lib/gcc/arm-none-eabi/5.2.1/../../../../arm-none-eabi/lib/armv7-m/libc_nano.a(lib_a-impure.o)
                0x0000000010006050                _impure_ptr
 .data.__ctype_ptr__
                0x0000000010006054        0x4 /usr/local/gcc_arm/bin/../lib/gcc/arm-none-eabi/5.2.1/../../../../arm-none-eabi/lib/armv7-m/libc_nano.a(lib_a-ctype_.o)
                0x0000000010006054                __ctype_ptr__
 .data.lconv    0x0000000010006058       0x38 /usr/local/gcc_arm/bin/../lib/gcc/arm-none-eabi/5.2.1/../../../../arm-none-eabi/lib/armv7-m/libc_nano.a(lib_a-locale.o)
                0x0000000010006090                . = ALIGN (0x4)
                0x0000000010006090                PROVIDE (__preinit_array_start, .)
 *(.preinit_array)
                0x0000000010006090                PROVIDE (__preinit_array_end, .)
                0x0000000010006090                . = ALIGN (0x4)
                0x0000000010006090                PROVIDE (__init_array_start, .)
 *(SORT(.init_array.*))
 *(.init_array)
 .init_array    0x0000000010006090        0x4 /usr/local/gcc_arm/bin/../lib/gcc/arm-none-eabi/5.2.1/armv7-m/crtbegin.o
 .init_array    0x0000000010006094        0x4 main.o
                0x0000000010006098                PROVIDE (__init_array_end, .)
                0x0000000010006098                . = ALIGN (0x4)
                [!provide]                        PROVIDE (__fini_array_start, .)
 *(SORT(.fini_array.*))
 *(.fini_array)
 .fini_array    0x0000000010006098        0x4 /usr/local/gcc_arm/bin/../lib/gcc/arm-none-eabi/5.2.1/armv7-m/crtbegin.o
                [!provide]                        PROVIDE (__fini_array_end, .)
                0x000000001000609c                . = ALIGN (0x4)
                0x000000001000609c                __data_end__ = .

.jcr            0x000000001000609c        0x0 load address 0x000000000000fc70
 .jcr           0x000000001000609c        0x0 /usr/local/gcc_arm/bin/../lib/gcc/arm-none-eabi/5.2.1/armv7-m/crtbegin.o

.tm_clone_table
                0x000000001000609c        0x0 load address 0x000000000000fc70
 .tm_clone_table
                0x000000001000609c        0x0 /usr/local/gcc_arm/bin/../lib/gcc/arm-none-eabi/5.2.1/armv7-m/crtbegin.o
 .tm_clone_table
                0x000000001000609c        0x0 /usr/local/gcc_arm/bin/../lib/gcc/arm-none-eabi/5.2.1/armv7-m/crtend.o

.igot.plt       0x000000001000609c        0x0 load address 0x000000000000fc70
 .igot.plt      0x000000001000609c        0x0 /usr/local/gcc_arm/bin/../lib/gcc/arm-none-eabi/5.2.1/armv7-m/crtbegin.o

.bss            0x000000001000609c      0x3d4 load address 0x000000000000fc70
                0x000000001000609c                __bss_start__ = .
 *(.bss*)
 .bss           0x000000001000609c       0x1c /usr/local/gcc_arm/bin/../lib/gcc/arm-none-eabi/5.2.1/armv7-m/crtbegin.o
 .bss.inv_temp  0x00000000100060b8        0x4 main.o
                0x00000000100060b8                inv_temp
 .bss.K         0x00000000100060bc        0x4 main.o
                0x00000000100060bc                K
 .bss.A         0x00000000100060c0        0x4 main.o
                0x00000000100060c0                A
 .bss.alt_dev   0x00000000100060c4       0x58 main.o
                0x00000000100060c4                alt_dev
 .bss.servo_dev_4
                0x000000001000611c       0x14 main.o
                0x000000001000611c                servo_dev_4
 .bss.temp1     0x0000000010006130        0x4 main.o
                0x0000000010006130                temp1
 .bss.Q_Kalman  0x0000000010006134        0x4 main.o
                0x0000000010006134                Q_Kalman
 .bss.temp3     0x0000000010006138        0x4 main.o
                0x0000000010006138                temp3
 .bss.temp4     0x000000001000613c        0x4 main.o
                0x000000001000613c                temp4
 .bss.Atr       0x0000000010006140        0x4 main.o
                0x0000000010006140                Atr
 .bss.temp6     0x0000000010006144        0x4 main.o
                0x0000000010006144                temp6
 .bss.temp7     0x0000000010006148        0x4 main.o
                0x0000000010006148                temp7
 .bss.temp8     0x000000001000614c        0x4 main.o
                0x000000001000614c                temp8
 .bss.servo_dev_1
                0x0000000010006150       0x14 main.o
                0x0000000010006150                servo_dev_1
 .bss.servo_dev_2
                0x0000000010006164       0x14 main.o
                0x0000000010006164                servo_dev_2
 .bss.acc_dev   0x0000000010006178       0x18 main.o
                0x0000000010006178                acc_dev
 .bss.xvec_est  0x0000000010006190        0x4 main.o
                0x0000000010006190                xvec_est
 .bss.temp5     0x0000000010006194        0x4 main.o
                0x0000000010006194                temp5
 .bss.t_launch_s
                0x0000000010006198        0x4 main.o
                0x0000000010006198                t_launch_s
 .bss.P_minus   0x000000001000619c        0x4 main.o
                0x000000001000619c                P_minus
 .bss.P_Kalman  0x00000000100061a0        0x4 main.o
                0x00000000100061a0                P_Kalman
 .bss.x_minus   0x00000000100061a4        0x4 main.o
                0x00000000100061a4                x_minus
 .bss.temp2     0x00000000100061a8        0x4 main.o
                0x00000000100061a8                temp2
 .bss.servo_dev_3
                0x00000000100061ac       0x14 main.o
                0x00000000100061ac                servo_dev_3
 .bss.main_timer
                0x00000000100061c0       0x10 main.o
                0x00000000100061c0                main_timer
 .bss.hil_timer
                0x00000000100061d0       0x10 main.o
                0x00000000100061d0                hil_timer
 .bss.R_Kalman  0x00000000100061e0        0x4 main.o
                0x00000000100061e0                R_Kalman
 .bss.B         0x00000000100061e4        0x4 main.o
                0x00000000100061e4                B
 .bss.led1_dev  0x00000000100061e8       0x18 main.o
                0x00000000100061e8                led1_dev
 .bss.pc        0x0000000010006200       0x58 main.o
                0x0000000010006200                pc
 .bss._ZL11filehandles
                0x0000000010006258      0x100 mbed/TARGET_LPC1768/TOOLCHAIN_GCC_ARM/retarget.o
 .bss.pwm_clock_mhz
                0x0000000010006358        0x4 ./mbed/TARGET_LPC1768/TOOLCHAIN_GCC_ARM/libmbed.a(pwmout_api.o)
 .bss.stdio_uart_inited