Archive member included to satisfy reference by file (symbol)

./mbed/TARGET_LPC1768/TOOLCHAIN_GCC_ARM/libmbed.a(pwmout_api.o)
                              Servo/Servo.o (pwmout_init)
./mbed/TARGET_LPC1768/TOOLCHAIN_GCC_ARM/libmbed.a(serial_api.o)
                              mbed/TARGET_LPC1768/TOOLCHAIN_GCC_ARM/retarget.o (serial_getc)
./mbed/TARGET_LPC1768/TOOLCHAIN_GCC_ARM/libmbed.a(I2C.o)
                              MMA8452/MMA8452.o (mbed::I2C::I2C(PinName, PinName))
./mbed/TARGET_LPC1768/TOOLCHAIN_GCC_ARM/libmbed.a(FileSystemLike.o)
                              mbed/TARGET_LPC1768/TOOLCHAIN_GCC_ARM/retarget.o (mbed::FileSystemLike::opendir())
./mbed/TARGET_LPC1768/TOOLCHAIN_GCC_ARM/libmbed.a(FilePath.o)
                              mbed/TARGET_LPC1768/TOOLCHAIN_GCC_ARM/retarget.o (mbed::FilePath::FilePath(char const*))
./mbed/TARGET_LPC1768/TOOLCHAIN_GCC_ARM/libmbed.a(FileBase.o)
                              ./mbed/TARGET_LPC1768/TOOLCHAIN_GCC_ARM/libmbed.a(FileSystemLike.o) (mbed::FileBase::~FileBase())
./mbed/TARGET_LPC1768/TOOLCHAIN_GCC_ARM/libmbed.a(Timer.o)
                              main.o (mbed::Timer::Timer())
./mbed/TARGET_LPC1768/TOOLCHAIN_GCC_ARM/libmbed.a(Serial.o)
                              main.o (mbed::Serial::Serial(PinName, PinName, char const*))
./mbed/TARGET_LPC1768/TOOLCHAIN_GCC_ARM/libmbed.a(Stream.o)
                              4DGL-uLCD-SE/uLCD_4DGL_main.o (mbed::Stream::close())
./mbed/TARGET_LPC1768/TOOLCHAIN_GCC_ARM/libmbed.a(SerialBase.o)
                              ./mbed/TARGET_LPC1768/TOOLCHAIN_GCC_ARM/libmbed.a(Serial.o) (mbed::SerialBase::SerialBase(PinName, PinName))
./mbed/TARGET_LPC1768/TOOLCHAIN_GCC_ARM/libmbed.a(assert.o)
                              mbed/TARGET_LPC1768/TOOLCHAIN_GCC_ARM/board.o (mbed_assert_internal)
./mbed/TARGET_LPC1768/TOOLCHAIN_GCC_ARM/libmbed.a(error.o)
                              mbed/TARGET_LPC1768/TOOLCHAIN_GCC_ARM/retarget.o (error)
./mbed/TARGET_LPC1768/TOOLCHAIN_GCC_ARM/libmbed.a(gpio.o)
                              ./mbed/TARGET_LPC1768/TOOLCHAIN_GCC_ARM/libmbed.a(serial_api.o) (gpio_init_in)
./mbed/TARGET_LPC1768/TOOLCHAIN_GCC_ARM/libmbed.a(mbed_interface.o)
                              mbed/TARGET_LPC1768/TOOLCHAIN_GCC_ARM/retarget.o (mbed_interface_connected)
./mbed/TARGET_LPC1768/TOOLCHAIN_GCC_ARM/libmbed.a(pinmap_common.o)
                              ./mbed/TARGET_LPC1768/TOOLCHAIN_GCC_ARM/libmbed.a(pwmout_api.o) (pinmap_pinout)
./mbed/TARGET_LPC1768/TOOLCHAIN_GCC_ARM/libmbed.a(semihost_api.o)
                              mbed/TARGET_LPC1768/TOOLCHAIN_GCC_ARM/retarget.o (semihost_exit)
./mbed/TARGET_LPC1768/TOOLCHAIN_GCC_ARM/libmbed.a(ticker_api.o)
                              ./mbed/TARGET_LPC1768/TOOLCHAIN_GCC_ARM/libmbed.a(Timer.o) (ticker_read)
./mbed/TARGET_LPC1768/TOOLCHAIN_GCC_ARM/libmbed.a(us_ticker_api.o)
                              ./mbed/TARGET_LPC1768/TOOLCHAIN_GCC_ARM/libmbed.a(Timer.o) (get_us_ticker_data)
./mbed/TARGET_LPC1768/TOOLCHAIN_GCC_ARM/libmbed.a(wait_api.o)
                              4DGL-uLCD-SE/uLCD_4DGL_main.o (wait_us)
./mbed/TARGET_LPC1768/TOOLCHAIN_GCC_ARM/libmbed.a(gpio_api.o)
                              ./mbed/TARGET_LPC1768/TOOLCHAIN_GCC_ARM/libmbed.a(gpio.o) (gpio_init)
./mbed/TARGET_LPC1768/TOOLCHAIN_GCC_ARM/libmbed.a(i2c_api.o)
                              ./mbed/TARGET_LPC1768/TOOLCHAIN_GCC_ARM/libmbed.a(I2C.o) (i2c_init)
./mbed/TARGET_LPC1768/TOOLCHAIN_GCC_ARM/libmbed.a(pinmap.o)
                              ./mbed/TARGET_LPC1768/TOOLCHAIN_GCC_ARM/libmbed.a(pinmap_common.o) (pin_function)
./mbed/TARGET_LPC1768/TOOLCHAIN_GCC_ARM/libmbed.a(us_ticker.o)
                              ./mbed/TARGET_LPC1768/TOOLCHAIN_GCC_ARM/libmbed.a(us_ticker_api.o) (us_ticker_init)
./mbed/TARGET_LPC1768/TOOLCHAIN_GCC_ARM/libmbed.a(FileLike.o)
                              ./mbed/TARGET_LPC1768/TOOLCHAIN_GCC_ARM/libmbed.a(Stream.o) (mbed::FileLike::FileLike(char const*))
/usr/local/gcc_arm/bin/../lib/gcc/arm-none-eabi/5.2.1/../../../../arm-none-eabi/lib/armv7-m/libstdc++_nano.a(atexit_arm.o)
                              main.o (__aeabi_atexit)
/usr/local/gcc_arm/bin/../lib/gcc/arm-none-eabi/5.2.1/../../../../arm-none-eabi/lib/armv7-m/libstdc++_nano.a(del_op.o)
                              main.o (operator delete(void*))
/usr/local/gcc_arm/bin/../lib/gcc/arm-none-eabi/5.2.1/../../../../arm-none-eabi/lib/armv7-m/libstdc++_nano.a(new_op.o)
                              ./mbed/TARGET_LPC1768/TOOLCHAIN_GCC_ARM/libmbed.a(FileSystemLike.o) (operator new(unsigned int))
/usr/local/gcc_arm/bin/../lib/gcc/arm-none-eabi/5.2.1/../../../../arm-none-eabi/lib/armv7-m/libstdc++_nano.a(new_opv.o)
                              main.o (operator new[](unsigned int))
/usr/local/gcc_arm/bin/../lib/gcc/arm-none-eabi/5.2.1/../../../../arm-none-eabi/lib/armv7-m/libstdc++_nano.a(new_handler.o)
[...]
Memory Configuration

Name             Origin             Length             Attributes
FLASH            0x0000000000000000 0x0000000000080000 xr
RAM              0x00000000100000c8 0x0000000000007f38 xrw
USB_RAM          0x000000002007c000 0x0000000000004000 xrw
ETH_RAM          0x0000000020080000 0x0000000000004000 xrw
*default*        0x0000000000000000 0xffffffffffffffff

Linker script and memory map

LOAD /usr/local/gcc_arm/bin/../lib/gcc/arm-none-eabi/5.2.1/armv7-m/crti.o
LOAD /usr/local/gcc_arm/bin/../lib/gcc/arm-none-eabi/5.2.1/armv7-m/crtbegin.o
LOAD /usr/local/gcc_arm/bin/../lib/gcc/arm-none-eabi/5.2.1/../../../../arm-none-eabi/lib/armv7-m/crt0.o
LOAD main.o
LOAD MMA8452/MMA8452.o
LOAD 4DGL-uLCD-SE/uLCD_4DGL_main.o
LOAD 4DGL-uLCD-SE/uLCD_4DGL_Media.o
LOAD 4DGL-uLCD-SE/uLCD_4DGL_Text.o
LOAD 4DGL-uLCD-SE/uLCD_4DGL_Graphics.o
LOAD Servo/Servo.o
LOAD mbed/TARGET_LPC1768/TOOLCHAIN_GCC_ARM/board.o
LOAD mbed/TARGET_LPC1768/TOOLCHAIN_GCC_ARM/cmsis_nvic.o
LOAD mbed/TARGET_LPC1768/TOOLCHAIN_GCC_ARM/retarget.o
LOAD mbed/TARGET_LPC1768/TOOLCHAIN_GCC_ARM/startup_LPC17xx.o
LOAD mbed/TARGET_LPC1768/TOOLCHAIN_GCC_ARM/system_LPC17xx.o
LOAD ./mbed/TARGET_LPC1768/TOOLCHAIN_GCC_ARM/libmbed.a
LOAD /usr/local/gcc_arm/bin/../lib/gcc/arm-none-eabi/5.2.1/../../../../arm-none-eabi/lib/armv7-m/libstdc++_nano.a
LOAD /usr/local/gcc_arm/bin/../lib/gcc/arm-none-eabi/5.2.1/../../../../arm-none-eabi/lib/armv7-m/libsupc++_nano.a
LOAD /usr/local/gcc_arm/bin/../lib/gcc/arm-none-eabi/5.2.1/../../../../arm-none-eabi/lib/armv7-m/libm.a
LOAD /usr/local/gcc_arm/bin/../lib/gcc/arm-none-eabi/5.2.1/../../../../arm-none-eabi/lib/armv7-m/libc_nano.a
LOAD /usr/local/gcc_arm/bin/../lib/gcc/arm-none-eabi/5.2.1/armv7-m/libgcc.a
LOAD /usr/local/gcc_arm/bin/../lib/gcc/arm-none-eabi/5.2.1/../../../../arm-none-eabi/lib/armv7-m/libnosys.a
LOAD ./mbed/TARGET_LPC1768/TOOLCHAIN_GCC_ARM/libmbed.a
LOAD /usr/local/gcc_arm/bin/../lib/gcc/arm-none-eabi/5.2.1/../../../../arm-none-eabi/lib/armv7-m/libstdc++_nano.a
LOAD /usr/local/gcc_arm/bin/../lib/gcc/arm-none-eabi/5.2.1/../../../../arm-none-eabi/lib/armv7-m/libsupc++_nano.a
LOAD /usr/local/gcc_arm/bin/../lib/gcc/arm-none-eabi/5.2.1/../../../../arm-none-eabi/lib/armv7-m/libm.a
LOAD /usr/local/gcc_arm/bin/../lib/gcc/arm-none-eabi/5.2.1/../../../../arm-none-eabi/lib/armv7-m/libc_nano.a
LOAD /usr/local/gcc_arm/bin/../lib/gcc/arm-none-eabi/5.2.1/armv7-m/libgcc.a
LOAD /usr/local/gcc_arm/bin/../lib/gcc/arm-none-eabi/5.2.1/../../../../arm-none-eabi/lib/armv7-m/libnosys.a
START GROUP
LOAD /usr/local/gcc_arm/bin/../lib/gcc/arm-none-eabi/5.2.1/armv7-m/libgcc.a
LOAD /usr/local/gcc_arm/bin/../lib/gcc/arm-none-eabi/5.2.1/../../../../arm-none-eabi/lib/armv7-m/libc_nano.a
END GROUP
START GROUP
LOAD /usr/local/gcc_arm/bin/../lib/gcc/arm-none-eabi/5.2.1/armv7-m/libgcc.a
LOAD /usr/local/gcc_arm/bin/../lib/gcc/arm-none-eabi/5.2.1/../../../../arm-none-eabi/lib/armv7-m/libc_nano.a
END GROUP
LOAD /usr/local/gcc_arm/bin/../lib/gcc/arm-none-eabi/5.2.1/armv7-m/crtend.o
LOAD /usr/local/gcc_arm/bin/../lib/gcc/arm-none-eabi/5.2.1/armv7-m/crtn.o

.text           0x0000000000000000     0xa04c
 *(.isr_vector)
 .isr_vector    0x0000000000000000       0xcc mbed/TARGET_LPC1768/TOOLCHAIN_GCC_ARM/startup_LPC17xx.o
                0x0000000000000000                __isr_vector
 *(.text*)
 .text          0x00000000000000cc       0xa4 /usr/local/gcc_arm/bin/../lib/gcc/arm-none-eabi/5.2.1/armv7-m/crtbegin.o
 .text          0x0000000000000170       0x74 /usr/local/gcc_arm/bin/../lib/gcc/arm-none-eabi/5.2.1/../../../../arm-none-eabi/lib/armv7-m/crt0.o
                0x0000000000000170                _mainCRTStartup
                0x0000000000000170                _start
 .text._ZN4mbed10SerialBaseD2Ev
                0x00000000000001e4        0x2 main.o
                0x00000000000001e4                mbed::SerialBase::~SerialBase()
                0x00000000000001e4                mbed::SerialBase::~SerialBase()
 *fill*         0x00000000000001e6        0x2 
 .text._ZN4mbed6SerialD2Ev
                0x00000000000001e8       0x30 main.o
                0x00000000000001e8                mbed::Serial::~Serial()
                0x00000000000001e8                mbed::Serial::~Serial()
                0x000000000000020c                non-virtual thunk to mbed::Serial::~Serial()
                0x0000000000000212                non-virtual thunk to mbed::Serial::~Serial()
 .text._ZN4mbed10SerialBaseD0Ev
                0x0000000000000218        0xc main.o
                0x0000000000000218                mbed::SerialBase::~SerialBase()
 .text._Z17matMultiplicationiiPPfiiS0_S0_.part.3
                0x0000000000000224       0x5e main.o
 *fill*         0x0000000000000282        0x2 
 .text._Z8poll_altv
                0x0000000000000284       0xa0 main.o
                0x0000000000000284                poll_alt()
 .text._Z8poll_acchh
                0x0000000000000324       0x70 main.o
                0x0000000000000324                poll_acc(unsigned char, unsigned char)
 .text._Z14get_index_timef
                0x0000000000000394       0x58 main.o
                0x0000000000000394                get_index_time(float)
 .text._Z4signf
                0x00000000000003ec       0x28 main.o
                0x00000000000003ec                sign(float)
 *fill*         0x0000000000000414        0x4 
 .text._Z6get_hpf
                0x0000000000000418       0x2c main.o
                0x0000000000000418                get_hp(float)
 *fill*         0x0000000000000444        0x4 
 .text._Z6get_vpf
                0x0000000000000448       0x2c main.o
                0x0000000000000448                get_vp(float)
 .text._Z10controllerfff
                0x0000000000000474       0x78 main.o
                0x0000000000000474                controller(float, float, float)
 .text._Z8actuatori
                0x00000000000004ec       0x60 main.o
                0x00000000000004ec                actuator(int)
 .text._Z4initv
                0x000000000000054c      0x19c main.o
                0x000000000000054c                init()
 .text._Z22matScaleMultiplicationiiPPffS0_
                0x00000000000006e8       0x3c main.o
                0x00000000000006e8                matScaleMultiplication(int, int, float**, float, float**)
 .text._Z6matSumiiPPfS0_S0_
                0x0000000000000724       0x42 main.o
                0x0000000000000724                matSum(int, int, float**, float**, float**)
 .text._Z9transposeiiPPfS0_
                0x0000000000000766       0x2c main.o
                0x0000000000000766                transpose(int, int, float**, float**)
 .text._Z11mat2InversePPfS0_
                0x0000000000000792       0x78 main.o
                0x0000000000000792                mat2Inverse(float**, float**)
 *fill*         0x000000000000080a        0x2 
 .text._Z14state_estimateffffPfS_
                0x000000000000080c      0x2a8 main.o
                0x000000000000080c                state_estimate(float, float, float, float, float*, float*)
 .text._Z9schedulerv
                0x0000000000000ab4      0x100 main.o
                0x0000000000000ab4                scheduler()
 *fill*         0x0000000000000bb4        0x4 
 .text.startup.main
                0x0000000000000bb8       0x80 main.o
                0x0000000000000bb8                main
 .text._ZN4mbed6SerialD0Ev
                0x0000000000000c38       0x1e main.o
                0x0000000000000c38                mbed::Serial::~Serial()
                0x0000000000000c4a                non-virtual thunk to mbed::Serial::~Serial()
                0x0000000000000c50                non-virtual thunk to mbed::Serial::~Serial()
 *fill*         0x0000000000000c56        0x2 
 .text.startup._GLOBAL__sub_I_table_hp
                0x0000000000000c58      0x1f4 main.o
 .text._ZN7MMA8452D2Ev
                0x0000000000000e4c        0x2 MMA8452/MMA8452.o
                0x0000000000000e4c                MMA8452::~MMA8452()
                0x0000000000000e4c                MMA8452::~MMA8452()
 .text._ZN7MMA845213getCountsPerGEv
                0x0000000000000e4e       0x20 MMA8452/MMA8452.o
                0x0000000000000e4e                MMA8452::getCountsPerG()
 .text._ZN7MMA845213writeRegisterEcc
                0x0000000000000e6e       0x1e MMA8452/MMA8452.o
                0x0000000000000e6e                MMA8452::writeRegister(char, char)
 .text._ZN7MMA845217twelveBitToSignedEPc
                0x0000000000000e8c       0x18 MMA8452/MMA8452.o
                0x0000000000000e8c                MMA8452::twelveBitToSigned(char*)
 .text._ZN7MMA845212readRegisterEcPci
                0x0000000000000ea4       0x34 MMA8452/MMA8452.o
                0x0000000000000ea4                MMA8452::readRegister(char, char*, int)
 .text._ZN7MMA845210readXYZRawEPc
                0x0000000000000ed8       0x1a MMA8452/MMA8452.o
                0x0000000000000ed8                MMA8452::readXYZRaw(char*)
 .text._ZN7MMA845213readXYZCountsEPiS0_S0_
                0x0000000000000ef2       0x56 MMA8452/MMA8452.o
                0x0000000000000ef2                MMA8452::readXYZCounts(int*, int*, int*)
 .text._ZN7MMA845214readXYZGravityEPdS0_S0_
                0x0000000000000f48       0x76 MMA8452/MMA8452.o
                0x0000000000000f48                MMA8452::readXYZGravity(double*, double*, double*)
 .text._ZN7MMA845212readRegisterEcPc
                0x0000000000000fbe        0x6 MMA8452/MMA8452.o
                0x0000000000000fbe                MMA8452::readRegister(char, char*)
 .text._ZN7MMA845218logicalANDRegisterEcc
                0x0000000000000fc4       0x30 MMA8452/MMA8452.o
                0x0000000000000fc4                MMA8452::logicalANDRegister(char, char)
 .text._ZN7MMA84527standbyEv
                0x0000000000000ff4        0x8 MMA8452/MMA8452.o
                0x0000000000000ff4                MMA8452::standby()
 .text._ZN7MMA845217logicalORRegisterEcc
                0x0000000000000ffc       0x30 MMA8452/MMA8452.o
                0x0000000000000ffc                MMA8452::logicalORRegister(char, char)
 .text._ZN7MMA84528activateEv
                0x000000000000102c        0x8 MMA8452/MMA8452.o
                0x000000000000102c                MMA8452::activate()
 .text._ZN7MMA845220maskAndApplyRegisterEccci
                0x0000000000001034       0x5e MMA8452/MMA8452.o
                0x0000000000001034                MMA8452::maskAndApplyRegister(char, char, char, int)
 .text._ZN7MMA845215setDynamicRangeENS_12DynamicRangeEi
                0x0000000000001092       0x16 MMA8452/MMA8452.o
                0x0000000000001092                MMA8452::setDynamicRange(MMA8452::DynamicRange, int)
 .text._ZN7MMA845211setBitDepthENS_8BitDepthEi
                0x00000000000010a8       0x1a MMA8452/MMA8452.o
                0x00000000000010a8                MMA8452::setBitDepth(MMA8452::BitDepth, int)
 *fill*         0x00000000000010c2        0x2 
 .text._ZN7MMA8452C2E7PinNameS0_i
                0x00000000000010c4       0x70 MMA8452/MMA8452.o
                0x00000000000010c4                MMA8452::MMA8452(PinName, PinName, int)
                0x00000000000010c4                MMA8452::MMA8452(PinName, PinName, int)
 *fill*         0x0000000000001134        0x4 
 .text._ZN5Servo5writeEf
                0x0000000000001138       0xa4 Servo/Servo.o
                0x0000000000001138                Servo::write(float)
 .text._ZN5ServoC2E7PinName
                0x00000000000011dc       0x28 Servo/Servo.o
                0x00000000000011dc                Servo::Servo(PinName)
                0x00000000000011dc                Servo::Servo(PinName)
 .text._ZN5ServoaSEf
                0x0000000000001204        0xc Servo/Servo.o
                0x0000000000001204                Servo::operator=(float)
 .text.mbed_die
                0x0000000000001210      0x10c mbed/TARGET_LPC1768/TOOLCHAIN_GCC_ARM/board.o
                0x0000000000001210                mbed_die
 .text.NVIC_SetVector
                0x000000000000131c       0x3c mbed/TARGET_LPC1768/TOOLCHAIN_GCC_ARM/cmsis_nvic.o
                0x000000000000131c                NVIC_SetVector
 .text._ZN4mbed10FileHandle4flenEv
                0x0000000000001358       0x34 mbed/TARGET_LPC1768/TOOLCHAIN_GCC_ARM/retarget.o
                0x0000000000001358                mbed::FileHandle::flen()
 .text._ZL11init_serialv.part.0
                0x000000000000138c       0x18 mbed/TARGET_LPC1768/TOOLCHAIN_GCC_ARM/retarget.o
 .text._ZN4mbed10FileHandleD2Ev
                0x00000000000013a4       0x2c mbed/TARGET_LPC1768/TOOLCHAIN_GCC_ARM/retarget.o
                0x00000000000013a4                mbed::FileHandle::~FileHandle()
                0x00000000000013a4                mbed::FileHandle::~FileHandle()
 .text._open    0x00000000000013d0       0xfc mbed/TARGET_LPC1768/TOOLCHAIN_GCC_ARM/retarget.o
                0x00000000000013d0                _open
 .text._close   0x00000000000014cc       0x28 mbed/TARGET_LPC1768/TOOLCHAIN_GCC_ARM/retarget.o
                0x00000000000014cc                _close
 .text._write   0x00000000000014f4       0x4c mbed/TARGET_LPC1768/TOOLCHAIN_GCC_ARM/retarget.o
                0x00000000000014f4                _write
 .text._read    0x0000000000001540       0x44 mbed/TARGET_LPC1768/TOOLCHAIN_GCC_ARM/retarget.o
                0x0000000000001540                _read
 .text._isatty  0x0000000000001584       0x24 mbed/TARGET_LPC1768/TOOLCHAIN_GCC_ARM/retarget.o
                0x0000000000001584                _isatty
 .text._lseek   0x00000000000015a8       0x24 mbed/TARGET_LPC1768/TOOLCHAIN_GCC_ARM/retarget.o
                0x00000000000015a8                _lseek
 .text._fstat   0x00000000000015cc       0x20 mbed/TARGET_LPC1768/TOOLCHAIN_GCC_ARM/retarget.o
                0x00000000000015cc                _fstat
 .text.__cxa_pure_virtual
                0x00000000000015ec        0x8 mbed/TARGET_LPC1768/TOOLCHAIN_GCC_ARM/retarget.o
                0x00000000000015ec                __cxa_pure_virtual
 .text.mbed_main
                0x00000000000015f4        0x4 mbed/TARGET_LPC1768/TOOLCHAIN_GCC_ARM/retarget.o
                0x00000000000015f4                mbed_main
 .text.mbed_sdk_init
                0x00000000000015f8        0x4 mbed/TARGET_LPC1768/TOOLCHAIN_GCC_ARM/retarget.o
                0x00000000000015f8                mbed_sdk_init
 .text.__wrap_main
                0x00000000000015fc       0x14 mbed/TARGET_LPC1768/TOOLCHAIN_GCC_ARM/retarget.o
                0x00000000000015fc                __wrap_main
 .text._sbrk    0x0000000000001610       0x28 mbed/TARGET_LPC1768/TOOLCHAIN_GCC_ARM/retarget.o
                0x0000000000001610                _sbrk
 .text._exit    0x0000000000001638       0x30 mbed/TARGET_LPC1768/TOOLCHAIN_GCC_ARM/retarget.o
                0x0000000000001638                _exit
 .text._ZN4mbed26mbed_set_unbuffered_streamEP7__sFILE
                0x0000000000001668        0x8 mbed/TARGET_LPC1768/TOOLCHAIN_GCC_ARM/retarget.o
                0x0000000000001668                mbed::mbed_set_unbuffered_stream(__sFILE*)
 .text._ZN4mbed9mbed_getcEP7__sFILE
                0x0000000000001670        0x4 mbed/TARGET_LPC1768/TOOLCHAIN_GCC_ARM/retarget.o
                0x0000000000001670                mbed::mbed_getc(__sFILE*)
 .text          0x0000000000001674       0x44 mbed/TARGET_LPC1768/TOOLCHAIN_GCC_ARM/startup_LPC17xx.o
                0x0000000000001674                Reset_Handler
                0x00000000000016a4                NMI_Handler
                0x00000000000016a6                HardFault_Handler
                0x00000000000016a8                MemManage_Handler
                0x00000000000016aa                BusFault_Handler
                0x00000000000016ac                UsageFault_Handler
                0x00000000000016ae                SVC_Handler
                0x00000000000016b0                DebugMon_Handler
                0x00000000000016b2                PendSV_Handler
                0x00000000000016b4                SysTick_Handler
                0x00000000000016b6                TIMER3_IRQHandler
                0x00000000000016b6                UART0_IRQHandler
                0x00000000000016b6                PLL0_IRQHandler
                0x00000000000016b6                CAN_IRQHandler
                0x00000000000016b6                PLL1_IRQHandler
                0x00000000000016b6                SSP0_IRQHandler
                0x00000000000016b6                I2S_IRQHandler
                0x00000000000016b6                I2C2_IRQHandler
                0x00000000000016b6                RTC_IRQHandler
                0x00000000000016b6                TIMER0_IRQHandler
                0x00000000000016b6                SPI_IRQHandler
                0x00000000000016b6                EINT1_IRQHandler
                0x00000000000016b6                TIMER1_IRQHandler
                0x00000000000016b6                UART2_IRQHandler
                0x00000000000016b6                Default_Handler
                0x00000000000016b6                ADC_IRQHandler
                0x00000000000016b6                SSP1_IRQHandler
                0x00000000000016b6                USB_IRQHandler
                0x00000000000016b6                BOD_IRQHandler
                0x00000000000016b6                WDT_IRQHandler
                0x00000000000016b6                QEI_IRQHandler
                0x00000000000016b6                EINT0_IRQHandler
                0x00000000000016b6                DEF_IRQHandler
                0x00000000000016b6                DMA_IRQHandler
                0x00000000000016b6                UART3_IRQHandler
                0x00000000000016b6                MCPWM_IRQHandler
                0x00000000000016b6                TIMER2_IRQHandler
                0x00000000000016b6                ENET_IRQHandler
                0x00000000000016b6                RIT_IRQHandler
                0x00000000000016b6                I2C0_IRQHandler
                0x00000000000016b6                USBActivity_IRQHandler
                0x00000000000016b6                PWM1_IRQHandler
                0x00000000000016b6                I2C1_IRQHandler
                0x00000000000016b6                EINT2_IRQHandler
                0x00000000000016b6                UART1_IRQHandler
                0x00000000000016b6                EINT3_IRQHandler
                0x00000000000016b6                CANActivity_IRQHandler
 .text.SystemInit
                0x00000000000016b8       0xb8 mbed/TARGET_LPC1768/TOOLCHAIN_GCC_ARM/system_LPC17xx.o
                0x00000000000016b8                SystemInit
 .text.pwmout_write
                0x0000000000001770       0x58 ./mbed/TARGET_LPC1768/TOOLCHAIN_GCC_ARM/libmbed.a(pwmout_api.o)
                0x0000000000001770                pwmout_write
 .text.pwmout_period_us
                0x00000000000017c8       0x44 ./mbed/TARGET_LPC1768/TOOLCHAIN_GCC_ARM/libmbed.a(pwmout_api.o)
                0x00000000000017c8                pwmout_period_us
 .text.pwmout_init
                0x000000000000180c       0xac ./mbed/TARGET_LPC1768/TOOLCHAIN_GCC_ARM/libmbed.a(pwmout_api.o)
                0x000000000000180c                pwmout_init
 .text.pwmout_pulsewidth
                0x00000000000018b8       0x44 ./mbed/TARGET_LPC1768/TOOLCHAIN_GCC_ARM/libmbed.a(pwmout_api.o)
                0x00000000000018b8                pwmout_pulsewidth
 .text.uart1_irq
                0x00000000000018fc       0x60 ./mbed/TARGET_LPC1768/TOOLCHAIN_GCC_ARM/libmbed.a(serial_api.o)
                0x00000000000018fc                uart1_irq
 .text.serial_irq_set_internal
                0x000000000000195c       0xc8 ./mbed/TARGET_LPC1768/TOOLCHAIN_GCC_ARM/libmbed.a(serial_api.o)
 .text.uart3_irq
                0x0000000000001a24       0x6c ./mbed/TARGET_LPC1768/TOOLCHAIN_GCC_ARM/libmbed.a(serial_api.o)
                0x0000000000001a24                uart3_irq
 .text.uart2_irq
                0x0000000000001a90       0x64 ./mbed/TARGET_LPC1768/TOOLCHAIN_GCC_ARM/libmbed.a(serial_api.o)
                0x0000000000001a90                uart2_irq
 .text.uart0_irq
                0x0000000000001af4       0x60 ./mbed/TARGET_LPC1768/TOOLCHAIN_GCC_ARM/libmbed.a(serial_api.o)
                0x0000000000001af4                uart0_irq
 .text.serial_baud
                0x0000000000001b54      0x234 ./mbed/TARGET_LPC1768/TOOLCHAIN_GCC_ARM/libmbed.a(serial_api.o)
                0x0000000000001b54                serial_baud
 .text.serial_format
                0x0000000000001d88       0x78 ./mbed/TARGET_LPC1768/TOOLCHAIN_GCC_ARM/libmbed.a(serial_api.o)
                0x0000000000001d88                serial_format
 .text.serial_irq_handler
                0x0000000000001e00       0x20 ./mbed/TARGET_LPC1768/TOOLCHAIN_GCC_ARM/libmbed.a(serial_api.o)
                0x0000000000001e00                serial_irq_handler
 .text.serial_getc
                0x0000000000001e20       0x34 ./mbed/TARGET_LPC1768/TOOLCHAIN_GCC_ARM/libmbed.a(serial_api.o)
                0x0000000000001e20                serial_getc
 .text.serial_readable
                0x0000000000001e54        0xc ./mbed/TARGET_LPC1768/TOOLCHAIN_GCC_ARM/libmbed.a(serial_api.o)
                0x0000000000001e54                serial_readable
 .text.serial_writable
                0x0000000000001e60       0x50 ./mbed/TARGET_LPC1768/TOOLCHAIN_GCC_ARM/libmbed.a(serial_api.o)
                0x0000000000001e60                serial_writable
 .text.serial_putc
                0x0000000000001eb0       0x34 ./mbed/TARGET_LPC1768/TOOLCHAIN_GCC_ARM/libmbed.a(serial_api.o)
                0x0000000000001eb0                serial_putc
 .text.serial_set_flow_control
                0x0000000000001ee4      0x130 ./mbed/TARGET_LPC1768/TOOLCHAIN_GCC_ARM/libmbed.a(serial_api.o)
                0x0000000000001ee4                serial_set_flow_control
 .text.serial_init
                0x0000000000002014      0x1bc ./mbed/TARGET_LPC1768/TOOLCHAIN_GCC_ARM/libmbed.a(serial_api.o)
                0x0000000000002014                serial_init
 .text._ZN4mbed3I2CC2E7PinNameS1_
                0x00000000000021d0       0x20 ./mbed/TARGET_LPC1768/TOOLCHAIN_GCC_ARM/libmbed.a(I2C.o)
                0x00000000000021d0                mbed::I2C::I2C(PinName, PinName)
                0x00000000000021d0                mbed::I2C::I2C(PinName, PinName)
 .text._ZN4mbed3I2C9frequencyEi
                0x00000000000021f0       0x14 ./mbed/TARGET_LPC1768/TOOLCHAIN_GCC_ARM/libmbed.a(I2C.o)
                0x00000000000021f0                mbed::I2C::frequency(int)
 .text._ZN4mbed3I2C6aquireEv
                0x0000000000002204       0x1c ./mbed/TARGET_LPC1768/TOOLCHAIN_GCC_ARM/libmbed.a(I2C.o)
                0x0000000000002204                mbed::I2C::aquire()
 .text._ZN4mbed3I2C5writeEiPKcib
                0x0000000000002220       0x34 ./mbed/TARGET_LPC1768/TOOLCHAIN_GCC_ARM/libmbed.a(I2C.o)
                0x0000000000002220                mbed::I2C::write(int, char const*, int, bool)
 .text._ZN4mbed3I2C4readEiPcib
                0x0000000000002254       0x34 ./mbed/TARGET_LPC1768/TOOLCHAIN_GCC_ARM/libmbed.a(I2C.o)
                0x0000000000002254                mbed::I2C::read(int, char*, int, bool)
 .text._ZN4mbed8FilePathC2EPKc
                0x0000000000002288       0x54 ./mbed/TARGET_LPC1768/TOOLCHAIN_GCC_ARM/libmbed.a(FilePath.o)
                0x0000000000002288                mbed::FilePath::FilePath(char const*)
                0x0000000000002288                mbed::FilePath::FilePath(char const*)
 .text._ZN4mbed8FilePath8fileNameEv
                0x00000000000022dc        0x4 ./mbed/TARGET_LPC1768/TOOLCHAIN_GCC_ARM/libmbed.a(FilePath.o)
                0x00000000000022dc                mbed::FilePath::fileName()
 .text._ZN4mbed8FilePath10fileSystemEv
                0x00000000000022e0       0x20 ./mbed/TARGET_LPC1768/TOOLCHAIN_GCC_ARM/libmbed.a(FilePath.o)
                0x00000000000022e0                mbed::FilePath::fileSystem()
 .text._ZN4mbed8FilePath6isFileEv
                0x0000000000002300       0x14 ./mbed/TARGET_LPC1768/TOOLCHAIN_GCC_ARM/libmbed.a(FilePath.o)
                0x0000000000002300                mbed::FilePath::isFile()
 .text._ZN4mbed8FilePath4fileEv
                0x0000000000002314       0x20 ./mbed/TARGET_LPC1768/TOOLCHAIN_GCC_ARM/libmbed.a(FilePath.o)
                0x0000000000002314                mbed::FilePath::file()
 .text._ZN4mbed8FilePath6existsEv
                0x0000000000002334        0xc ./mbed/TARGET_LPC1768/TOOLCHAIN_GCC_ARM/libmbed.a(FilePath.o)
                0x0000000000002334                mbed::FilePath::exists()
 .text._ZN4mbed8FileBaseD2Ev
                0x0000000000002340       0x30 ./mbed/TARGET_LPC1768/TOOLCHAIN_GCC_ARM/libmbed.a(FileBase.o)
                0x0000000000002340                mbed::FileBase::~FileBase()
                0x0000000000002340                mbed::FileBase::~FileBase()
 .text._ZN4mbed8FileBaseD0Ev
                0x0000000000002370       0x3c ./mbed/TARGET_LPC1768/TOOLCHAIN_GCC_ARM/libmbed.a(FileBase.o)
                0x0000000000002370                mbed::FileBase::~FileBase()
 .text._ZN4mbed8FileBaseC2EPKcNS_8PathTypeE
                0x00000000000023ac       0x28 ./mbed/TARGET_LPC1768/TOOLCHAIN_GCC_ARM/libmbed.a(FileBase.o)
                0x00000000000023ac                mbed::FileBase::FileBase(char const*, mbed::PathType)
                0x00000000000023ac                mbed::FileBase::FileBase(char const*, mbed::PathType)
 .text._ZN4mbed8FileBase6lookupEPKcj
                0x00000000000023d4       0x3c ./mbed/TARGET_LPC1768/TOOLCHAIN_GCC_ARM/libmbed.a(FileBase.o)
                0x00000000000023d4                mbed::FileBase::lookup(char const*, unsigned int)
 .text._ZN4mbed8FileBase11getPathTypeEv
                0x0000000000002410        0x4 ./mbed/TARGET_LPC1768/TOOLCHAIN_GCC_ARM/libmbed.a(FileBase.o)
                0x0000000000002410                mbed::FileBase::getPathType()
 .text._ZN4mbed5Timer9slicetimeEv.part.0
                0x0000000000002414       0x10 ./mbed/TARGET_LPC1768/TOOLCHAIN_GCC_ARM/libmbed.a(Timer.o)
 .text._ZN4mbed5TimerC2Ev
                0x0000000000002424       0x20 ./mbed/TARGET_LPC1768/TOOLCHAIN_GCC_ARM/libmbed.a(Timer.o)
                0x0000000000002424                mbed::Timer::Timer()
                0x0000000000002424                mbed::Timer::Timer()
 .text._ZN4mbed5Timer5startEv
                0x0000000000002444       0x18 ./mbed/TARGET_LPC1768/TOOLCHAIN_GCC_ARM/libmbed.a(Timer.o)
                0x0000000000002444                mbed::Timer::start()
 .text._ZN4mbed5Timer4readEv
                0x000000000000245c       0x20 ./mbed/TARGET_LPC1768/TOOLCHAIN_GCC_ARM/libmbed.a(Timer.o)
                0x000000000000245c                mbed::Timer::read()
 .text._ZN4mbed5Timer5resetEv
                0x000000000000247c       0x14 ./mbed/TARGET_LPC1768/TOOLCHAIN_GCC_ARM/libmbed.a(Timer.o)
                0x000000000000247c                mbed::Timer::reset()
 .text._ZN4mbed6Serial5_getcEv
                0x0000000000002490        0x4 ./mbed/TARGET_LPC1768/TOOLCHAIN_GCC_ARM/libmbed.a(Serial.o)
                0x0000000000002490                mbed::Serial::_getc()
 .text._ZThn64_N4mbed6Serial5_getcEv
                0x0000000000002494        0x8 ./mbed/TARGET_LPC1768/TOOLCHAIN_GCC_ARM/libmbed.a(Serial.o)
                0x0000000000002494                non-virtual thunk to mbed::Serial::_getc()
 .text._ZN4mbed6Serial5_putcEi
                0x000000000000249c        0x4 ./mbed/TARGET_LPC1768/TOOLCHAIN_GCC_ARM/libmbed.a(Serial.o)
                0x000000000000249c                mbed::Serial::_putc(int)
 .text._ZThn64_N4mbed6Serial5_putcEi
                0x00000000000024a0        0x8 ./mbed/TARGET_LPC1768/TOOLCHAIN_GCC_ARM/libmbed.a(Serial.o)
                0x00000000000024a0                non-virtual thunk to mbed::Serial::_putc(int)
 .text._ZN4mbed6SerialC2E7PinNameS1_PKc
                0x00000000000024a8       0x30 ./mbed/TARGET_LPC1768/TOOLCHAIN_GCC_ARM/libmbed.a(Serial.o)
                0x00000000000024a8                mbed::Serial::Serial(PinName, PinName, char const*)
                0x00000000000024a8                mbed::Serial::Serial(PinName, PinName, char const*)
 .text._ZN4mbed6Stream5closeEv
                0x00000000000024d8        0x4 ./mbed/TARGET_LPC1768/TOOLCHAIN_GCC_ARM/libmbed.a(Stream.o)
                0x00000000000024d8                mbed::Stream::close()
 .text._ZN4mbed6Stream5writeEPKvj
                0x00000000000024dc       0x2c ./mbed/TARGET_LPC1768/TOOLCHAIN_GCC_ARM/libmbed.a(Stream.o)
                0x00000000000024dc                mbed::Stream::write(void const*, unsigned int)
 .text._ZN4mbed6Stream4readEPvj
                0x0000000000002508       0x2c ./mbed/TARGET_LPC1768/TOOLCHAIN_GCC_ARM/libmbed.a(Stream.o)
                0x0000000000002508                mbed::Stream::read(void*, unsigned int)
 .text._ZN4mbed6Stream5lseekEli
                0x0000000000002534        0x4 ./mbed/TARGET_LPC1768/TOOLCHAIN_GCC_ARM/libmbed.a(Stream.o)
                0x0000000000002534                mbed::Stream::lseek(long, int)
 .text._ZN4mbed6Stream6isattyEv
                0x0000000000002538        0x4 ./mbed/TARGET_LPC1768/TOOLCHAIN_GCC_ARM/libmbed.a(Stream.o)
                0x0000000000002538                mbed::Stream::isatty()
 .text._ZN4mbed6Stream5fsyncEv
                0x000000000000253c        0x4 ./mbed/TARGET_LPC1768/TOOLCHAIN_GCC_ARM/libmbed.a(Stream.o)
                0x000000000000253c                mbed::Stream::fsync()
 .text._ZN4mbed6Stream4flenEv
                0x0000000000002540        0x4 ./mbed/TARGET_LPC1768/TOOLCHAIN_GCC_ARM/libmbed.a(Stream.o)
                0x0000000000002540                mbed::Stream::flen()
 .text._ZN4mbed6StreamC2EPKc
                0x0000000000002544       0x44 ./mbed/TARGET_LPC1768/TOOLCHAIN_GCC_ARM/libmbed.a(Stream.o)
                0x0000000000002544                mbed::Stream::Stream(char const*)
                0x0000000000002544                mbed::Stream::Stream(char const*)
 .text._ZN4mbed6StreamD2Ev
                0x0000000000002588       0x24 ./mbed/TARGET_LPC1768/TOOLCHAIN_GCC_ARM/libmbed.a(Stream.o)
                0x0000000000002588                mbed::Stream::~Stream()
                0x0000000000002588                mbed::Stream::~Stream()
 .text._ZN4mbed6Stream4getcEv
                0x00000000000025ac       0x14 ./mbed/TARGET_LPC1768/TOOLCHAIN_GCC_ARM/libmbed.a(Stream.o)
                0x00000000000025ac                mbed::Stream::getc()
 .text._ZN4mbed6Stream6printfEPKcz
                0x00000000000025c0       0x2c ./mbed/TARGET_LPC1768/TOOLCHAIN_GCC_ARM/libmbed.a(Stream.o)
                0x00000000000025c0                mbed::Stream::printf(char const*, ...)
 .text._ZN4mbed10SerialBase12_irq_handlerEm9SerialIrq
                0x00000000000025ec       0x34 ./mbed/TARGET_LPC1768/TOOLCHAIN_GCC_ARM/libmbed.a(SerialBase.o)
                0x00000000000025ec                mbed::SerialBase::_irq_handler(unsigned long, SerialIrq)
 .text._ZN4mbed10SerialBaseC2E7PinNameS1_
                0x0000000000002620       0x3c ./mbed/TARGET_LPC1768/TOOLCHAIN_GCC_ARM/libmbed.a(SerialBase.o)
                0x0000000000002620                mbed::SerialBase::SerialBase(PinName, PinName)
                0x0000000000002620                mbed::SerialBase::SerialBase(PinName, PinName)
 .text._ZN4mbed10SerialBase8readableEv
                0x000000000000265c        0x8 ./mbed/TARGET_LPC1768/TOOLCHAIN_GCC_ARM/libmbed.a(SerialBase.o)
                0x000000000000265c                mbed::SerialBase::readable()
 .text._ZN4mbed10SerialBase10_base_getcEv
                0x0000000000002664        0x8 ./mbed/TARGET_LPC1768/TOOLCHAIN_GCC_ARM/libmbed.a(SerialBase.o)
                0x0000000000002664                mbed::SerialBase::_base_getc()
 .text._ZN4mbed10SerialBase10_base_putcEi
                0x000000000000266c       0x10 ./mbed/TARGET_LPC1768/TOOLCHAIN_GCC_ARM/libmbed.a(SerialBase.o)
                0x000000000000266c                mbed::SerialBase::_base_putc(int)
 .text.mbed_assert_internal
                0x000000000000267c       0x18 ./mbed/TARGET_LPC1768/TOOLCHAIN_GCC_ARM/libmbed.a(assert.o)
                0x000000000000267c                mbed_assert_internal
 .text.error    0x0000000000002694       0x24 ./mbed/TARGET_LPC1768/TOOLCHAIN_GCC_ARM/libmbed.a(error.o)
                0x0000000000002694                error
 .text.gpio_init_in
                0x00000000000026b8       0x24 ./mbed/TARGET_LPC1768/TOOLCHAIN_GCC_ARM/libmbed.a(gpio.o)
                0x00000000000026b8                gpio_init_in
 .text.gpio_init_out
                0x00000000000026dc       0x44 ./mbed/TARGET_LPC1768/TOOLCHAIN_GCC_ARM/libmbed.a(gpio.o)
                0x00000000000026dc                gpio_init_out
 .text.gpio_init_out_ex
                0x0000000000002720       0x54 ./mbed/TARGET_LPC1768/TOOLCHAIN_GCC_ARM/libmbed.a(gpio.o)
                0x0000000000002720                gpio_init_out_ex
 .text.mbed_interface_connected
                0x0000000000002774        0x4 ./mbed/TARGET_LPC1768/TOOLCHAIN_GCC_ARM/libmbed.a(mbed_interface.o)
                0x0000000000002774                mbed_interface_connected
 .text.pinmap_pinout
                0x0000000000002778       0x40 ./mbed/TARGET_LPC1768/TOOLCHAIN_GCC_ARM/libmbed.a(pinmap_common.o)
                0x0000000000002778                pinmap_pinout
 .text.pinmap_merge
                0x00000000000027b8       0x24 ./mbed/TARGET_LPC1768/TOOLCHAIN_GCC_ARM/libmbed.a(pinmap_common.o)
                0x00000000000027b8                pinmap_merge
 .text.pinmap_find_peripheral
                0x00000000000027dc       0x1c ./mbed/TARGET_LPC1768/TOOLCHAIN_GCC_ARM/libmbed.a(pinmap_common.o)
                0x00000000000027dc                pinmap_find_peripheral
 .text.pinmap_peripheral
                0x00000000000027f8       0x34 ./mbed/TARGET_LPC1768/TOOLCHAIN_GCC_ARM/libmbed.a(pinmap_common.o)
                0x00000000000027f8                pinmap_peripheral
 .text.semihost_exit
                0x000000000000282c       0x18 ./mbed/TARGET_LPC1768/TOOLCHAIN_GCC_ARM/libmbed.a(semihost_api.o)
                0x000000000000282c                semihost_exit
 .text.semihost_connected
                0x0000000000002844       0x10 ./mbed/TARGET_LPC1768/TOOLCHAIN_GCC_ARM/libmbed.a(semihost_api.o)
                0x0000000000002844                semihost_connected
 .text.ticker_irq_handler
                0x0000000000002854       0x4c ./mbed/TARGET_LPC1768/TOOLCHAIN_GCC_ARM/libmbed.a(ticker_api.o)
                0x0000000000002854                ticker_irq_handler
 .text.ticker_read
                0x00000000000028a0        0x8 ./mbed/TARGET_LPC1768/TOOLCHAIN_GCC_ARM/libmbed.a(ticker_api.o)
                0x00000000000028a0                ticker_read
 .text.get_us_ticker_data
                0x00000000000028a8        0x8 ./mbed/TARGET_LPC1768/TOOLCHAIN_GCC_ARM/libmbed.a(us_ticker_api.o)
                0x00000000000028a8                get_us_ticker_data
 .text.us_ticker_irq_handler
                0x00000000000028b0        0xc ./mbed/TARGET_LPC1768/TOOLCHAIN_GCC_ARM/libmbed.a(us_ticker_api.o)
                0x00000000000028b0                us_ticker_irq_handler
 .text.wait_us  0x00000000000028bc       0x18 ./mbed/TARGET_LPC1768/TOOLCHAIN_GCC_ARM/libmbed.a(wait_api.o)
                0x00000000000028bc                wait_us
 .text.wait_ms  0x00000000000028d4        0xc ./mbed/TARGET_LPC1768/TOOLCHAIN_GCC_ARM/libmbed.a(wait_api.o)
                0x00000000000028d4                wait_ms
 .text.gpio_set
                0x00000000000028e0       0x30 ./mbed/TARGET_LPC1768/TOOLCHAIN_GCC_ARM/libmbed.a(gpio_api.o)
                0x00000000000028e0                gpio_set
 .text.gpio_init
                0x0000000000002910       0x30 ./mbed/TARGET_LPC1768/TOOLCHAIN_GCC_ARM/libmbed.a(gpio_api.o)
                0x0000000000002910                gpio_init
 .text.gpio_mode
                0x0000000000002940        0x8 ./mbed/TARGET_LPC1768/TOOLCHAIN_GCC_ARM/libmbed.a(gpio_api.o)
                0x0000000000002940                gpio_mode
 .text.gpio_dir
                0x0000000000002948       0x44 ./mbed/TARGET_LPC1768/TOOLCHAIN_GCC_ARM/libmbed.a(gpio_api.o)
                0x0000000000002948                gpio_dir
 .text.i2c_init
                0x000000000000298c       0xcc ./mbed/TARGET_LPC1768/TOOLCHAIN_GCC_ARM/libmbed.a(i2c_api.o)
                0x000000000000298c                i2c_init
 .text.i2c_frequency
                0x0000000000002a58       0x18 ./mbed/TARGET_LPC1768/TOOLCHAIN_GCC_ARM/libmbed.a(i2c_api.o)
                0x0000000000002a58                i2c_frequency
 .text.i2c_read
                0x0000000000002a70      0x164 ./mbed/TARGET_LPC1768/TOOLCHAIN_GCC_ARM/libmbed.a(i2c_api.o)
                0x0000000000002a70                i2c_read
 .text.i2c_write
                0x0000000000002bd4       0xe8 ./mbed/TARGET_LPC1768/TOOLCHAIN_GCC_ARM/libmbed.a(i2c_api.o)
                0x0000000000002bd4                i2c_write
 .text.pin_function
                0x0000000000002cbc       0x50 ./mbed/TARGET_LPC1768/TOOLCHAIN_GCC_ARM/libmbed.a(pinmap.o)
                0x0000000000002cbc                pin_function
 .text.pin_mode
                0x0000000000002d0c       0x78 ./mbed/TARGET_LPC1768/TOOLCHAIN_GCC_ARM/libmbed.a(pinmap.o)
                0x0000000000002d0c                pin_mode
 .text.us_ticker_init.part.0
                0x0000000000002d84       0x64 ./mbed/TARGET_LPC1768/TOOLCHAIN_GCC_ARM/libmbed.a(us_ticker.o)
 .text.us_ticker_init
                0x0000000000002de8       0x10 ./mbed/TARGET_LPC1768/TOOLCHAIN_GCC_ARM/libmbed.a(us_ticker.o)
                0x0000000000002de8                us_ticker_init
 .text.us_ticker_read
                0x0000000000002df8       0x1c ./mbed/TARGET_LPC1768/TOOLCHAIN_GCC_ARM/libmbed.a(us_ticker.o)
                0x0000000000002df8                us_ticker_read
 .text.us_ticker_set_interrupt
                0x0000000000002e14       0x14 ./mbed/TARGET_LPC1768/TOOLCHAIN_GCC_ARM/libmbed.a(us_ticker.o)
                0x0000000000002e14                us_ticker_set_interrupt
 .text.us_ticker_disable_interrupt
                0x0000000000002e28       0x10 ./mbed/TARGET_LPC1768/TOOLCHAIN_GCC_ARM/libmbed.a(us_ticker.o)
                0x0000000000002e28                us_ticker_disable_interrupt
 .text.us_ticker_clear_interrupt
                0x0000000000002e38        0xc ./mbed/TARGET_LPC1768/TOOLCHAIN_GCC_ARM/libmbed.a(us_ticker.o)
                0x0000000000002e38                us_ticker_clear_interrupt
 .text._ZN4mbed8FileLikeC2EPKc
                0x0000000000002e44       0x28 ./mbed/TARGET_LPC1768/TOOLCHAIN_GCC_ARM/libmbed.a(FileLike.o)
                0x0000000000002e44                mbed::FileLike::FileLike(char const*)
                0x0000000000002e44                mbed::FileLike::FileLike(char const*)
 .text._ZN4mbed8FileLikeD2Ev
                0x0000000000002e6c       0x24 ./mbed/TARGET_LPC1768/TOOLCHAIN_GCC_ARM/libmbed.a(FileLike.o)
                0x0000000000002e6c                mbed::FileLike::~FileLike()
                0x0000000000002e6c                mbed::FileLike::~FileLike()
 .text.__aeabi_atexit
                0x0000000000002e90        0xa /usr/local/gcc_arm/bin/../lib/gcc/arm-none-eabi/5.2.1/../../../../arm-none-eabi/lib/armv7-m/libstdc++_nano.a(atexit_arm.o)
                0x0000000000002e90                __aeabi_atexit
 .text._ZdlPv   0x0000000000002e9a        0x4 /usr/local/gcc_arm/bin/../lib/gcc/arm-none-eabi/5.2.1/../../../../arm-none-eabi/lib/armv7-m/libstdc++_nano.a(del_op.o)
                0x0000000000002e9a                operator delete(void*)
 .text._Znwj    0x0000000000002e9e       0x22 /usr/local/gcc_arm/bin/../lib/gcc/arm-none-eabi/5.2.1/../../../../arm-none-eabi/lib/armv7-m/libstdc++_nano.a(new_op.o)
                0x0000000000002e9e                operator new(unsigned int)
 .text._Znaj    0x0000000000002ec0        0x4 /usr/local/gcc_arm/bin/../lib/gcc/arm-none-eabi/5.2.1/../../../../arm-none-eabi/lib/armv7-m/libstdc++_nano.a(new_opv.o)
                0x0000000000002ec0                operator new[](unsigned int)
 .text._ZSt15get_new_handlerv
                0x0000000000002ec4       0x10 /usr/local/gcc_arm/bin/../lib/gcc/arm-none-eabi/5.2.1/../../../../arm-none-eabi/lib/armv7-m/libstdc++_nano.a(new_handler.o)
                0x0000000000002ec4                std::get_new_handler()
 .text.abort    0x0000000000002ed4        0xe /usr/local/gcc_arm/bin/../lib/gcc/arm-none-eabi/5.2.1/../../../../arm-none-eabi/lib/armv7-m/libc_nano.a(lib_a-abort.o)
                0x0000000000002ed4                abort
 .text.abs      0x0000000000002ee2        0x8 /usr/local/gcc_arm/bin/../lib/gcc/arm-none-eabi/5.2.1/../../../../arm-none-eabi/lib/armv7-m/libc_nano.a(lib_a-abs.o)
                0x0000000000002ee2                abs
 .text.atoi     0x0000000000002eea        0x8 /usr/local/gcc_arm/bin/../lib/gcc/arm-none-eabi/5.2.1/../../../../arm-none-eabi/lib/armv7-m/libc_nano.a(lib_a-atoi.o)
                0x0000000000002eea                atoi
 *fill*         0x0000000000002ef2        0x2 
 .text.__cxa_atexit
                0x0000000000002ef4       0x1c /usr/local/gcc_arm/bin/../lib/gcc/arm-none-eabi/5.2.1/../../../../arm-none-eabi/lib/armv7-m/libc_nano.a(lib_a-cxa_atexit.o)
                0x0000000000002ef4                __cxa_atexit
 .text.__errno  0x0000000000002f10        0xc /usr/local/gcc_arm/bin/../lib/gcc/arm-none-eabi/5.2.1/../../../../arm-none-eabi/lib/armv7-m/libc_nano.a(lib_a-errno.o)
                0x0000000000002f10                __errno
 .text.exit     0x0000000000002f1c       0x28 /usr/local/gcc_arm/bin/../lib/gcc/arm-none-eabi/5.2.1/../../../../arm-none-eabi/lib/armv7-m/libc_nano.a(lib_a-exit.o)
                0x0000000000002f1c                exit
 .text._fclose_r
                0x0000000000002f44       0xa4 /usr/local/gcc_arm/bin/../lib/gcc/arm-none-eabi/5.2.1/../../../../arm-none-eabi/lib/armv7-m/libc_nano.a(lib_a-fclose.o)
                0x0000000000002f44                _fclose_r
 .text.fclose   0x0000000000002fe8       0x10 /usr/local/gcc_arm/bin/../lib/gcc/arm-none-eabi/5.2.1/../../../../arm-none-eabi/lib/armv7-m/libc_nano.a(lib_a-fclose.o)
                0x0000000000002fe8                fclose
 .text.__sflush_r
                0x0000000000002ff8      0x10c /usr/local/gcc_arm/bin/../lib/gcc/arm-none-eabi/5.2.1/../../../../arm-none-eabi/lib/armv7-m/libc_nano.a(lib_a-fflush.o)
                0x0000000000002ff8                __sflush_r
 .text._fflush_r
                0x0000000000003104       0x54 /usr/local/gcc_arm/bin/../lib/gcc/arm-none-eabi/5.2.1/../../../../arm-none-eabi/lib/armv7-m/libc_nano.a(lib_a-fflush.o)
                0x0000000000003104                _fflush_r
 .text.fflush   0x0000000000003158       0x24 /usr/local/gcc_arm/bin/../lib/gcc/arm-none-eabi/5.2.1/../../../../arm-none-eabi/lib/armv7-m/libc_nano.a(lib_a-fflush.o)
                0x0000000000003158                fflush
 .text._fgetc_r
                0x000000000000317c       0x58 /usr/local/gcc_arm/bin/../lib/gcc/arm-none-eabi/5.2.1/../../../../arm-none-eabi/lib/armv7-m/libc_nano.a(lib_a-fgetc.o)
                0x000000000000317c                _fgetc_r
 .text.fgetc    0x00000000000031d4       0x10 /usr/local/gcc_arm/bin/../lib/gcc/arm-none-eabi/5.2.1/../../../../arm-none-eabi/lib/armv7-m/libc_nano.a(lib_a-fgetc.o)
                0x00000000000031d4                fgetc
 .text._cleanup_r
                0x00000000000031e4        0xc /usr/local/gcc_arm/bin/../lib/gcc/arm-none-eabi/5.2.1/../../../../arm-none-eabi/lib/armv7-m/libc_nano.a(lib_a-findfp.o)
                0x00000000000031e4                _cleanup_r
 .text.std.isra.0
                0x00000000000031f0       0x48 /usr/local/gcc_arm/bin/../lib/gcc/arm-none-eabi/5.2.1/../../../../arm-none-eabi/lib/armv7-m/libc_nano.a(lib_a-findfp.o)
 .text.__sfmoreglue
                0x0000000000003238       0x2c /usr/local/gcc_arm/bin/../lib/gcc/arm-none-eabi/5.2.1/../../../../arm-none-eabi/lib/armv7-m/libc_nano.a(lib_a-findfp.o)
                0x0000000000003238                __sfmoreglue
 .text.__sinit  0x0000000000003264       0x60 /usr/local/gcc_arm/bin/../lib/gcc/arm-none-eabi/5.2.1/../../../../arm-none-eabi/lib/armv7-m/libc_nano.a(lib_a-findfp.o)
                0x0000000000003264                __sinit
 .text.__sfp    0x00000000000032c4       0x78 /usr/local/gcc_arm/bin/../lib/gcc/arm-none-eabi/5.2.1/../../../../arm-none-eabi/lib/armv7-m/libc_nano.a(lib_a-findfp.o)
                0x00000000000032c4                __sfp
 .text.__sfp_lock_acquire
                0x000000000000333c        0x2 /usr/local/gcc_arm/bin/../lib/gcc/arm-none-eabi/5.2.1/../../../../arm-none-eabi/lib/armv7-m/libc_nano.a(lib_a-findfp.o)
                0x000000000000333c                __sfp_lock_acquire
 .text.__sfp_lock_release
                0x000000000000333e        0x2 /usr/local/gcc_arm/bin/../lib/gcc/arm-none-eabi/5.2.1/../../../../arm-none-eabi/lib/armv7-m/libc_nano.a(lib_a-findfp.o)
                0x000000000000333e                __sfp_lock_release
 .text._fopen_r
                0x0000000000003340       0x80 /usr/local/gcc_arm/bin/../lib/gcc/arm-none-eabi/5.2.1/../../../../arm-none-eabi/lib/armv7-m/libc_nano.a(lib_a-fopen.o)
                0x0000000000003340                _fopen_r
 .text.fopen    0x00000000000033c0       0x10 /usr/local/gcc_arm/bin/../lib/gcc/arm-none-eabi/5.2.1/../../../../arm-none-eabi/lib/armv7-m/libc_nano.a(lib_a-fopen.o)
                0x00000000000033c0                fopen
 .text._fseek_r
                0x00000000000033d0        0x4 /usr/local/gcc_arm/bin/../lib/gcc/arm-none-eabi/5.2.1/../../../../arm-none-eabi/lib/armv7-m/libc_nano.a(lib_a-fseek.o)
                0x00000000000033d0                _fseek_r
 .text._fseeko_r
                0x00000000000033d4      0x118 /usr/local/gcc_arm/bin/../lib/gcc/arm-none-eabi/5.2.1/../../../../arm-none-eabi/lib/armv7-m/libc_nano.a(lib_a-fseeko.o)
                0x00000000000033d4                _fseeko_r
 .text._fwalk   0x00000000000034ec       0x38 /usr/local/gcc_arm/bin/../lib/gcc/arm-none-eabi/5.2.1/../../../../arm-none-eabi/lib/armv7-m/libc_nano.a(lib_a-fwalk.o)
                0x00000000000034ec                _fwalk
 .text._fwalk_reent
                0x0000000000003524       0x3c /usr/local/gcc_arm/bin/../lib/gcc/arm-none-eabi/5.2.1/../../../../arm-none-eabi/lib/armv7-m/libc_nano.a(lib_a-fwalk.o)
                0x0000000000003524                _fwalk_reent
 .text.__libc_init_array
                0x0000000000003560       0x4c /usr/local/gcc_arm/bin/../lib/gcc/arm-none-eabi/5.2.1/../../../../arm-none-eabi/lib/armv7-m/libc_nano.a(lib_a-init.o)
                0x0000000000003560                __libc_init_array
 .text.__smakebuf_r
                0x00000000000035ac       0x98 /usr/local/gcc_arm/bin/../lib/gcc/arm-none-eabi/5.2.1/../../../../arm-none-eabi/lib/armv7-m/libc_nano.a(lib_a-makebuf.o)
                0x00000000000035ac                __smakebuf_r
 .text.malloc   0x0000000000003644       0x10 /usr/local/gcc_arm/bin/../lib/gcc/arm-none-eabi/5.2.1/../../../../arm-none-eabi/lib/armv7-m/libc_nano.a(lib_a-malloc.o)
                0x0000000000003644                malloc
 .text.free     0x0000000000003654       0x10 /usr/local/gcc_arm/bin/../lib/gcc/arm-none-eabi/5.2.1/../../../../arm-none-eabi/lib/armv7-m/libc_nano.a(lib_a-malloc.o)
                0x0000000000003654                free
 .text.memchr   0x0000000000003664       0x1c /usr/local/gcc_arm/bin/../lib/gcc/arm-none-eabi/5.2.1/../../../../arm-none-eabi/lib/armv7-m/libc_nano.a(lib_a-memchr-stub.o)
                0x0000000000003664                memchr
 .text.memcpy   0x0000000000003680       0x16 /usr/local/gcc_arm/bin/../lib/gcc/arm-none-eabi/5.2.1/../../../../arm-none-eabi/lib/armv7-m/libc_nano.a(lib_a-memcpy-stub.o)
                0x0000000000003680                memcpy
 .text.memset   0x0000000000003696       0x10 /usr/local/gcc_arm/bin/../lib/gcc/arm-none-eabi/5.2.1/../../../../arm-none-eabi/lib/armv7-m/libc_nano.a(lib_a-memset.o)
                0x0000000000003696                memset
 *fill*         0x00000000000036a6        0x2 
 .text._free_r  0x00000000000036a8       0x88 /usr/local/gcc_arm/bin/../lib/gcc/arm-none-eabi/5.2.1/../../../../arm-none-eabi/lib/armv7-m/libc_nano.a(lib_a-nano-freer.o)
                0x00000000000036a8                _free_r
 .text._malloc_r
                0x0000000000003730       0xa8 /usr/local/gcc_arm/bin/../lib/gcc/arm-none-eabi/5.2.1/../../../../arm-none-eabi/lib/armv7-m/libc_nano.a(lib_a-nano-mallocr.o)
                0x0000000000003730                _malloc_r
 .text.__sfputc_r
                0x00000000000037d8       0x2c /usr/local/gcc_arm/bin/../lib/gcc/arm-none-eabi/5.2.1/../../../../arm-none-eabi/lib/armv7-m/libc_nano.a(lib_a-nano-vfprintf.o)
 .text.__sfputs_r
                0x0000000000003804       0x24 /usr/local/gcc_arm/bin/../lib/gcc/arm-none-eabi/5.2.1/../../../../arm-none-eabi/lib/armv7-m/libc_nano.a(lib_a-nano-vfprintf.o)
                0x0000000000003804                __sfputs_r
 .text._vfprintf_r
                0x0000000000003828      0x238 /usr/local/gcc_arm/bin/../lib/gcc/arm-none-eabi/5.2.1/../../../../arm-none-eabi/lib/armv7-m/libc_nano.a(lib_a-nano-vfprintf.o)
                0x0000000000003828                _vfiprintf_r
                0x0000000000003828                _vfprintf_r
 .text.vfprintf
                0x0000000000003a60       0x14 /usr/local/gcc_arm/bin/../lib/gcc/arm-none-eabi/5.2.1/../../../../arm-none-eabi/lib/armv7-m/libc_nano.a(lib_a-nano-vfprintf.o)
                0x0000000000003a60                vfiprintf
                0x0000000000003a60                vfprintf
 .text.__cvt    0x0000000000003a74       0xc0 /usr/local/gcc_arm/bin/../lib/gcc/arm-none-eabi/5.2.1/../../../../arm-none-eabi/lib/armv7-m/libc_nano.a(lib_a-nano-vfprintf_float.o)
                0x0000000000003a74                __cvt
 .text.__exponent
                0x0000000000003b34       0x62 /usr/local/gcc_arm/bin/../lib/gcc/arm-none-eabi/5.2.1/../../../../arm-none-eabi/lib/armv7-m/libc_nano.a(lib_a-nano-vfprintf_float.o)
                0x0000000000003b34                __exponent
 *fill*         0x0000000000003b96        0x2 
 .text._printf_float
                0x0000000000003b98      0x46c /usr/local/gcc_arm/bin/../lib/gcc/arm-none-eabi/5.2.1/../../../../arm-none-eabi/lib/armv7-m/libc_nano.a(lib_a-nano-vfprintf_float.o)
                0x0000000000003b98                _printf_float
 .text._printf_common
                0x0000000000004004       0xec /usr/local/gcc_arm/bin/../lib/gcc/arm-none-eabi/5.2.1/../../../../arm-none-eabi/lib/armv7-m/libc_nano.a(lib_a-nano-vfprintf_i.o)
                0x0000000000004004                _printf_common
 .text._printf_i
                0x00000000000040f0      0x24c /usr/local/gcc_arm/bin/../lib/gcc/arm-none-eabi/5.2.1/../../../../arm-none-eabi/lib/armv7-m/libc_nano.a(lib_a-nano-vfprintf_i.o)
                0x00000000000040f0                _printf_i
 .text._scanf_float
                0x000000000000433c      0x3b8 /usr/local/gcc_arm/bin/../lib/gcc/arm-none-eabi/5.2.1/../../../../arm-none-eabi/lib/armv7-m/libc_nano.a(lib_a-nano-vfscanf_float.o)
                0x000000000000433c                _scanf_float
 .text._scanf_chars
                0x00000000000046f4       0xcc /usr/local/gcc_arm/bin/../lib/gcc/arm-none-eabi/5.2.1/../../../../arm-none-eabi/lib/armv7-m/libc_nano.a(lib_a-nano-vfscanf_i.o)
                0x00000000000046f4                _scanf_chars
 .text._scanf_i
                0x00000000000047c0      0x1e4 /usr/local/gcc_arm/bin/../lib/gcc/arm-none-eabi/5.2.1/../../../../arm-none-eabi/lib/armv7-m/libc_nano.a(lib_a-nano-vfscanf_i.o)
                0x00000000000047c0                _scanf_i
 .text._open_r  0x00000000000049a4       0x24 /usr/local/gcc_arm/bin/../lib/gcc/arm-none-eabi/5.2.1/../../../../arm-none-eabi/lib/armv7-m/libc_nano.a(lib_a-openr.o)
                0x00000000000049a4                _open_r
 .text.lflush   0x00000000000049c8       0x12 /usr/local/gcc_arm/bin/../lib/gcc/arm-none-eabi/5.2.1/../../../../arm-none-eabi/lib/armv7-m/libc_nano.a(lib_a-refill.o)
 *fill*         0x00000000000049da        0x2 
 .text.__srefill_r
                0x00000000000049dc      0x10c /usr/local/gcc_arm/bin/../lib/gcc/arm-none-eabi/5.2.1/../../../../arm-none-eabi/lib/armv7-m/libc_nano.a(lib_a-refill.o)
                0x00000000000049dc                __srefill_r
 .text.__srget_r
                0x0000000000004ae8       0x58 /usr/local/gcc_arm/bin/../lib/gcc/arm-none-eabi/5.2.1/../../../../arm-none-eabi/lib/armv7-m/libc_nano.a(lib_a-rget.o)
                0x0000000000004ae8                __srget_r
 .text.__fpclassifyd
                0x0000000000004b40       0x50 /usr/local/gcc_arm/bin/../lib/gcc/arm-none-eabi/5.2.1/../../../../arm-none-eabi/lib/armv7-m/libc_nano.a(lib_a-s_fpclassify.o)
                0x0000000000004b40                __fpclassifyd
 .text._sbrk_r  0x0000000000004b90       0x20 /usr/local/gcc_arm/bin/../lib/gcc/arm-none-eabi/5.2.1/../../../../arm-none-eabi/lib/armv7-m/libc_nano.a(lib_a-sbrkr.o)
                0x0000000000004b90                _sbrk_r
 .text.__sccl   0x0000000000004bb0       0x60 /usr/local/gcc_arm/bin/../lib/gcc/arm-none-eabi/5.2.1/../../../../arm-none-eabi/lib/armv7-m/libc_nano.a(lib_a-sccl.o)
                0x0000000000004bb0                __sccl
 .text.setbuf   0x0000000000004c10       0x10 /usr/local/gcc_arm/bin/../lib/gcc/arm-none-eabi/5.2.1/../../../../arm-none-eabi/lib/armv7-m/libc_nano.a(lib_a-setbuf.o)
                0x0000000000004c10                setbuf
 .text.setvbuf  0x0000000000004c20      0x110 /usr/local/gcc_arm/bin/../lib/gcc/arm-none-eabi/5.2.1/../../../../arm-none-eabi/lib/armv7-m/libc_nano.a(lib_a-setvbuf.o)
                0x0000000000004c20                setvbuf
 .text.nanf     0x0000000000004d30        0x8 /usr/local/gcc_arm/bin/../lib/gcc/arm-none-eabi/5.2.1/../../../../arm-none-eabi/lib/armv7-m/libc_nano.a(lib_a-sf_nan.o)
                0x0000000000004d30                nanf
 .text._raise_r
                0x0000000000004d38       0x54 /usr/local/gcc_arm/bin/../lib/gcc/arm-none-eabi/5.2.1/../../../../arm-none-eabi/lib/armv7-m/libc_nano.a(lib_a-signal.o)
                0x0000000000004d38                _raise_r
 .text.raise    0x0000000000004d8c       0x10 /usr/local/gcc_arm/bin/../lib/gcc/arm-none-eabi/5.2.1/../../../../arm-none-eabi/lib/armv7-m/libc_nano.a(lib_a-signal.o)
                0x0000000000004d8c                raise
 .text._kill_r  0x0000000000004d9c       0x24 /usr/local/gcc_arm/bin/../lib/gcc/arm-none-eabi/5.2.1/../../../../arm-none-eabi/lib/armv7-m/libc_nano.a(lib_a-signalr.o)
                0x0000000000004d9c                _kill_r
 .text._getpid_r
                0x0000000000004dc0        0x4 /usr/local/gcc_arm/bin/../lib/gcc/arm-none-eabi/5.2.1/../../../../arm-none-eabi/lib/armv7-m/libc_nano.a(lib_a-signalr.o)
                0x0000000000004dc0                _getpid_r
 .text.sprintf  0x0000000000004dc4       0x48 /usr/local/gcc_arm/bin/../lib/gcc/arm-none-eabi/5.2.1/../../../../arm-none-eabi/lib/armv7-m/libc_nano.a(lib_a-sprintf.o)
                0x0000000000004dc4                sprintf
                0x0000000000004dc4                siprintf
 .text.sscanf   0x0000000000004e0c       0x54 /usr/local/gcc_arm/bin/../lib/gcc/arm-none-eabi/5.2.1/../../../../arm-none-eabi/lib/armv7-m/libc_nano.a(lib_a-sscanf.o)
                0x0000000000004e0c                sscanf
                0x0000000000004e0c                siscanf
 .text.__sread  0x0000000000004e60       0x22 /usr/local/gcc_arm/bin/../lib/gcc/arm-none-eabi/5.2.1/../../../../arm-none-eabi/lib/armv7-m/libc_nano.a(lib_a-stdio.o)
                0x0000000000004e60                __sread
 .text.__seofread
                0x0000000000004e82        0x4 /usr/local/gcc_arm/bin/../lib/gcc/arm-none-eabi/5.2.1/../../../../arm-none-eabi/lib/armv7-m/libc_nano.a(lib_a-stdio.o)
                0x0000000000004e82                __seofread
 .text.__swrite
                0x0000000000004e86       0x38 /usr/local/gcc_arm/bin/../lib/gcc/arm-none-eabi/5.2.1/../../../../arm-none-eabi/lib/armv7-m/libc_nano.a(lib_a-stdio.o)
                0x0000000000004e86                __swrite
 .text.__sseek  0x0000000000004ebe       0x24 /usr/local/gcc_arm/bin/../lib/gcc/arm-none-eabi/5.2.1/../../../../arm-none-eabi/lib/armv7-m/libc_nano.a(lib_a-stdio.o)
                0x0000000000004ebe                __sseek
 .text.__sclose
                0x0000000000004ee2        0x8 /usr/local/gcc_arm/bin/../lib/gcc/arm-none-eabi/5.2.1/../../../../arm-none-eabi/lib/armv7-m/libc_nano.a(lib_a-stdio.o)
                0x0000000000004ee2                __sclose
 .text          0x0000000000004eea       0x14 /usr/local/gcc_arm/bin/../lib/gcc/arm-none-eabi/5.2.1/../../../../arm-none-eabi/lib/armv7-m/libc_nano.a(lib_a-strcmp.o)
                0x0000000000004eea                strcmp
 .text          0x0000000000004efe       0x10 /usr/local/gcc_arm/bin/../lib/gcc/arm-none-eabi/5.2.1/../../../../arm-none-eabi/lib/armv7-m/libc_nano.a(lib_a-strlen.o)
                0x0000000000004efe                strlen
 .text.strncmp  0x0000000000004f0e       0x2a /usr/local/gcc_arm/bin/../lib/gcc/arm-none-eabi/5.2.1/../../../../arm-none-eabi/lib/armv7-m/libc_nano.a(lib_a-strncmp.o)
                0x0000000000004f0e                strncmp
 .text.sulp     0x0000000000004f38       0x42 /usr/local/gcc_arm/bin/../lib/gcc/arm-none-eabi/5.2.1/../../../../arm-none-eabi/lib/armv7-m/libc_nano.a(lib_a-strtod.o)
 *fill*         0x0000000000004f7a        0x6 
 .text._strtod_r
                0x0000000000004f80      0xc00 /usr/local/gcc_arm/bin/../lib/gcc/arm-none-eabi/5.2.1/../../../../arm-none-eabi/lib/armv7-m/libc_nano.a(lib_a-strtod.o)
                0x0000000000004f80                _strtod_r
 .text._strtol_r
                0x0000000000005b80      0x10c /usr/local/gcc_arm/bin/../lib/gcc/arm-none-eabi/5.2.1/../../../../arm-none-eabi/lib/armv7-m/libc_nano.a(lib_a-strtol.o)
                0x0000000000005b80                _strtol_r
 .text.strtol   0x0000000000005c8c       0x14 /usr/local/gcc_arm/bin/../lib/gcc/arm-none-eabi/5.2.1/../../../../arm-none-eabi/lib/armv7-m/libc_nano.a(lib_a-strtol.o)
                0x0000000000005c8c                strtol
 .text._strtoul_r
                0x0000000000005ca0       0xfc /usr/local/gcc_arm/bin/../lib/gcc/arm-none-eabi/5.2.1/../../../../arm-none-eabi/lib/armv7-m/libc_nano.a(lib_a-strtoul.o)
                0x0000000000005ca0                _strtoul_r
 .text.__submore
                0x0000000000005d9c       0x72 /usr/local/gcc_arm/bin/../lib/gcc/arm-none-eabi/5.2.1/../../../../arm-none-eabi/lib/armv7-m/libc_nano.a(lib_a-ungetc.o)
                0x0000000000005d9c                __submore
 *fill*         0x0000000000005e0e        0x2 
 .text.__swbuf_r
                0x0000000000005e10       0xa8 /usr/local/gcc_arm/bin/../lib/gcc/arm-none-eabi/5.2.1/../../../../arm-none-eabi/lib/armv7-m/libc_nano.a(lib_a-wbuf.o)
                0x0000000000005e10                __swbuf_r
 .text._write_r
                0x0000000000005eb8       0x24 /usr/local/gcc_arm/bin/../lib/gcc/arm-none-eabi/5.2.1/../../../../arm-none-eabi/lib/armv7-m/libc_nano.a(lib_a-writer.o)
                0x0000000000005eb8                _write_r
 .text.__swsetup_r
                0x0000000000005edc       0xd8 /usr/local/gcc_arm/bin/../lib/gcc/arm-none-eabi/5.2.1/../../../../arm-none-eabi/lib/armv7-m/libc_nano.a(lib_a-wsetup.o)
                0x0000000000005edc                __swsetup_r
 .text._close_r
                0x0000000000005fb4       0x20 /usr/local/gcc_arm/bin/../lib/gcc/arm-none-eabi/5.2.1/../../../../arm-none-eabi/lib/armv7-m/libc_nano.a(lib_a-closer.o)
                0x0000000000005fb4                _close_r
 .text.quorem   0x0000000000005fd4      0x116 /usr/local/gcc_arm/bin/../lib/gcc/arm-none-eabi/5.2.1/../../../../arm-none-eabi/lib/armv7-m/libc_nano.a(lib_a-dtoa.o)
 *fill*         0x00000000000060ea        0x6 
 .text._dtoa_r  0x00000000000060f0      0xb30 /usr/local/gcc_arm/bin/../lib/gcc/arm-none-eabi/5.2.1/../../../../arm-none-eabi/lib/armv7-m/libc_nano.a(lib_a-dtoa.o)
                0x00000000000060f0                _dtoa_r
 .text.__sflags
                0x0000000000006c20       0x6e /usr/local/gcc_arm/bin/../lib/gcc/arm-none-eabi/5.2.1/../../../../arm-none-eabi/lib/armv7-m/libc_nano.a(lib_a-flags.o)
                0x0000000000006c20                __sflags
 *fill*         0x0000000000006c8e        0x2 
 .text._fstat_r
                0x0000000000006c90       0x24 /usr/local/gcc_arm/bin/../lib/gcc/arm-none-eabi/5.2.1/../../../../arm-none-eabi/lib/armv7-m/libc_nano.a(lib_a-fstatr.o)
                0x0000000000006c90                _fstat_r
 .text.rshift   0x0000000000006cb4       0x6c /usr/local/gcc_arm/bin/../lib/gcc/arm-none-eabi/5.2.1/../../../../arm-none-eabi/lib/armv7-m/libc_nano.a(lib_a-gdtoa-gethex.o)
 .text.__hexdig_fun
                0x0000000000006d20       0x2a /usr/local/gcc_arm/bin/../lib/gcc/arm-none-eabi/5.2.1/../../../../arm-none-eabi/lib/armv7-m/libc_nano.a(lib_a-gdtoa-gethex.o)
                0x0000000000006d20                __hexdig_fun
 .text.__gethex
                0x0000000000006d4a      0x43e /usr/local/gcc_arm/bin/../lib/gcc/arm-none-eabi/5.2.1/../../../../arm-none-eabi/lib/armv7-m/libc_nano.a(lib_a-gdtoa-gethex.o)
                0x0000000000006d4a                __gethex
 .text.L_shift  0x0000000000007188       0x24 /usr/local/gcc_arm/bin/../lib/gcc/arm-none-eabi/5.2.1/../../../../arm-none-eabi/lib/armv7-m/libc_nano.a(lib_a-gdtoa-hexnan.o)
 .text.__match  0x00000000000071ac       0x26 /usr/local/gcc_arm/bin/../lib/gcc/arm-none-eabi/5.2.1/../../../../arm-none-eabi/lib/armv7-m/libc_nano.a(lib_a-gdtoa-hexnan.o)
                0x00000000000071ac                __match
 .text.__hexnan
                0x00000000000071d2      0x11c /usr/local/gcc_arm/bin/../lib/gcc/arm-none-eabi/5.2.1/../../../../arm-none-eabi/lib/armv7-m/libc_nano.a(lib_a-gdtoa-hexnan.o)
                0x00000000000071d2                __hexnan
 *fill*         0x00000000000072ee        0x2 
 .text._isatty_r
                0x00000000000072f0       0x20 /usr/local/gcc_arm/bin/../lib/gcc/arm-none-eabi/5.2.1/../../../../arm-none-eabi/lib/armv7-m/libc_nano.a(lib_a-isattyr.o)
                0x00000000000072f0                _isatty_r
 .text._localeconv_r
                0x0000000000007310        0x8 /usr/local/gcc_arm/bin/../lib/gcc/arm-none-eabi/5.2.1/../../../../arm-none-eabi/lib/armv7-m/libc_nano.a(lib_a-locale.o)
                0x0000000000007310                _localeconv_r
 .text._lseek_r
                0x0000000000007318       0x24 /usr/local/gcc_arm/bin/../lib/gcc/arm-none-eabi/5.2.1/../../../../arm-none-eabi/lib/armv7-m/libc_nano.a(lib_a-lseekr.o)
                0x0000000000007318                _lseek_r
 .text.memmove  0x000000000000733c       0x36 /usr/local/gcc_arm/bin/../lib/gcc/arm-none-eabi/5.2.1/../../../../arm-none-eabi/lib/armv7-m/libc_nano.a(lib_a-memmove.o)
                0x000000000000733c                memmove
 .text._Balloc  0x0000000000007372       0x6a /usr/local/gcc_arm/bin/../lib/gcc/arm-none-eabi/5.2.1/../../../../arm-none-eabi/lib/armv7-m/libc_nano.a(lib_a-mprec.o)
                0x0000000000007372                _Balloc
 .text._Bfree   0x00000000000073dc       0x2e /usr/local/gcc_arm/bin/../lib/gcc/arm-none-eabi/5.2.1/../../../../arm-none-eabi/lib/armv7-m/libc_nano.a(lib_a-mprec.o)
                0x00000000000073dc                _Bfree
 .text.__multadd
                0x000000000000740a       0x76 /usr/local/gcc_arm/bin/../lib/gcc/arm-none-eabi/5.2.1/../../../../arm-none-eabi/lib/armv7-m/libc_nano.a(lib_a-mprec.o)
                0x000000000000740a                __multadd
 .text.__s2b    0x0000000000007480       0x7c /usr/local/gcc_arm/bin/../lib/gcc/arm-none-eabi/5.2.1/../../../../arm-none-eabi/lib/armv7-m/libc_nano.a(lib_a-mprec.o)
                0x0000000000007480                __s2b
 .text.__hi0bits
                0x00000000000074fc       0x40 /usr/local/gcc_arm/bin/../lib/gcc/arm-none-eabi/5.2.1/../../../../arm-none-eabi/lib/armv7-m/libc_nano.a(lib_a-mprec.o)
                0x00000000000074fc                __hi0bits
 .text.__lo0bits
                0x000000000000753c       0x5a /usr/local/gcc_arm/bin/../lib/gcc/arm-none-eabi/5.2.1/../../../../arm-none-eabi/lib/armv7-m/libc_nano.a(lib_a-mprec.o)
                0x000000000000753c                __lo0bits
 .text.__i2b    0x0000000000007596       0x12 /usr/local/gcc_arm/bin/../lib/gcc/arm-none-eabi/5.2.1/../../../../arm-none-eabi/lib/armv7-m/libc_nano.a(lib_a-mprec.o)
                0x0000000000007596                __i2b
 .text.__multiply
                0x00000000000075a8      0x120 /usr/local/gcc_arm/bin/../lib/gcc/arm-none-eabi/5.2.1/../../../../arm-none-eabi/lib/armv7-m/libc_nano.a(lib_a-mprec.o)
                0x00000000000075a8                __multiply
 .text.__pow5mult
                0x00000000000076c8       0x9c /usr/local/gcc_arm/bin/../lib/gcc/arm-none-eabi/5.2.1/../../../../arm-none-eabi/lib/armv7-m/libc_nano.a(lib_a-mprec.o)
                0x00000000000076c8                __pow5mult
 .text.__lshift
                0x0000000000007764       0xa2 /usr/local/gcc_arm/bin/../lib/gcc/arm-none-eabi/5.2.1/../../../../arm-none-eabi/lib/armv7-m/libc_nano.a(lib_a-mprec.o)
                0x0000000000007764                __lshift
 .text.__mcmp   0x0000000000007806       0x38 /usr/local/gcc_arm/bin/../lib/gcc/arm-none-eabi/5.2.1/../../../../arm-none-eabi/lib/armv7-m/libc_nano.a(lib_a-mprec.o)
                0x0000000000007806                __mcmp
 .text.__mdiff  0x000000000000783e       0xbe /usr/local/gcc_arm/bin/../lib/gcc/arm-none-eabi/5.2.1/../../../../arm-none-eabi/lib/armv7-m/libc_nano.a(lib_a-mprec.o)
                0x000000000000783e                __mdiff
 .text.__ulp    0x00000000000078fc       0x48 /usr/local/gcc_arm/bin/../lib/gcc/arm-none-eabi/5.2.1/../../../../arm-none-eabi/lib/armv7-m/libc_nano.a(lib_a-mprec.o)
                0x00000000000078fc                __ulp
 .text.__b2d    0x0000000000007944       0x9a /usr/local/gcc_arm/bin/../lib/gcc/arm-none-eabi/5.2.1/../../../../arm-none-eabi/lib/armv7-m/libc_nano.a(lib_a-mprec.o)
                0x0000000000007944                __b2d
 .text.__d2b    0x00000000000079de       0x9c /usr/local/gcc_arm/bin/../lib/gcc/arm-none-eabi/5.2.1/../../../../arm-none-eabi/lib/armv7-m/libc_nano.a(lib_a-mprec.o)
                0x00000000000079de                __d2b
 .text.__ratio  0x0000000000007a7a       0x50 /usr/local/gcc_arm/bin/../lib/gcc/arm-none-eabi/5.2.1/../../../../arm-none-eabi/lib/armv7-m/libc_nano.a(lib_a-mprec.o)
                0x0000000000007a7a                __ratio
 .text.__copybits
                0x0000000000007aca       0x34 /usr/local/gcc_arm/bin/../lib/gcc/arm-none-eabi/5.2.1/../../../../arm-none-eabi/lib/armv7-m/libc_nano.a(lib_a-mprec.o)
                0x0000000000007aca                __copybits
 .text.__any_on
                0x0000000000007afe       0x44 /usr/local/gcc_arm/bin/../lib/gcc/arm-none-eabi/5.2.1/../../../../arm-none-eabi/lib/armv7-m/libc_nano.a(lib_a-mprec.o)
                0x0000000000007afe                __any_on
 .text._calloc_r
                0x0000000000007b42       0x1c /usr/local/gcc_arm/bin/../lib/gcc/arm-none-eabi/5.2.1/../../../../arm-none-eabi/lib/armv7-m/libc_nano.a(lib_a-nano-callocr.o)
                0x0000000000007b42                _calloc_r
 .text._realloc_r
                0x0000000000007b5e       0x4c /usr/local/gcc_arm/bin/../lib/gcc/arm-none-eabi/5.2.1/../../../../arm-none-eabi/lib/armv7-m/libc_nano.a(lib_a-nano-reallocr.o)
                0x0000000000007b5e                _realloc_r
 .text.__ssputs_r
                0x0000000000007baa       0xb2 /usr/local/gcc_arm/bin/../lib/gcc/arm-none-eabi/5.2.1/../../../../arm-none-eabi/lib/armv7-m/libc_nano.a(lib_a-nano-svfprintf.o)
                0x0000000000007baa                __ssputs_r
 .text._svfprintf_r
                0x0000000000007c5c      0x1e8 /usr/local/gcc_arm/bin/../lib/gcc/arm-none-eabi/5.2.1/../../../../arm-none-eabi/lib/armv7-m/libc_nano.a(lib_a-nano-svfprintf.o)
                0x0000000000007c5c                _svfprintf_r
                0x0000000000007c5c                _svfiprintf_r
 .text._sungetc_r
                0x0000000000007e44       0x7c /usr/local/gcc_arm/bin/../lib/gcc/arm-none-eabi/5.2.1/../../../../arm-none-eabi/lib/armv7-m/libc_nano.a(lib_a-nano-svfscanf.o)
                0x0000000000007e44                _sungetc_r
 .text.__ssrefill_r
                0x0000000000007ec0       0x3a /usr/local/gcc_arm/bin/../lib/gcc/arm-none-eabi/5.2.1/../../../../arm-none-eabi/lib/armv7-m/libc_nano.a(lib_a-nano-svfscanf.o)
                0x0000000000007ec0                __ssrefill_r
 *fill*         0x0000000000007efa        0x2 
 .text.__ssvfscanf_r
                0x0000000000007efc      0x29c /usr/local/gcc_arm/bin/../lib/gcc/arm-none-eabi/5.2.1/../../../../arm-none-eabi/lib/armv7-m/libc_nano.a(lib_a-nano-svfscanf.o)
                0x0000000000007efc                __ssvfscanf_r
                0x0000000000007efc                __ssvfiscanf_r
 .text._read_r  0x0000000000008198       0x24 /usr/local/gcc_arm/bin/../lib/gcc/arm-none-eabi/5.2.1/../../../../arm-none-eabi/lib/armv7-m/libc_nano.a(lib_a-readr.o)
                0x0000000000008198                _read_r
 .text._malloc_usable_size_r
                0x00000000000081bc       0x14 /usr/local/gcc_arm/bin/../lib/gcc/arm-none-eabi/5.2.1/../../../../arm-none-eabi/lib/armv7-m/libc_nano.a(lib_a-nano-msizer.o)
                0x00000000000081bc                _malloc_usable_size_r
 .text          0x00000000000081d0      0x370 /usr/local/gcc_arm/bin/../lib/gcc/arm-none-eabi/5.2.1/armv7-m/libgcc.a(_arm_addsubdf3.o)
                0x00000000000081d0                __aeabi_drsub
                0x00000000000081d8                __subdf3
                0x00000000000081d8                __aeabi_dsub
                0x00000000000081dc                __aeabi_dadd
                0x00000000000081dc                __adddf3
                0x0000000000008454                __aeabi_ui2d
                0x0000000000008454                __floatunsidf
                0x0000000000008474                __floatsidf
                0x0000000000008474                __aeabi_i2d
                0x0000000000008498                __extendsfdf2
                0x0000000000008498                __aeabi_f2d
                0x00000000000084d4                __aeabi_ul2d
                0x00000000000084d4                __floatundidf
                0x00000000000084e4                __aeabi_l2d
                0x00000000000084e4                __floatdidf
 .text          0x0000000000008540      0x424 /usr/local/gcc_arm/bin/../lib/gcc/arm-none-eabi/5.2.1/armv7-m/libgcc.a(_arm_muldivdf3.o)
                0x0000000000008540                __aeabi_dmul
                0x0000000000008540                __muldf3
                0x0000000000008794                __aeabi_ddiv
                0x0000000000008794                __divdf3
 .text          0x0000000000008964      0x110 /usr/local/gcc_arm/bin/../lib/gcc/arm-none-eabi/5.2.1/armv7-m/libgcc.a(_arm_cmpdf2.o)
                0x0000000000008964                __gtdf2
                0x0000000000008964                __gedf2
                0x000000000000896c                __ltdf2
                0x000000000000896c                __ledf2
                0x0000000000008974                __eqdf2
                0x0000000000008974                __nedf2
                0x0000000000008974                __cmpdf2
                0x00000000000089f0                __aeabi_cdrcmple
                0x0000000000008a00                __aeabi_cdcmple
                0x0000000000008a00                __aeabi_cdcmpeq
                0x0000000000008a10                __aeabi_dcmpeq
                0x0000000000008a24                __aeabi_dcmplt
                0x0000000000008a38                __aeabi_dcmple
                0x0000000000008a4c                __aeabi_dcmpge
                0x0000000000008a60                __aeabi_dcmpgt
 .text          0x0000000000008a74       0x50 /usr/local/gcc_arm/bin/../lib/gcc/arm-none-eabi/5.2.1/armv7-m/libgcc.a(_arm_fixdfsi.o)
                0x0000000000008a74                __fixdfsi
                0x0000000000008a74                __aeabi_d2iz
 .text          0x0000000000008ac4       0x40 /usr/local/gcc_arm/bin/../lib/gcc/arm-none-eabi/5.2.1/armv7-m/libgcc.a(_arm_fixunsdfsi.o)
                0x0000000000008ac4                __fixunsdfsi
                0x0000000000008ac4                __aeabi_d2uiz
 .text          0x0000000000008b04       0xa0 /usr/local/gcc_arm/bin/../lib/gcc/arm-none-eabi/5.2.1/armv7-m/libgcc.a(_arm_truncdfsf2.o)
                0x0000000000008b04                __aeabi_d2f
                0x0000000000008b04                __truncdfsf2
 .text          0x0000000000008ba4      0x21c /usr/local/gcc_arm/bin/../lib/gcc/arm-none-eabi/5.2.1/armv7-m/libgcc.a(_arm_addsubsf3.o)
                0x0000000000008ba4                __aeabi_frsub
                0x0000000000008bac                __aeabi_fsub
                0x0000000000008bac                __subsf3
                0x0000000000008bb0                __aeabi_fadd
                0x0000000000008bb0                __addsf3
                0x0000000000008d10                __aeabi_ui2f
                0x0000000000008d10                __floatunsisf
                0x0000000000008d18                __floatsisf
                0x0000000000008d18                __aeabi_i2f
                0x0000000000008d34                __aeabi_ul2f
                0x0000000000008d34                __floatundisf
                0x0000000000008d44                __aeabi_l2f
                0x0000000000008d44                __floatdisf
 .text          0x0000000000008dc0      0x2a0 /usr/local/gcc_arm/bin/../lib/gcc/arm-none-eabi/5.2.1/armv7-m/libgcc.a(_arm_muldivsf3.o)
                0x0000000000008dc0                __mulsf3
                0x0000000000008dc0                __aeabi_fmul
                0x0000000000008f28                __divsf3
                0x0000000000008f28                __aeabi_fdiv
 .text          0x0000000000009060       0xec /usr/local/gcc_arm/bin/../lib/gcc/arm-none-eabi/5.2.1/armv7-m/libgcc.a(_arm_cmpsf2.o)
                0x0000000000009060                __gesf2
                0x0000000000009060                __gtsf2
                0x0000000000009068                __ltsf2
                0x0000000000009068                __lesf2
                0x0000000000009070                __nesf2
                0x0000000000009070                __eqsf2
                0x0000000000009070                __cmpsf2
                0x00000000000090d0                __aeabi_cfrcmple
                0x00000000000090d8                __aeabi_cfcmpeq
                0x00000000000090d8                __aeabi_cfcmple
                0x00000000000090e8                __aeabi_fcmpeq
                0x00000000000090fc                __aeabi_fcmplt
                0x0000000000009110                __aeabi_fcmple
                0x0000000000009124                __aeabi_fcmpge
                0x0000000000009138                __aeabi_fcmpgt
 .text          0x000000000000914c       0x4c /usr/local/gcc_arm/bin/../lib/gcc/arm-none-eabi/5.2.1/armv7-m/libgcc.a(_arm_fixsfsi.o)
                0x000000000000914c                __fixsfsi
                0x000000000000914c                __aeabi_f2iz
 .text          0x0000000000009198       0x40 /usr/local/gcc_arm/bin/../lib/gcc/arm-none-eabi/5.2.1/armv7-m/libgcc.a(_arm_fixunssfsi.o)
                0x0000000000009198                __aeabi_f2uiz
                0x0000000000009198                __fixunssfsi
 .text._getpid  0x00000000000091d8       0x10 /usr/local/gcc_arm/bin/../lib/gcc/arm-none-eabi/5.2.1/../../../../arm-none-eabi/lib/armv7-m/libnosys.a(getpid.o)
                0x00000000000091d8                _getpid
 .text._kill    0x00000000000091e8       0x10 /usr/local/gcc_arm/bin/../lib/gcc/arm-none-eabi/5.2.1/../../../../arm-none-eabi/lib/armv7-m/libnosys.a(kill.o)
                0x00000000000091e8                _kill
 *(.init)
 .init          0x00000000000091f8        0x4 /usr/local/gcc_arm/bin/../lib/gcc/arm-none-eabi/5.2.1/armv7-m/crti.o
                0x00000000000091f8                _init
 .init          0x00000000000091fc        0x8 /usr/local/gcc_arm/bin/../lib/gcc/arm-none-eabi/5.2.1/armv7-m/crtn.o
 *(.fini)
 .fini          0x0000000000009204        0x4 /usr/local/gcc_arm/bin/../lib/gcc/arm-none-eabi/5.2.1/armv7-m/crti.o
                0x0000000000009204                _fini
 .fini          0x0000000000009208        0x8 /usr/local/gcc_arm/bin/../lib/gcc/arm-none-eabi/5.2.1/armv7-m/crtn.o
 *crtbegin.o(.ctors)
 *crtbegin?.o(.ctors)
 *(EXCLUDE_FILE(*crtend.o *crtend?.o) .ctors)
 *(SORT(.ctors.*))
 *(.ctors)
 *crtbegin.o(.dtors)
 *crtbegin?.o(.dtors)
 *(EXCLUDE_FILE(*crtend.o *crtend?.o) .dtors)
 *(SORT(.dtors.*))
 *(.dtors)
 *(.rodata*)
 .rodata.str1.1
                0x0000000000009210       0x93 main.o
                                         0x97 (size before relaxing)
 .rodata.str1.1
                0x00000000000092a3      0x22f MMA8452/MMA8452.o
 *fill*         0x00000000000094d2        0x2 
 .rodata.str1.4
                0x00000000000094d4       0x80 mbed/TARGET_LPC1768/TOOLCHAIN_GCC_ARM/board.o
 .rodata.__stdin_name
                0x0000000000009554        0x7 mbed/TARGET_LPC1768/TOOLCHAIN_GCC_ARM/retarget.o
                0x0000000000009554                __stdin_name
 *fill*         0x000000000000955b        0x1 
 .rodata.__stderr_name
                0x000000000000955c        0x8 mbed/TARGET_LPC1768/TOOLCHAIN_GCC_ARM/retarget.o
                0x000000000000955c                __stderr_name
 .rodata.__stdout_name
                0x0000000000009564        0x8 mbed/TARGET_LPC1768/TOOLCHAIN_GCC_ARM/retarget.o
                0x0000000000009564                __stdout_name
 *fill*         0x000000000000956c        0x4 
 .rodata._ZTVN4mbed10FileHandleE
                0x0000000000009570       0x2c mbed/TARGET_LPC1768/TOOLCHAIN_GCC_ARM/retarget.o
                0x0000000000009570                vtable for mbed::FileHandle
 .rodata.str1.4
                0x000000000000959c        0xe mbed/TARGET_LPC1768/TOOLCHAIN_GCC_ARM/retarget.o
 *fill*         0x00000000000095aa        0x2 
 .rodata.PinMap_PWM
                0x00000000000095ac       0xb4 ./mbed/TARGET_LPC1768/TOOLCHAIN_GCC_ARM/libmbed.a(pwmout_api.o)
 .rodata.str1.4
                0x0000000000009660       0x7c ./mbed/TARGET_LPC1768/TOOLCHAIN_GCC_ARM/libmbed.a(pwmout_api.o)
 .rodata.PinMap_UART_RTS
                0x00000000000096dc       0x24 ./mbed/TARGET_LPC1768/TOOLCHAIN_GCC_ARM/libmbed.a(serial_api.o)
 .rodata.CSWTCH.24
                0x0000000000009700       0x10 ./mbed/TARGET_LPC1768/TOOLCHAIN_GCC_ARM/libmbed.a(serial_api.o)
 .rodata.PinMap_UART_RX
                0x0000000000009710       0x6c ./mbed/TARGET_LPC1768/TOOLCHAIN_GCC_ARM/libmbed.a(serial_api.o)
 .rodata.str1.4
                0x000000000000977c      0x164 ./mbed/TARGET_LPC1768/TOOLCHAIN_GCC_ARM/libmbed.a(serial_api.o)
 .rodata.PinMap_UART_TX
                0x00000000000098e0       0x6c ./mbed/TARGET_LPC1768/TOOLCHAIN_GCC_ARM/libmbed.a(serial_api.o)
 .rodata.PinMap_UART_CTS
                0x000000000000994c       0x24 ./mbed/TARGET_LPC1768/TOOLCHAIN_GCC_ARM/libmbed.a(serial_api.o)
 .rodata._ZTVN4mbed8FileBaseE
                0x0000000000009970       0x10 ./mbed/TARGET_LPC1768/TOOLCHAIN_GCC_ARM/libmbed.a(FileBase.o)
                0x0000000000009970                vtable for mbed::FileBase
 .rodata._ZTVN4mbed6SerialE
                0x0000000000009980       0x5c ./mbed/TARGET_LPC1768/TOOLCHAIN_GCC_ARM/libmbed.a(Serial.o)
                0x0000000000009980                vtable for mbed::Serial
 *fill*         0x00000000000099dc        0x4 
 .rodata._ZTVN4mbed6StreamE
                0x00000000000099e0       0x44 ./mbed/TARGET_LPC1768/TOOLCHAIN_GCC_ARM/libmbed.a(Stream.o)
                0x00000000000099e0                vtable for mbed::Stream
 .rodata.str1.4
                0x0000000000009a24        0x3 ./mbed/TARGET_LPC1768/TOOLCHAIN_GCC_ARM/libmbed.a(Stream.o)
                                          0x7 (size before relaxing)
 *fill*         0x0000000000009a27        0x1 
 .rodata._ZTVN4mbed10SerialBaseE
                0x0000000000009a28       0x10 ./mbed/TARGET_LPC1768/TOOLCHAIN_GCC_ARM/libmbed.a(SerialBase.o)
                0x0000000000009a28                vtable for mbed::SerialBase
 .rodata.str1.4
                0x0000000000009a38       0x31 ./mbed/TARGET_LPC1768/TOOLCHAIN_GCC_ARM/libmbed.a(assert.o)
 .rodata.str1.4
                0x0000000000009a69       0x80 ./mbed/TARGET_LPC1768/TOOLCHAIN_GCC_ARM/libmbed.a(gpio.o)
 *fill*         0x0000000000009a69        0x3 
 .rodata.str1.4
                0x0000000000009a6c       0x66 ./mbed/TARGET_LPC1768/TOOLCHAIN_GCC_ARM/libmbed.a(pinmap_common.o)
 *fill*         0x0000000000009ad2        0x2 
 .rodata.us_interface
                0x0000000000009ad4       0x14 ./mbed/TARGET_LPC1768/TOOLCHAIN_GCC_ARM/libmbed.a(us_ticker_api.o)
 .rodata.us_data
                0x0000000000009ae8        0x8 ./mbed/TARGET_LPC1768/TOOLCHAIN_GCC_ARM/libmbed.a(us_ticker_api.o)
 .rodata.str1.4
                0x0000000000009af0       0x7a ./mbed/TARGET_LPC1768/TOOLCHAIN_GCC_ARM/libmbed.a(gpio_api.o)
                                         0x94 (size before relaxing)
 *fill*         0x0000000000009b6a        0x2 
 .rodata.PinMap_I2C_SDA
                0x0000000000009b6c       0x3c ./mbed/TARGET_LPC1768/TOOLCHAIN_GCC_ARM/libmbed.a(i2c_api.o)
 .rodata.str1.4
                0x0000000000009ba8       0x79 ./mbed/TARGET_LPC1768/TOOLCHAIN_GCC_ARM/libmbed.a(i2c_api.o)
 *fill*         0x0000000000009c21        0x3 
 .rodata.PinMap_I2C_SCL
                0x0000000000009c24       0x3c ./mbed/TARGET_LPC1768/TOOLCHAIN_GCC_ARM/libmbed.a(i2c_api.o)
 .rodata.str1.4
                0x0000000000009c60       0x64 ./mbed/TARGET_LPC1768/TOOLCHAIN_GCC_ARM/libmbed.a(pinmap.o)
                                         0x78 (size before relaxing)
 *fill*         0x0000000000009cc4        0x4 
 .rodata._ZTVN4mbed8FileLikeE
                0x0000000000009cc8       0x3c ./mbed/TARGET_LPC1768/TOOLCHAIN_GCC_ARM/libmbed.a(FileLike.o)
                0x0000000000009cc8                vtable for mbed::FileLike
 .rodata.__sf_fake_stdin
                0x0000000000009d04       0x20 /usr/local/gcc_arm/bin/../lib/gcc/arm-none-eabi/5.2.1/../../../../arm-none-eabi/lib/armv7-m/libc_nano.a(lib_a-findfp.o)
                0x0000000000009d04                __sf_fake_stdin
 .rodata.__sf_fake_stdout
                0x0000000000009d24       0x20 /usr/local/gcc_arm/bin/../lib/gcc/arm-none-eabi/5.2.1/../../../../arm-none-eabi/lib/armv7-m/libc_nano.a(lib_a-findfp.o)
                0x0000000000009d24                __sf_fake_stdout
 .rodata.__sf_fake_stderr
                0x0000000000009d44       0x20 /usr/local/gcc_arm/bin/../lib/gcc/arm-none-eabi/5.2.1/../../../../arm-none-eabi/lib/armv7-m/libc_nano.a(lib_a-findfp.o)
                0x0000000000009d44                __sf_fake_stderr
 .rodata.str1.1
                0x0000000000009d64        0x2 /usr/local/gcc_arm/bin/../lib/gcc/arm-none-eabi/5.2.1/../../../../arm-none-eabi/lib/armv7-m/libc_nano.a(lib_a-impure.o)
 *fill*         0x0000000000009d66        0x2 
 .rodata._global_impure_ptr
                0x0000000000009d68        0x4 /usr/local/gcc_arm/bin/../lib/gcc/arm-none-eabi/5.2.1/../../../../arm-none-eabi/lib/armv7-m/libc_nano.a(lib_a-impure.o)
                0x0000000000009d68                _global_impure_ptr
 .rodata.str1.1
                0x0000000000009d6c       0x11 /usr/local/gcc_arm/bin/../lib/gcc/arm-none-eabi/5.2.1/../../../../arm-none-eabi/lib/armv7-m/libc_nano.a(lib_a-nano-vfprintf.o)
 .rodata.str1.1
                0x0000000000009d7d       0x10 /usr/local/gcc_arm/bin/../lib/gcc/arm-none-eabi/5.2.1/../../../../arm-none-eabi/lib/armv7-m/libc_nano.a(lib_a-nano-vfprintf_float.o)
                                         0x12 (size before relaxing)
 .rodata.str1.1
                0x0000000000009d8d       0x22 /usr/local/gcc_arm/bin/../lib/gcc/arm-none-eabi/5.2.1/../../../../arm-none-eabi/lib/armv7-m/libc_nano.a(lib_a-nano-vfprintf_i.o)
 .rodata.str1.1
                0x0000000000009daf        0x5 /usr/local/gcc_arm/bin/../lib/gcc/arm-none-eabi/5.2.1/../../../../arm-none-eabi/lib/armv7-m/libc_nano.a(lib_a-nano-vfscanf_float.o)
 .rodata        0x0000000000009db4        0xc /usr/local/gcc_arm/bin/../lib/gcc/arm-none-eabi/5.2.1/../../../../arm-none-eabi/lib/armv7-m/libc_nano.a(lib_a-nano-vfscanf_i.o)
 .rodata.str1.1
                0x0000000000009dc0       0x1b /usr/local/gcc_arm/bin/../lib/gcc/arm-none-eabi/5.2.1/../../../../arm-none-eabi/lib/armv7-m/libc_nano.a(lib_a-nano-vfscanf_i.o)
 *fill*         0x0000000000009ddb        0x1 
 .rodata.fpinan.5407
                0x0000000000009ddc       0x14 /usr/local/gcc_arm/bin/../lib/gcc/arm-none-eabi/5.2.1/../../../../arm-none-eabi/lib/armv7-m/libc_nano.a(lib_a-strtod.o)
 .rodata.str1.1
                0x0000000000009df0       0x1b /usr/local/gcc_arm/bin/../lib/gcc/arm-none-eabi/5.2.1/../../../../arm-none-eabi/lib/armv7-m/libc_nano.a(lib_a-strtod.o)
                                          0xc (size before relaxing)
 .rodata.fpi.5371
                0x0000000000009df0       0x14 /usr/local/gcc_arm/bin/../lib/gcc/arm-none-eabi/5.2.1/../../../../arm-none-eabi/lib/armv7-m/libc_nano.a(lib_a-strtod.o)
 *fill*         0x0000000000009e04        0x4 
 .rodata.tinytens
                0x0000000000009e08       0x28 /usr/local/gcc_arm/bin/../lib/gcc/arm-none-eabi/5.2.1/../../../../arm-none-eabi/lib/armv7-m/libc_nano.a(lib_a-strtod.o)
 .rodata._ctype_
                0x0000000000009e30      0x101 /usr/local/gcc_arm/bin/../lib/gcc/arm-none-eabi/5.2.1/../../../../arm-none-eabi/lib/armv7-m/libc_nano.a(lib_a-ctype_.o)
                0x0000000000009e30                _ctype_
 .rodata.str1.1
                0x0000000000009f31        0xd /usr/local/gcc_arm/bin/../lib/gcc/arm-none-eabi/5.2.1/../../../../arm-none-eabi/lib/armv7-m/libc_nano.a(lib_a-dtoa.o)
                                          0xf (size before relaxing)
 .rodata.str1.1
                0x0000000000009f3e        0x6 /usr/local/gcc_arm/bin/../lib/gcc/arm-none-eabi/5.2.1/../../../../arm-none-eabi/lib/armv7-m/libc_nano.a(lib_a-locale.o)
                                          0xb (size before relaxing)
 *fill*         0x0000000000009f44        0x4 
 .rodata.__mprec_tens
                0x0000000000009f48       0xc8 /usr/local/gcc_arm/bin/../lib/gcc/arm-none-eabi/5.2.1/../../../../arm-none-eabi/lib/armv7-m/libc_nano.a(lib_a-mprec.o)
                0x0000000000009f48                __mprec_tens
 .rodata.p05.5414
                0x000000000000a010        0xc /usr/local/gcc_arm/bin/../lib/gcc/arm-none-eabi/5.2.1/../../../../arm-none-eabi/lib/armv7-m/libc_nano.a(lib_a-mprec.o)
 *fill*         0x000000000000a01c        0x4 
 .rodata.__mprec_bigtens
                0x000000000000a020       0x28 /usr/local/gcc_arm/bin/../lib/gcc/arm-none-eabi/5.2.1/../../../../arm-none-eabi/lib/armv7-m/libc_nano.a(lib_a-mprec.o)
                0x000000000000a020                __mprec_bigtens
 .rodata.str1.1
                0x000000000000a048       0x11 /usr/local/gcc_arm/bin/../lib/gcc/arm-none-eabi/5.2.1/../../../../arm-none-eabi/lib/armv7-m/libc_nano.a(lib_a-nano-svfprintf.o)
 .rodata.str1.1
                0x000000000000a048        0x4 /usr/local/gcc_arm/bin/../lib/gcc/arm-none-eabi/5.2.1/../../../../arm-none-eabi/lib/armv7-m/libc_nano.a(lib_a-nano-svfscanf.o)
 *(.eh_frame*)
 .eh_frame      0x000000000000a048        0x0 /usr/local/gcc_arm/bin/../lib/gcc/arm-none-eabi/5.2.1/armv7-m/crtbegin.o
 .eh_frame      0x000000000000a048        0x4 /usr/local/gcc_arm/bin/../lib/gcc/arm-none-eabi/5.2.1/armv7-m/crtend.o

.glue_7         0x000000000000a04c        0x0
 .glue_7        0x000000000000a04c        0x0 linker stubs

.glue_7t        0x000000000000a04c        0x0
 .glue_7t       0x000000000000a04c        0x0 linker stubs

.vfp11_veneer   0x000000000000a04c        0x0
 .vfp11_veneer  0x000000000000a04c        0x0 linker stubs

.v4_bx          0x000000000000a04c        0x0
 .v4_bx         0x000000000000a04c        0x0 linker stubs

.iplt           0x000000000000a04c        0x0
 .iplt          0x000000000000a04c        0x0 /usr/local/gcc_arm/bin/../lib/gcc/arm-none-eabi/5.2.1/armv7-m/crtbegin.o

.ARM.extab
 *(.ARM.extab* .gnu.linkonce.armextab.*)
                0x000000000000a04c                __exidx_start = .

.ARM.exidx      0x000000000000a04c        0x8
 *(.ARM.exidx* .gnu.linkonce.armexidx.*)
 .ARM.exidx     0x000000000000a04c        0x8 /usr/local/gcc_arm/bin/../lib/gcc/arm-none-eabi/5.2.1/../../../../arm-none-eabi/lib/armv7-m/crt0.o
                0x000000000000a054                __exidx_end = .
                0x000000000000a054                __etext = .

.rel.dyn        0x000000000000a054        0x0
 .rel.iplt      0x000000000000a054        0x0 /usr/local/gcc_arm/bin/../lib/gcc/arm-none-eabi/5.2.1/armv7-m/crtbegin.o

.data           0x00000000100000c8     0x2d64 load address 0x000000000000a054
                0x00000000100000c8                __data_start__ = .
                0x00000000100000c8                Image$$RW_IRAM1$$Base = .
 *(vtable)
 *(.data*)
 .data          0x00000000100000c8        0x4 /usr/local/gcc_arm/bin/../lib/gcc/arm-none-eabi/5.2.1/armv7-m/crtbegin.o
                0x00000000100000c8                __dso_handle
 .data.time_100
                0x00000000100000cc      0xeda main.o
                0x00000000100000cc                time_100
 .data.table_hp
                0x0000000010000fa6      0xeda main.o
                0x0000000010000fa6                table_hp
 .data.table_vp
                0x0000000010001e80      0xeda main.o
                0x0000000010001e80                table_vp
 *fill*         0x0000000010002d5a        0x2 
 .data._ZZ5_sbrkE4heap
                0x0000000010002d5c        0x4 mbed/TARGET_LPC1768/TOOLCHAIN_GCC_ARM/retarget.o
 .data.SystemCoreClock
                0x0000000010002d60        0x4 mbed/TARGET_LPC1768/TOOLCHAIN_GCC_ARM/system_LPC17xx.o
                0x0000000010002d60                SystemCoreClock
 .data.PWM_MATCH
                0x0000000010002d64       0x1c ./mbed/TARGET_LPC1768/TOOLCHAIN_GCC_ARM/libmbed.a(pwmout_api.o)
                0x0000000010002d64                PWM_MATCH
 .data.impure_data
                0x0000000010002d80       0x60 /usr/local/gcc_arm/bin/../lib/gcc/arm-none-eabi/5.2.1/../../../../arm-none-eabi/lib/armv7-m/libc_nano.a(lib_a-impure.o)
 .data._impure_ptr
                0x0000000010002de0        0x4 /usr/local/gcc_arm/bin/../lib/gcc/arm-none-eabi/5.2.1/../../../../arm-none-eabi/lib/armv7-m/libc_nano.a(lib_a-impure.o)
                0x0000000010002de0                _impure_ptr
 .data.__ctype_ptr__
                0x0000000010002de4        0x4 /usr/local/gcc_arm/bin/../lib/gcc/arm-none-eabi/5.2.1/../../../../arm-none-eabi/lib/armv7-m/libc_nano.a(lib_a-ctype_.o)
                0x0000000010002de4                __ctype_ptr__
 .data.lconv    0x0000000010002de8       0x38 /usr/local/gcc_arm/bin/../lib/gcc/arm-none-eabi/5.2.1/../../../../arm-none-eabi/lib/armv7-m/libc_nano.a(lib_a-locale.o)
                0x0000000010002e20                . = ALIGN (0x4)
                0x0000000010002e20                PROVIDE (__preinit_array_start, .)
 *(.preinit_array)
                0x0000000010002e20                PROVIDE (__preinit_array_end, .)
                0x0000000010002e20                . = ALIGN (0x4)
                0x0000000010002e20                PROVIDE (__init_array_start, .)
 *(SORT(.init_array.*))
 *(.init_array)
 .init_array    0x0000000010002e20        0x4 /usr/local/gcc_arm/bin/../lib/gcc/arm-none-eabi/5.2.1/armv7-m/crtbegin.o
 .init_array    0x0000000010002e24        0x4 main.o
                0x0000000010002e28                PROVIDE (__init_array_end, .)
                0x0000000010002e28                . = ALIGN (0x4)
                [!provide]                        PROVIDE (__fini_array_start, .)
 *(SORT(.fini_array.*))
 *(.fini_array)
 .fini_array    0x0000000010002e28        0x4 /usr/local/gcc_arm/bin/../lib/gcc/arm-none-eabi/5.2.1/armv7-m/crtbegin.o
                [!provide]                        PROVIDE (__fini_array_end, .)
                0x0000000010002e2c                . = ALIGN (0x4)
                0x0000000010002e2c                __data_end__ = .

.jcr            0x0000000010002e2c        0x0 load address 0x000000000000cdb8
 .jcr           0x0000000010002e2c        0x0 /usr/local/gcc_arm/bin/../lib/gcc/arm-none-eabi/5.2.1/armv7-m/crtbegin.o

.tm_clone_table
                0x0000000010002e2c        0x0 load address 0x000000000000cdb8
 .tm_clone_table
                0x0000000010002e2c        0x0 /usr/local/gcc_arm/bin/../lib/gcc/arm-none-eabi/5.2.1/armv7-m/crtbegin.o
 .tm_clone_table
                0x0000000010002e2c        0x0 /usr/local/gcc_arm/bin/../lib/gcc/arm-none-eabi/5.2.1/armv7-m/crtend.o

.igot.plt       0x0000000010002e2c        0x0 load address 0x000000000000cdb8
 .igot.plt      0x0000000010002e2c        0x0 /usr/local/gcc_arm/bin/../lib/gcc/arm-none-eabi/5.2.1/armv7-m/crtbegin.o

.bss            0x0000000010002e2c      0x3c4 load address 0x000000000000cdb8
                0x0000000010002e2c                __bss_start__ = .
 *(.bss*)
 .bss           0x0000000010002e2c       0x1c /usr/local/gcc_arm/bin/../lib/gcc/arm-none-eabi/5.2.1/armv7-m/crtbegin.o
 .bss.inv_temp  0x0000000010002e48        0x4 main.o
                0x0000000010002e48                inv_temp
 .bss.K         0x0000000010002e4c        0x4 main.o
                0x0000000010002e4c                K
 .bss.B         0x0000000010002e50        0x4 main.o
                0x0000000010002e50                B
 .bss.alt_dev   0x0000000010002e54       0x58 main.o
                0x0000000010002e54                alt_dev
 .bss.servo_dev_4
                0x0000000010002eac       0x14 main.o
                0x0000000010002eac                servo_dev_4
 .bss.acc_dev   0x0000000010002ec0       0x18 main.o
                0x0000000010002ec0                acc_dev
 .bss.temp2     0x0000000010002ed8        0x4 main.o
                0x0000000010002ed8                temp2
 .bss.temp3     0x0000000010002edc        0x4 main.o